warning: unused variable: `branching_factor`
  --> crates/pessimistic-proof-core/src/lmtr.rs:31:9
   |
31 |         branching_factor: usize,
   |         ^^^^^^^^^^^^^^^^ help: if this is intentional, prefix it with an underscore: `_branching_factor`
   |
   = note: `#[warn(unused_variables)]` on by default

warning: field `config` is never read
  --> crates/pessimistic-proof-core/src/sabv.rs:13:5
   |
12 | pub struct SabvAlgorithm {
   |            ------------- field in this struct
13 |     config: SabvConfig,
   |     ^^^^^^
   |
   = note: `SabvAlgorithm` has derived impls for the traits `Clone` and `Debug`, but these are intentionally ignored during dead code analysis
   = note: `#[warn(dead_code)]` on by default

warning: field `config` is never read
  --> crates/pessimistic-proof-core/src/lmtr.rs:12:5
   |
11 | pub struct LmtrAlgorithm {
   |            ------------- field in this struct
12 |     config: LmtrConfig,
   |     ^^^^^^
   |
   = note: `LmtrAlgorithm` has derived impls for the traits `Clone` and `Debug`, but these are intentionally ignored during dead code analysis

warning: `pessimistic-proof-core` (lib) generated 3 warnings
warning: unused import: `pessimistic_proof::keccak::Keccak256Hasher`
  --> crates/pessimistic-proof-test-suite/src/bin/ppgen_sabv_lmtr.rs:16:5
   |
16 | use pessimistic_proof::keccak::Keccak256Hasher;
   |     ^^^^^^^^^^^^^^^^^^^^^^^^^^^^^^^^^^^^^^^^^^
   |
   = note: `#[warn(unused_imports)]` on by default

warning: `pessimistic-proof-test-suite` (bin "ppgen_sabv_lmtr") generated 1 warning (run `cargo fix --bin "ppgen_sabv_lmtr"` to apply 1 suggestion)
    Finished `release` profile [optimized] target(s) in 1.85s
     Running `target/release/ppgen_sabv_lmtr --n-exits 1 --proof-dir /home/ubuntu/thanhhuyen/logs/sabv_lmtr/proofs --validator-nodes 5`
🔍 SABV: Verifying 1 blocks with 5 validators
🌳 LMTR: Rebalancing 1 blocks to height 3
[sp1] plonk circuit artifacts already seem to exist at /home/ubuntu/.sp1/circuits/plonk/v5.0.0. if you want to re-download them, delete the directory

thread 'main' panicked at /home/ubuntu/.cargo/registry/src/index.crates.io-1949cf8c6b5b557f/sp1-recursion-gnark-ffi-5.0.0/src/ffi/docker.rs:87:59:
failed to prove with docker: Docker command failed 
 stdout: "\u{1b}[90m06:18:56\u{1b}[0m DBG constraint system solver done \u{1b}[36mnbConstraints=\u{1b}[0m12613393 \u{1b}[36mtook=\u{1b}[0m13069.992159\n"
 stderr: ""
note: run with `RUST_BACKTRACE=1` environment variable to display a backtrace
Command exited with non-zero status 101
	Command being timed: "cargo run --release -p pessimistic-proof-test-suite --bin ppgen_sabv_lmtr -- --n-exits 1 --proof-dir /home/ubuntu/thanhhuyen/logs/sabv_lmtr/proofs --validator-nodes 5"
	User time (seconds): 17290.27
	System time (seconds): 581.31
	Percent of CPU this job got: 214%
	Elapsed (wall clock) time (h:mm:ss or m:ss): 2:19:00
	Average shared text size (kbytes): 0
	Average unshared data size (kbytes): 0
	Average stack size (kbytes): 0
	Average total size (kbytes): 0
	Maximum resident set size (kbytes): 15850512
	Average resident set size (kbytes): 0
	Major (requiring I/O) page faults: 44662
	Minor (reclaiming a frame) page faults: 64863822
	Voluntary context switches: 915541
	Involuntary context switches: 17212726
	Swaps: 0
	File system inputs: 1312616
	File system outputs: 3496
	Socket messages sent: 0
	Socket messages received: 0
	Signals delivered: 0
	Page size (bytes): 4096
	Exit status: 101
