warning: unused variable: `branching_factor`
  --> crates/pessimistic-proof-core/src/lmtr.rs:31:9
   |
31 |         branching_factor: usize,
   |         ^^^^^^^^^^^^^^^^ help: if this is intentional, prefix it with an underscore: `_branching_factor`
   |
   = note: `#[warn(unused_variables)]` on by default

warning: field `config` is never read
  --> crates/pessimistic-proof-core/src/sabv.rs:13:5
   |
12 | pub struct SabvAlgorithm {
   |            ------------- field in this struct
13 |     config: SabvConfig,
   |     ^^^^^^
   |
   = note: `SabvAlgorithm` has derived impls for the traits `Clone` and `Debug`, but these are intentionally ignored during dead code analysis
   = note: `#[warn(dead_code)]` on by default

warning: field `config` is never read
  --> crates/pessimistic-proof-core/src/lmtr.rs:12:5
   |
11 | pub struct LmtrAlgorithm {
   |            ------------- field in this struct
12 |     config: LmtrConfig,
   |     ^^^^^^
   |
   = note: `LmtrAlgorithm` has derived impls for the traits `Clone` and `Debug`, but these are intentionally ignored during dead code analysis

warning: `pessimistic-proof-core` (lib) generated 3 warnings
warning: unused import: `pessimistic_proof::keccak::Keccak256Hasher`
  --> crates/pessimistic-proof-test-suite/src/bin/ppgen_sabv_lmtr.rs:16:5
   |
16 | use pessimistic_proof::keccak::Keccak256Hasher;
   |     ^^^^^^^^^^^^^^^^^^^^^^^^^^^^^^^^^^^^^^^^^^
   |
   = note: `#[warn(unused_imports)]` on by default

warning: `pessimistic-proof-test-suite` (bin "ppgen_sabv_lmtr") generated 1 warning (run `cargo fix --bin "ppgen_sabv_lmtr"` to apply 1 suggestion)
    Finished `release` profile [optimized] target(s) in 1.91s
     Running `target/release/ppgen_sabv_lmtr --n-exits 20 --proof-dir /home/ubuntu/thanhhuyen/logs/sabv_lmtr/proofs --validator-nodes 5 --input /home/ubuntu/thanhhuyen/agglayer/crates/pessimistic-proof-test-suite/data/l2_2_withdrawals.json`

thread 'main' panicked at /home/ubuntu/thanhhuyen/agglayer/crates/pessimistic-proof-test-suite/src/event_data.rs:26:37:
called `Result::unwrap()` on an `Err` value: Error("invalid type: string \"261520324846209591\", expected a JSON number", line: 1, column: 223)
note: run with `RUST_BACKTRACE=1` environment variable to display a backtrace
Command exited with non-zero status 101
	Command being timed: "cargo run --release -p pessimistic-proof-test-suite --bin ppgen_sabv_lmtr -- --n-exits 20 --proof-dir /home/ubuntu/thanhhuyen/logs/sabv_lmtr/proofs --validator-nodes 5 --input /home/ubuntu/thanhhuyen/agglayer/crates/pessimistic-proof-test-suite/data/l2_2_withdrawals.json"
	User time (seconds): 1.29
	System time (seconds): 0.76
	Percent of CPU this job got: 92%
	Elapsed (wall clock) time (h:mm:ss or m:ss): 0:02.22
	Average shared text size (kbytes): 0
	Average unshared data size (kbytes): 0
	Average stack size (kbytes): 0
	Average total size (kbytes): 0
	Maximum resident set size (kbytes): 141616
	Average resident set size (kbytes): 0
	Major (requiring I/O) page faults: 0
	Minor (reclaiming a frame) page faults: 36552
	Voluntary context switches: 70
	Involuntary context switches: 51
	Swaps: 0
	File system inputs: 0
	File system outputs: 16
	Socket messages sent: 0
	Socket messages received: 0
	Signals delivered: 0
	Page size (bytes): 4096
	Exit status: 101
