warning: unused variable: `branching_factor`
  --> crates/pessimistic-proof-core/src/lmtr.rs:31:9
   |
31 |         branching_factor: usize,
   |         ^^^^^^^^^^^^^^^^ help: if this is intentional, prefix it with an underscore: `_branching_factor`
   |
   = note: `#[warn(unused_variables)]` on by default

warning: field `config` is never read
  --> crates/pessimistic-proof-core/src/sabv.rs:13:5
   |
12 | pub struct SabvAlgorithm {
   |            ------------- field in this struct
13 |     config: SabvConfig,
   |     ^^^^^^
   |
   = note: `SabvAlgorithm` has derived impls for the traits `Clone` and `Debug`, but these are intentionally ignored during dead code analysis
   = note: `#[warn(dead_code)]` on by default

warning: field `config` is never read
  --> crates/pessimistic-proof-core/src/lmtr.rs:12:5
   |
11 | pub struct LmtrAlgorithm {
   |            ------------- field in this struct
12 |     config: LmtrConfig,
   |     ^^^^^^
   |
   = note: `LmtrAlgorithm` has derived impls for the traits `Clone` and `Debug`, but these are intentionally ignored during dead code analysis

warning: `pessimistic-proof-core` (lib) generated 3 warnings
warning: unused import: `pessimistic_proof::keccak::Keccak256Hasher`
  --> crates/pessimistic-proof-test-suite/src/bin/ppgen_sabv_lmtr.rs:16:5
   |
16 | use pessimistic_proof::keccak::Keccak256Hasher;
   |     ^^^^^^^^^^^^^^^^^^^^^^^^^^^^^^^^^^^^^^^^^^
   |
   = note: `#[warn(unused_imports)]` on by default

warning: `pessimistic-proof-test-suite` (bin "ppgen_sabv_lmtr") generated 1 warning (run `cargo fix --bin "ppgen_sabv_lmtr"` to apply 1 suggestion)
    Finished `release` profile [optimized] target(s) in 1.85s
     Running `target/release/ppgen_sabv_lmtr --n-exits 100 --proof-dir /home/ubuntu/thanhhuyen/logs/sabv_lmtr/proofs --validator-nodes 5`
🔍 SABV: Verifying 1 blocks with 5 validators
🌳 LMTR: Rebalancing 1 blocks to height 3
