=== SP1 LOCAL SERVER STARTING ===
SP1 Environment:
  SP1_PROVER=cpu
  SP1_CIRCUITS_DIR=/home/ubuntu/thanhhuyen/sp1/target/release
  SP1_CARGO_PROVE_PATH=/home/ubuntu/thanhhuyen/sp1/target/release/cargo-prove

=== TESTING SP1 LOCAL ===
Testing cargo-prove...
❌ SP1 cargo-prove failed

=== SP1 LOCAL SERVER READY ===
Endpoint: local://sp1/cpu
Mode: CPU proving
Status: Active
Fri Oct 17 04:30:15 AM UTC 2025: SP1 local server active
Fri Oct 17 04:31:15 AM UTC 2025: SP1 local server active
Fri Oct 17 04:32:15 AM UTC 2025: SP1 local server active
Fri Oct 17 04:33:15 AM UTC 2025: SP1 local server active
Fri Oct 17 04:34:15 AM UTC 2025: SP1 local server active
Fri Oct 17 04:35:15 AM UTC 2025: SP1 local server active
Fri Oct 17 04:36:15 AM UTC 2025: SP1 local server active
Fri Oct 17 04:37:15 AM UTC 2025: SP1 local server active
Fri Oct 17 04:38:15 AM UTC 2025: SP1 local server active
Fri Oct 17 04:39:15 AM UTC 2025: SP1 local server active
Fri Oct 17 04:40:16 AM UTC 2025: SP1 local server active
Fri Oct 17 04:41:16 AM UTC 2025: SP1 local server active
Fri Oct 17 04:42:16 AM UTC 2025: SP1 local server active
Fri Oct 17 04:43:16 AM UTC 2025: SP1 local server active
Fri Oct 17 04:44:16 AM UTC 2025: SP1 local server active
Fri Oct 17 04:45:16 AM UTC 2025: SP1 local server active
Fri Oct 17 04:46:16 AM UTC 2025: SP1 local server active
Fri Oct 17 04:47:16 AM UTC 2025: SP1 local server active
Fri Oct 17 04:48:16 AM UTC 2025: SP1 local server active
Fri Oct 17 04:49:16 AM UTC 2025: SP1 local server active
Fri Oct 17 04:50:16 AM UTC 2025: SP1 local server active
Fri Oct 17 04:51:16 AM UTC 2025: SP1 local server active
Fri Oct 17 04:52:16 AM UTC 2025: SP1 local server active
Fri Oct 17 04:53:16 AM UTC 2025: SP1 local server active
Fri Oct 17 04:54:16 AM UTC 2025: SP1 local server active
Fri Oct 17 04:55:16 AM UTC 2025: SP1 local server active
Fri Oct 17 04:56:16 AM UTC 2025: SP1 local server active
Fri Oct 17 04:57:16 AM UTC 2025: SP1 local server active
Fri Oct 17 04:58:16 AM UTC 2025: SP1 local server active
Fri Oct 17 04:59:16 AM UTC 2025: SP1 local server active
Fri Oct 17 05:00:16 AM UTC 2025: SP1 local server active
Fri Oct 17 05:01:16 AM UTC 2025: SP1 local server active
Fri Oct 17 05:02:16 AM UTC 2025: SP1 local server active
Fri Oct 17 05:03:16 AM UTC 2025: SP1 local server active
Fri Oct 17 05:04:16 AM UTC 2025: SP1 local server active
Fri Oct 17 05:05:16 AM UTC 2025: SP1 local server active
Fri Oct 17 05:06:16 AM UTC 2025: SP1 local server active
Fri Oct 17 05:07:16 AM UTC 2025: SP1 local server active
Fri Oct 17 05:08:16 AM UTC 2025: SP1 local server active
Fri Oct 17 05:09:16 AM UTC 2025: SP1 local server active
Fri Oct 17 05:10:16 AM UTC 2025: SP1 local server active
Fri Oct 17 05:11:16 AM UTC 2025: SP1 local server active
Fri Oct 17 05:12:16 AM UTC 2025: SP1 local server active
Fri Oct 17 05:13:16 AM UTC 2025: SP1 local server active
Fri Oct 17 05:14:16 AM UTC 2025: SP1 local server active
Fri Oct 17 05:15:16 AM UTC 2025: SP1 local server active
Fri Oct 17 05:16:16 AM UTC 2025: SP1 local server active
Fri Oct 17 05:17:16 AM UTC 2025: SP1 local server active
Fri Oct 17 05:18:16 AM UTC 2025: SP1 local server active
Fri Oct 17 05:19:16 AM UTC 2025: SP1 local server active
Fri Oct 17 05:20:16 AM UTC 2025: SP1 local server active
Fri Oct 17 05:21:17 AM UTC 2025: SP1 local server active
Fri Oct 17 05:22:17 AM UTC 2025: SP1 local server active
Fri Oct 17 05:23:17 AM UTC 2025: SP1 local server active
Fri Oct 17 05:24:17 AM UTC 2025: SP1 local server active
Fri Oct 17 05:25:17 AM UTC 2025: SP1 local server active
Fri Oct 17 05:26:17 AM UTC 2025: SP1 local server active
Fri Oct 17 05:27:17 AM UTC 2025: SP1 local server active
Fri Oct 17 05:28:17 AM UTC 2025: SP1 local server active
Fri Oct 17 05:29:17 AM UTC 2025: SP1 local server active
Fri Oct 17 05:30:17 AM UTC 2025: SP1 local server active
Fri Oct 17 05:31:17 AM UTC 2025: SP1 local server active
Fri Oct 17 05:32:17 AM UTC 2025: SP1 local server active
Fri Oct 17 05:33:17 AM UTC 2025: SP1 local server active
Fri Oct 17 05:34:17 AM UTC 2025: SP1 local server active
Fri Oct 17 05:35:17 AM UTC 2025: SP1 local server active
Fri Oct 17 05:36:17 AM UTC 2025: SP1 local server active
Fri Oct 17 05:37:17 AM UTC 2025: SP1 local server active
Fri Oct 17 05:38:17 AM UTC 2025: SP1 local server active
Fri Oct 17 05:39:17 AM UTC 2025: SP1 local server active
Fri Oct 17 05:40:17 AM UTC 2025: SP1 local server active
Fri Oct 17 05:41:17 AM UTC 2025: SP1 local server active
Fri Oct 17 05:42:17 AM UTC 2025: SP1 local server active
Fri Oct 17 05:43:17 AM UTC 2025: SP1 local server active
Fri Oct 17 05:44:17 AM UTC 2025: SP1 local server active
Fri Oct 17 05:45:17 AM UTC 2025: SP1 local server active
Fri Oct 17 05:46:17 AM UTC 2025: SP1 local server active
Fri Oct 17 05:47:17 AM UTC 2025: SP1 local server active
Fri Oct 17 05:48:17 AM UTC 2025: SP1 local server active
Fri Oct 17 05:49:17 AM UTC 2025: SP1 local server active
Fri Oct 17 05:50:17 AM UTC 2025: SP1 local server active
Fri Oct 17 05:51:17 AM UTC 2025: SP1 local server active
Fri Oct 17 05:52:17 AM UTC 2025: SP1 local server active
Fri Oct 17 05:53:17 AM UTC 2025: SP1 local server active
Fri Oct 17 05:54:17 AM UTC 2025: SP1 local server active
Fri Oct 17 05:55:17 AM UTC 2025: SP1 local server active
Fri Oct 17 05:56:17 AM UTC 2025: SP1 local server active
Fri Oct 17 05:57:17 AM UTC 2025: SP1 local server active
Fri Oct 17 05:58:17 AM UTC 2025: SP1 local server active
Fri Oct 17 05:59:17 AM UTC 2025: SP1 local server active
Fri Oct 17 06:00:17 AM UTC 2025: SP1 local server active
Fri Oct 17 06:01:17 AM UTC 2025: SP1 local server active
Fri Oct 17 06:02:17 AM UTC 2025: SP1 local server active
Fri Oct 17 06:03:17 AM UTC 2025: SP1 local server active
Fri Oct 17 06:04:17 AM UTC 2025: SP1 local server active
Fri Oct 17 06:05:17 AM UTC 2025: SP1 local server active
Fri Oct 17 06:06:17 AM UTC 2025: SP1 local server active
Fri Oct 17 06:07:17 AM UTC 2025: SP1 local server active
Fri Oct 17 06:08:17 AM UTC 2025: SP1 local server active
Fri Oct 17 06:09:17 AM UTC 2025: SP1 local server active
Fri Oct 17 06:10:17 AM UTC 2025: SP1 local server active
Fri Oct 17 06:11:18 AM UTC 2025: SP1 local server active
Fri Oct 17 06:12:18 AM UTC 2025: SP1 local server active
Fri Oct 17 06:13:18 AM UTC 2025: SP1 local server active
Fri Oct 17 06:14:18 AM UTC 2025: SP1 local server active
Fri Oct 17 06:15:18 AM UTC 2025: SP1 local server active
Fri Oct 17 06:16:18 AM UTC 2025: SP1 local server active
Fri Oct 17 06:17:18 AM UTC 2025: SP1 local server active
Fri Oct 17 06:18:18 AM UTC 2025: SP1 local server active
Fri Oct 17 06:19:18 AM UTC 2025: SP1 local server active
Fri Oct 17 06:20:18 AM UTC 2025: SP1 local server active
Fri Oct 17 06:21:18 AM UTC 2025: SP1 local server active
Fri Oct 17 06:22:18 AM UTC 2025: SP1 local server active
Fri Oct 17 06:23:18 AM UTC 2025: SP1 local server active
Fri Oct 17 06:24:18 AM UTC 2025: SP1 local server active
Fri Oct 17 06:25:18 AM UTC 2025: SP1 local server active
Fri Oct 17 06:26:18 AM UTC 2025: SP1 local server active
Fri Oct 17 06:27:18 AM UTC 2025: SP1 local server active
Fri Oct 17 06:28:18 AM UTC 2025: SP1 local server active
Fri Oct 17 06:29:18 AM UTC 2025: SP1 local server active
Fri Oct 17 06:30:18 AM UTC 2025: SP1 local server active
Fri Oct 17 06:31:18 AM UTC 2025: SP1 local server active
Fri Oct 17 06:32:18 AM UTC 2025: SP1 local server active
Fri Oct 17 06:33:18 AM UTC 2025: SP1 local server active
Fri Oct 17 06:34:18 AM UTC 2025: SP1 local server active
Fri Oct 17 06:35:18 AM UTC 2025: SP1 local server active
Fri Oct 17 06:36:18 AM UTC 2025: SP1 local server active
Fri Oct 17 06:37:18 AM UTC 2025: SP1 local server active
Fri Oct 17 06:38:18 AM UTC 2025: SP1 local server active
Fri Oct 17 06:39:18 AM UTC 2025: SP1 local server active
Fri Oct 17 06:40:18 AM UTC 2025: SP1 local server active
Fri Oct 17 06:41:18 AM UTC 2025: SP1 local server active
Fri Oct 17 06:42:18 AM UTC 2025: SP1 local server active
Fri Oct 17 06:43:18 AM UTC 2025: SP1 local server active
Fri Oct 17 06:44:18 AM UTC 2025: SP1 local server active
Fri Oct 17 06:45:18 AM UTC 2025: SP1 local server active
Fri Oct 17 06:46:18 AM UTC 2025: SP1 local server active
Fri Oct 17 06:47:18 AM UTC 2025: SP1 local server active
Fri Oct 17 06:48:18 AM UTC 2025: SP1 local server active
Fri Oct 17 06:49:18 AM UTC 2025: SP1 local server active
Fri Oct 17 06:50:18 AM UTC 2025: SP1 local server active
Fri Oct 17 06:51:18 AM UTC 2025: SP1 local server active
Fri Oct 17 06:52:18 AM UTC 2025: SP1 local server active
Fri Oct 17 06:53:18 AM UTC 2025: SP1 local server active
Fri Oct 17 06:54:18 AM UTC 2025: SP1 local server active
Fri Oct 17 06:55:18 AM UTC 2025: SP1 local server active
Fri Oct 17 06:56:18 AM UTC 2025: SP1 local server active
Fri Oct 17 06:57:18 AM UTC 2025: SP1 local server active
Fri Oct 17 06:58:18 AM UTC 2025: SP1 local server active
Fri Oct 17 06:59:18 AM UTC 2025: SP1 local server active
Fri Oct 17 07:00:18 AM UTC 2025: SP1 local server active
Fri Oct 17 07:01:18 AM UTC 2025: SP1 local server active
Fri Oct 17 07:02:18 AM UTC 2025: SP1 local server active
Fri Oct 17 07:03:18 AM UTC 2025: SP1 local server active
Fri Oct 17 07:04:18 AM UTC 2025: SP1 local server active
Fri Oct 17 07:05:18 AM UTC 2025: SP1 local server active
Fri Oct 17 07:06:18 AM UTC 2025: SP1 local server active
Fri Oct 17 07:07:18 AM UTC 2025: SP1 local server active
Fri Oct 17 07:08:18 AM UTC 2025: SP1 local server active
Fri Oct 17 07:09:18 AM UTC 2025: SP1 local server active
Fri Oct 17 07:10:18 AM UTC 2025: SP1 local server active
Fri Oct 17 07:11:18 AM UTC 2025: SP1 local server active
Fri Oct 17 07:12:18 AM UTC 2025: SP1 local server active
Fri Oct 17 07:13:18 AM UTC 2025: SP1 local server active
Fri Oct 17 07:14:18 AM UTC 2025: SP1 local server active
Fri Oct 17 07:15:18 AM UTC 2025: SP1 local server active
Fri Oct 17 07:16:18 AM UTC 2025: SP1 local server active
Fri Oct 17 07:17:18 AM UTC 2025: SP1 local server active
Fri Oct 17 07:18:18 AM UTC 2025: SP1 local server active
Fri Oct 17 07:19:18 AM UTC 2025: SP1 local server active
Fri Oct 17 07:20:18 AM UTC 2025: SP1 local server active
Fri Oct 17 07:21:18 AM UTC 2025: SP1 local server active
Fri Oct 17 07:22:18 AM UTC 2025: SP1 local server active
Fri Oct 17 07:23:18 AM UTC 2025: SP1 local server active
Fri Oct 17 07:24:18 AM UTC 2025: SP1 local server active
Fri Oct 17 07:25:18 AM UTC 2025: SP1 local server active
Fri Oct 17 07:26:18 AM UTC 2025: SP1 local server active
Fri Oct 17 07:27:18 AM UTC 2025: SP1 local server active
Fri Oct 17 07:28:18 AM UTC 2025: SP1 local server active
Fri Oct 17 07:29:18 AM UTC 2025: SP1 local server active
Fri Oct 17 07:30:18 AM UTC 2025: SP1 local server active
Fri Oct 17 07:31:18 AM UTC 2025: SP1 local server active
Fri Oct 17 07:32:18 AM UTC 2025: SP1 local server active
Fri Oct 17 07:33:18 AM UTC 2025: SP1 local server active
Fri Oct 17 07:34:18 AM UTC 2025: SP1 local server active
Fri Oct 17 07:35:18 AM UTC 2025: SP1 local server active
Fri Oct 17 07:36:18 AM UTC 2025: SP1 local server active
Fri Oct 17 07:37:18 AM UTC 2025: SP1 local server active
Fri Oct 17 07:38:18 AM UTC 2025: SP1 local server active
Fri Oct 17 07:39:18 AM UTC 2025: SP1 local server active
Fri Oct 17 07:40:18 AM UTC 2025: SP1 local server active
Fri Oct 17 07:41:18 AM UTC 2025: SP1 local server active
Fri Oct 17 07:42:18 AM UTC 2025: SP1 local server active
Fri Oct 17 07:43:18 AM UTC 2025: SP1 local server active
Fri Oct 17 07:44:18 AM UTC 2025: SP1 local server active
Fri Oct 17 07:45:18 AM UTC 2025: SP1 local server active
Fri Oct 17 07:46:18 AM UTC 2025: SP1 local server active
Fri Oct 17 07:47:19 AM UTC 2025: SP1 local server active
Fri Oct 17 07:48:19 AM UTC 2025: SP1 local server active
Fri Oct 17 07:49:19 AM UTC 2025: SP1 local server active
Fri Oct 17 07:50:19 AM UTC 2025: SP1 local server active
Fri Oct 17 07:51:19 AM UTC 2025: SP1 local server active
Fri Oct 17 07:52:19 AM UTC 2025: SP1 local server active
Fri Oct 17 07:53:19 AM UTC 2025: SP1 local server active
Fri Oct 17 07:54:19 AM UTC 2025: SP1 local server active
Fri Oct 17 07:55:19 AM UTC 2025: SP1 local server active
Fri Oct 17 07:56:19 AM UTC 2025: SP1 local server active
Fri Oct 17 07:57:19 AM UTC 2025: SP1 local server active
Fri Oct 17 07:58:19 AM UTC 2025: SP1 local server active
Fri Oct 17 07:59:19 AM UTC 2025: SP1 local server active
Fri Oct 17 08:00:19 AM UTC 2025: SP1 local server active
Fri Oct 17 08:01:19 AM UTC 2025: SP1 local server active
Fri Oct 17 08:02:19 AM UTC 2025: SP1 local server active
Fri Oct 17 08:03:19 AM UTC 2025: SP1 local server active
Fri Oct 17 08:04:19 AM UTC 2025: SP1 local server active
Fri Oct 17 08:05:19 AM UTC 2025: SP1 local server active
Fri Oct 17 08:06:19 AM UTC 2025: SP1 local server active
Fri Oct 17 08:07:19 AM UTC 2025: SP1 local server active
Fri Oct 17 08:08:19 AM UTC 2025: SP1 local server active
Fri Oct 17 08:09:19 AM UTC 2025: SP1 local server active
Fri Oct 17 08:10:19 AM UTC 2025: SP1 local server active
Fri Oct 17 08:11:19 AM UTC 2025: SP1 local server active
Fri Oct 17 08:12:19 AM UTC 2025: SP1 local server active
Fri Oct 17 08:13:19 AM UTC 2025: SP1 local server active
Fri Oct 17 08:14:19 AM UTC 2025: SP1 local server active
Fri Oct 17 08:15:19 AM UTC 2025: SP1 local server active
Fri Oct 17 08:16:19 AM UTC 2025: SP1 local server active
Fri Oct 17 08:17:19 AM UTC 2025: SP1 local server active
Fri Oct 17 08:18:19 AM UTC 2025: SP1 local server active
Fri Oct 17 08:19:19 AM UTC 2025: SP1 local server active
Fri Oct 17 08:20:19 AM UTC 2025: SP1 local server active
Fri Oct 17 08:21:19 AM UTC 2025: SP1 local server active
Fri Oct 17 08:22:19 AM UTC 2025: SP1 local server active
Fri Oct 17 08:23:19 AM UTC 2025: SP1 local server active
Fri Oct 17 08:24:19 AM UTC 2025: SP1 local server active
Fri Oct 17 08:25:19 AM UTC 2025: SP1 local server active
Fri Oct 17 08:26:19 AM UTC 2025: SP1 local server active
Fri Oct 17 08:27:19 AM UTC 2025: SP1 local server active
Fri Oct 17 08:28:19 AM UTC 2025: SP1 local server active
Fri Oct 17 08:29:19 AM UTC 2025: SP1 local server active
Fri Oct 17 08:30:19 AM UTC 2025: SP1 local server active
Fri Oct 17 08:31:19 AM UTC 2025: SP1 local server active
Fri Oct 17 08:32:19 AM UTC 2025: SP1 local server active
Fri Oct 17 08:33:19 AM UTC 2025: SP1 local server active
Fri Oct 17 08:34:19 AM UTC 2025: SP1 local server active
Fri Oct 17 08:35:19 AM UTC 2025: SP1 local server active
Fri Oct 17 08:36:19 AM UTC 2025: SP1 local server active
Fri Oct 17 08:37:19 AM UTC 2025: SP1 local server active
Fri Oct 17 08:38:19 AM UTC 2025: SP1 local server active
Fri Oct 17 08:39:19 AM UTC 2025: SP1 local server active
Fri Oct 17 08:40:19 AM UTC 2025: SP1 local server active
Fri Oct 17 08:41:19 AM UTC 2025: SP1 local server active
Fri Oct 17 08:42:19 AM UTC 2025: SP1 local server active
Fri Oct 17 08:43:19 AM UTC 2025: SP1 local server active
Fri Oct 17 08:44:19 AM UTC 2025: SP1 local server active
Fri Oct 17 08:45:19 AM UTC 2025: SP1 local server active
Fri Oct 17 08:46:19 AM UTC 2025: SP1 local server active
Fri Oct 17 08:47:19 AM UTC 2025: SP1 local server active
Fri Oct 17 08:48:19 AM UTC 2025: SP1 local server active
Fri Oct 17 08:49:19 AM UTC 2025: SP1 local server active
Fri Oct 17 08:50:19 AM UTC 2025: SP1 local server active
Fri Oct 17 08:51:19 AM UTC 2025: SP1 local server active
Fri Oct 17 08:52:19 AM UTC 2025: SP1 local server active
Fri Oct 17 08:53:19 AM UTC 2025: SP1 local server active
Fri Oct 17 08:54:19 AM UTC 2025: SP1 local server active
Fri Oct 17 08:55:19 AM UTC 2025: SP1 local server active
Fri Oct 17 08:56:19 AM UTC 2025: SP1 local server active
Fri Oct 17 08:57:19 AM UTC 2025: SP1 local server active
Fri Oct 17 08:58:19 AM UTC 2025: SP1 local server active
Fri Oct 17 08:59:19 AM UTC 2025: SP1 local server active
Fri Oct 17 09:00:19 AM UTC 2025: SP1 local server active
Fri Oct 17 09:01:19 AM UTC 2025: SP1 local server active
Fri Oct 17 09:02:19 AM UTC 2025: SP1 local server active
Fri Oct 17 09:03:19 AM UTC 2025: SP1 local server active
Fri Oct 17 09:04:19 AM UTC 2025: SP1 local server active
Fri Oct 17 09:05:19 AM UTC 2025: SP1 local server active
Fri Oct 17 09:06:19 AM UTC 2025: SP1 local server active
Fri Oct 17 09:07:19 AM UTC 2025: SP1 local server active
Fri Oct 17 09:08:19 AM UTC 2025: SP1 local server active
Fri Oct 17 09:09:19 AM UTC 2025: SP1 local server active
Fri Oct 17 09:10:19 AM UTC 2025: SP1 local server active
Fri Oct 17 09:11:19 AM UTC 2025: SP1 local server active
Fri Oct 17 09:12:19 AM UTC 2025: SP1 local server active
Fri Oct 17 09:13:19 AM UTC 2025: SP1 local server active
Fri Oct 17 09:14:19 AM UTC 2025: SP1 local server active
Fri Oct 17 09:15:19 AM UTC 2025: SP1 local server active
Fri Oct 17 09:16:19 AM UTC 2025: SP1 local server active
Fri Oct 17 09:17:19 AM UTC 2025: SP1 local server active
Fri Oct 17 09:18:19 AM UTC 2025: SP1 local server active
Fri Oct 17 09:19:19 AM UTC 2025: SP1 local server active
Fri Oct 17 09:20:19 AM UTC 2025: SP1 local server active
Fri Oct 17 09:21:19 AM UTC 2025: SP1 local server active
Fri Oct 17 09:22:19 AM UTC 2025: SP1 local server active
Fri Oct 17 09:23:19 AM UTC 2025: SP1 local server active
Fri Oct 17 09:24:19 AM UTC 2025: SP1 local server active
Fri Oct 17 09:25:19 AM UTC 2025: SP1 local server active
Fri Oct 17 09:26:19 AM UTC 2025: SP1 local server active
Fri Oct 17 09:27:19 AM UTC 2025: SP1 local server active
Fri Oct 17 09:28:19 AM UTC 2025: SP1 local server active
Fri Oct 17 09:29:20 AM UTC 2025: SP1 local server active
Fri Oct 17 09:30:20 AM UTC 2025: SP1 local server active
Fri Oct 17 09:31:20 AM UTC 2025: SP1 local server active
Fri Oct 17 09:32:20 AM UTC 2025: SP1 local server active
Fri Oct 17 09:33:20 AM UTC 2025: SP1 local server active
Fri Oct 17 09:34:20 AM UTC 2025: SP1 local server active
Fri Oct 17 09:35:20 AM UTC 2025: SP1 local server active
Fri Oct 17 09:36:20 AM UTC 2025: SP1 local server active
Fri Oct 17 09:37:20 AM UTC 2025: SP1 local server active
Fri Oct 17 09:38:20 AM UTC 2025: SP1 local server active
Fri Oct 17 09:39:20 AM UTC 2025: SP1 local server active
Fri Oct 17 09:40:20 AM UTC 2025: SP1 local server active
Fri Oct 17 09:41:20 AM UTC 2025: SP1 local server active
Fri Oct 17 09:42:20 AM UTC 2025: SP1 local server active
Fri Oct 17 09:43:20 AM UTC 2025: SP1 local server active
Fri Oct 17 09:44:20 AM UTC 2025: SP1 local server active
Fri Oct 17 09:45:20 AM UTC 2025: SP1 local server active
Fri Oct 17 09:46:20 AM UTC 2025: SP1 local server active
Fri Oct 17 09:47:20 AM UTC 2025: SP1 local server active
Fri Oct 17 09:48:20 AM UTC 2025: SP1 local server active
Fri Oct 17 09:49:20 AM UTC 2025: SP1 local server active
Fri Oct 17 09:50:20 AM UTC 2025: SP1 local server active
Fri Oct 17 09:51:20 AM UTC 2025: SP1 local server active
Fri Oct 17 09:52:20 AM UTC 2025: SP1 local server active
Fri Oct 17 09:53:20 AM UTC 2025: SP1 local server active
Fri Oct 17 09:54:20 AM UTC 2025: SP1 local server active
Fri Oct 17 09:55:20 AM UTC 2025: SP1 local server active
Fri Oct 17 09:56:20 AM UTC 2025: SP1 local server active
Fri Oct 17 09:57:20 AM UTC 2025: SP1 local server active
Fri Oct 17 09:58:20 AM UTC 2025: SP1 local server active
Fri Oct 17 09:59:20 AM UTC 2025: SP1 local server active
Fri Oct 17 10:00:20 AM UTC 2025: SP1 local server active
Fri Oct 17 10:01:20 AM UTC 2025: SP1 local server active
Fri Oct 17 10:02:20 AM UTC 2025: SP1 local server active
Fri Oct 17 10:03:20 AM UTC 2025: SP1 local server active
Fri Oct 17 10:04:20 AM UTC 2025: SP1 local server active
Fri Oct 17 10:05:20 AM UTC 2025: SP1 local server active
Fri Oct 17 10:06:20 AM UTC 2025: SP1 local server active
Fri Oct 17 10:07:20 AM UTC 2025: SP1 local server active
Fri Oct 17 10:08:20 AM UTC 2025: SP1 local server active
Fri Oct 17 10:09:20 AM UTC 2025: SP1 local server active
Fri Oct 17 10:10:20 AM UTC 2025: SP1 local server active
Fri Oct 17 10:11:20 AM UTC 2025: SP1 local server active
Fri Oct 17 10:12:20 AM UTC 2025: SP1 local server active
Fri Oct 17 10:13:20 AM UTC 2025: SP1 local server active
Fri Oct 17 10:14:20 AM UTC 2025: SP1 local server active
Fri Oct 17 10:15:20 AM UTC 2025: SP1 local server active
Fri Oct 17 10:16:20 AM UTC 2025: SP1 local server active
Fri Oct 17 10:17:20 AM UTC 2025: SP1 local server active
Fri Oct 17 10:18:20 AM UTC 2025: SP1 local server active
Fri Oct 17 10:19:20 AM UTC 2025: SP1 local server active
Fri Oct 17 10:20:20 AM UTC 2025: SP1 local server active
Fri Oct 17 10:21:20 AM UTC 2025: SP1 local server active
Fri Oct 17 10:22:20 AM UTC 2025: SP1 local server active
Fri Oct 17 10:23:20 AM UTC 2025: SP1 local server active
Fri Oct 17 10:24:20 AM UTC 2025: SP1 local server active
Fri Oct 17 10:25:20 AM UTC 2025: SP1 local server active
Fri Oct 17 10:26:20 AM UTC 2025: SP1 local server active
Fri Oct 17 10:27:20 AM UTC 2025: SP1 local server active
Fri Oct 17 10:28:20 AM UTC 2025: SP1 local server active
Fri Oct 17 10:29:20 AM UTC 2025: SP1 local server active
Fri Oct 17 10:30:20 AM UTC 2025: SP1 local server active
Fri Oct 17 10:31:20 AM UTC 2025: SP1 local server active
Fri Oct 17 10:32:20 AM UTC 2025: SP1 local server active
Fri Oct 17 10:33:20 AM UTC 2025: SP1 local server active
Fri Oct 17 10:34:20 AM UTC 2025: SP1 local server active
Fri Oct 17 10:35:20 AM UTC 2025: SP1 local server active
Fri Oct 17 10:36:20 AM UTC 2025: SP1 local server active
Fri Oct 17 10:37:20 AM UTC 2025: SP1 local server active
Fri Oct 17 10:38:20 AM UTC 2025: SP1 local server active
Fri Oct 17 10:39:20 AM UTC 2025: SP1 local server active
Fri Oct 17 10:40:20 AM UTC 2025: SP1 local server active
Fri Oct 17 10:41:20 AM UTC 2025: SP1 local server active
Fri Oct 17 10:42:20 AM UTC 2025: SP1 local server active
Fri Oct 17 10:43:20 AM UTC 2025: SP1 local server active
Fri Oct 17 10:44:20 AM UTC 2025: SP1 local server active
Fri Oct 17 10:45:20 AM UTC 2025: SP1 local server active
Fri Oct 17 10:46:20 AM UTC 2025: SP1 local server active
Fri Oct 17 10:47:20 AM UTC 2025: SP1 local server active
Fri Oct 17 10:48:20 AM UTC 2025: SP1 local server active
Fri Oct 17 10:49:20 AM UTC 2025: SP1 local server active
Fri Oct 17 10:50:20 AM UTC 2025: SP1 local server active
Fri Oct 17 10:51:20 AM UTC 2025: SP1 local server active
Fri Oct 17 10:52:20 AM UTC 2025: SP1 local server active
Fri Oct 17 10:53:20 AM UTC 2025: SP1 local server active
Fri Oct 17 10:54:20 AM UTC 2025: SP1 local server active
Fri Oct 17 10:55:20 AM UTC 2025: SP1 local server active
Fri Oct 17 10:56:20 AM UTC 2025: SP1 local server active
Fri Oct 17 10:57:20 AM UTC 2025: SP1 local server active
Fri Oct 17 10:58:20 AM UTC 2025: SP1 local server active
Fri Oct 17 10:59:20 AM UTC 2025: SP1 local server active
Fri Oct 17 11:00:20 AM UTC 2025: SP1 local server active
Fri Oct 17 11:01:20 AM UTC 2025: SP1 local server active
Fri Oct 17 11:02:21 AM UTC 2025: SP1 local server active
Fri Oct 17 11:03:21 AM UTC 2025: SP1 local server active
Fri Oct 17 11:04:21 AM UTC 2025: SP1 local server active
Fri Oct 17 11:05:21 AM UTC 2025: SP1 local server active
Fri Oct 17 11:06:21 AM UTC 2025: SP1 local server active
Fri Oct 17 11:07:21 AM UTC 2025: SP1 local server active
Fri Oct 17 11:08:21 AM UTC 2025: SP1 local server active
Fri Oct 17 11:09:21 AM UTC 2025: SP1 local server active
Fri Oct 17 11:10:21 AM UTC 2025: SP1 local server active
Fri Oct 17 11:11:21 AM UTC 2025: SP1 local server active
Fri Oct 17 11:12:21 AM UTC 2025: SP1 local server active
Fri Oct 17 11:13:21 AM UTC 2025: SP1 local server active
Fri Oct 17 11:14:21 AM UTC 2025: SP1 local server active
Fri Oct 17 11:15:21 AM UTC 2025: SP1 local server active
Fri Oct 17 11:16:21 AM UTC 2025: SP1 local server active
Fri Oct 17 11:17:21 AM UTC 2025: SP1 local server active
Fri Oct 17 11:18:21 AM UTC 2025: SP1 local server active
Fri Oct 17 11:19:21 AM UTC 2025: SP1 local server active
Fri Oct 17 11:20:21 AM UTC 2025: SP1 local server active
Fri Oct 17 11:21:21 AM UTC 2025: SP1 local server active
Fri Oct 17 11:22:21 AM UTC 2025: SP1 local server active
Fri Oct 17 11:23:21 AM UTC 2025: SP1 local server active
Fri Oct 17 11:24:21 AM UTC 2025: SP1 local server active
Fri Oct 17 11:25:21 AM UTC 2025: SP1 local server active
Fri Oct 17 11:26:21 AM UTC 2025: SP1 local server active
Fri Oct 17 11:27:21 AM UTC 2025: SP1 local server active
Fri Oct 17 11:28:21 AM UTC 2025: SP1 local server active
Fri Oct 17 11:29:21 AM UTC 2025: SP1 local server active
Fri Oct 17 11:30:21 AM UTC 2025: SP1 local server active
Fri Oct 17 11:31:21 AM UTC 2025: SP1 local server active
Fri Oct 17 11:32:21 AM UTC 2025: SP1 local server active
Fri Oct 17 11:33:21 AM UTC 2025: SP1 local server active
Fri Oct 17 11:34:21 AM UTC 2025: SP1 local server active
Fri Oct 17 11:35:21 AM UTC 2025: SP1 local server active
Fri Oct 17 11:36:21 AM UTC 2025: SP1 local server active
Fri Oct 17 11:37:21 AM UTC 2025: SP1 local server active
Fri Oct 17 11:38:21 AM UTC 2025: SP1 local server active
Fri Oct 17 11:39:21 AM UTC 2025: SP1 local server active
Fri Oct 17 11:40:21 AM UTC 2025: SP1 local server active
Fri Oct 17 11:41:21 AM UTC 2025: SP1 local server active
Fri Oct 17 11:42:21 AM UTC 2025: SP1 local server active
Fri Oct 17 11:43:21 AM UTC 2025: SP1 local server active
Fri Oct 17 11:44:21 AM UTC 2025: SP1 local server active
Fri Oct 17 11:45:21 AM UTC 2025: SP1 local server active
Fri Oct 17 11:46:21 AM UTC 2025: SP1 local server active
Fri Oct 17 11:47:21 AM UTC 2025: SP1 local server active
Fri Oct 17 11:48:21 AM UTC 2025: SP1 local server active
Fri Oct 17 11:49:21 AM UTC 2025: SP1 local server active
Fri Oct 17 11:50:21 AM UTC 2025: SP1 local server active
Fri Oct 17 11:51:21 AM UTC 2025: SP1 local server active
Fri Oct 17 11:52:21 AM UTC 2025: SP1 local server active
Fri Oct 17 11:53:21 AM UTC 2025: SP1 local server active
Fri Oct 17 11:54:21 AM UTC 2025: SP1 local server active
Fri Oct 17 11:55:21 AM UTC 2025: SP1 local server active
Fri Oct 17 11:56:21 AM UTC 2025: SP1 local server active
Fri Oct 17 11:57:21 AM UTC 2025: SP1 local server active
Fri Oct 17 11:58:21 AM UTC 2025: SP1 local server active
Fri Oct 17 11:59:21 AM UTC 2025: SP1 local server active
Fri Oct 17 12:00:21 PM UTC 2025: SP1 local server active
Fri Oct 17 12:01:21 PM UTC 2025: SP1 local server active
Fri Oct 17 12:02:21 PM UTC 2025: SP1 local server active
Fri Oct 17 12:03:21 PM UTC 2025: SP1 local server active
Fri Oct 17 12:04:21 PM UTC 2025: SP1 local server active
Fri Oct 17 12:05:21 PM UTC 2025: SP1 local server active
Fri Oct 17 12:06:21 PM UTC 2025: SP1 local server active
Fri Oct 17 12:07:21 PM UTC 2025: SP1 local server active
Fri Oct 17 12:08:21 PM UTC 2025: SP1 local server active
Fri Oct 17 12:09:21 PM UTC 2025: SP1 local server active
Fri Oct 17 12:10:21 PM UTC 2025: SP1 local server active
Fri Oct 17 12:11:21 PM UTC 2025: SP1 local server active
Fri Oct 17 12:12:21 PM UTC 2025: SP1 local server active
Fri Oct 17 12:13:21 PM UTC 2025: SP1 local server active
Fri Oct 17 12:14:21 PM UTC 2025: SP1 local server active
Fri Oct 17 12:15:21 PM UTC 2025: SP1 local server active
Fri Oct 17 12:16:21 PM UTC 2025: SP1 local server active
Fri Oct 17 12:17:21 PM UTC 2025: SP1 local server active
Fri Oct 17 12:18:21 PM UTC 2025: SP1 local server active
Fri Oct 17 12:19:21 PM UTC 2025: SP1 local server active
Fri Oct 17 12:20:21 PM UTC 2025: SP1 local server active
Fri Oct 17 12:21:21 PM UTC 2025: SP1 local server active
Fri Oct 17 12:22:21 PM UTC 2025: SP1 local server active
Fri Oct 17 12:23:21 PM UTC 2025: SP1 local server active
Fri Oct 17 12:24:21 PM UTC 2025: SP1 local server active
Fri Oct 17 12:25:21 PM UTC 2025: SP1 local server active
Fri Oct 17 12:26:21 PM UTC 2025: SP1 local server active
Fri Oct 17 12:27:21 PM UTC 2025: SP1 local server active
Fri Oct 17 12:28:21 PM UTC 2025: SP1 local server active
Fri Oct 17 12:29:21 PM UTC 2025: SP1 local server active
Fri Oct 17 12:30:21 PM UTC 2025: SP1 local server active
Fri Oct 17 12:31:21 PM UTC 2025: SP1 local server active
Fri Oct 17 12:32:21 PM UTC 2025: SP1 local server active
Fri Oct 17 12:33:21 PM UTC 2025: SP1 local server active
Fri Oct 17 12:34:21 PM UTC 2025: SP1 local server active
Fri Oct 17 12:35:21 PM UTC 2025: SP1 local server active
Fri Oct 17 12:36:21 PM UTC 2025: SP1 local server active
Fri Oct 17 12:37:21 PM UTC 2025: SP1 local server active
Fri Oct 17 12:38:21 PM UTC 2025: SP1 local server active
Fri Oct 17 12:39:21 PM UTC 2025: SP1 local server active
Fri Oct 17 12:40:22 PM UTC 2025: SP1 local server active
Fri Oct 17 12:41:22 PM UTC 2025: SP1 local server active
Fri Oct 17 12:42:22 PM UTC 2025: SP1 local server active
Fri Oct 17 12:43:22 PM UTC 2025: SP1 local server active
Fri Oct 17 12:44:22 PM UTC 2025: SP1 local server active
Fri Oct 17 12:45:22 PM UTC 2025: SP1 local server active
Fri Oct 17 12:46:22 PM UTC 2025: SP1 local server active
Fri Oct 17 12:47:22 PM UTC 2025: SP1 local server active
Fri Oct 17 12:48:22 PM UTC 2025: SP1 local server active
Fri Oct 17 12:49:22 PM UTC 2025: SP1 local server active
Fri Oct 17 12:50:22 PM UTC 2025: SP1 local server active
Fri Oct 17 12:51:22 PM UTC 2025: SP1 local server active
Fri Oct 17 12:52:22 PM UTC 2025: SP1 local server active
Fri Oct 17 12:53:22 PM UTC 2025: SP1 local server active
Fri Oct 17 12:54:22 PM UTC 2025: SP1 local server active
Fri Oct 17 12:55:22 PM UTC 2025: SP1 local server active
Fri Oct 17 12:56:22 PM UTC 2025: SP1 local server active
Fri Oct 17 12:57:22 PM UTC 2025: SP1 local server active
Fri Oct 17 12:58:22 PM UTC 2025: SP1 local server active
Fri Oct 17 12:59:22 PM UTC 2025: SP1 local server active
Fri Oct 17 01:00:22 PM UTC 2025: SP1 local server active
Fri Oct 17 01:01:22 PM UTC 2025: SP1 local server active
Fri Oct 17 01:02:22 PM UTC 2025: SP1 local server active
Fri Oct 17 01:03:22 PM UTC 2025: SP1 local server active
Fri Oct 17 01:04:22 PM UTC 2025: SP1 local server active
Fri Oct 17 01:05:22 PM UTC 2025: SP1 local server active
Fri Oct 17 01:06:22 PM UTC 2025: SP1 local server active
