=== AUTO-CONTINUE LARGE SCALE MONITOR ===
Thời gian bắt đầu: Thu Oct 16 03:46:03 AM UTC 2025

🔍 Bắt đầu monitor N=50 completion...
Kiểm tra mỗi 5 phút...

Kiểm tra lúc: Thu Oct 16 03:46:03 AM UTC 2025
✅ BASELINE N=50: HOÀN THÀNH
✅ SABV/LMTR N=50: HOÀN THÀNH

🚀 N=50 HOÀN THÀNH - BẮT ĐẦU LARGE SCALE TESTS
Thời gian: Thu Oct 16 03:46:03 AM UTC 2025

📊 PHÂN TÍCH KẾT QUẢ N=50 TRƯỚC KHI TIẾP TỤC...
N=50 (no input) results:
BASELINE:
	Elapsed (wall clock) time (h:mm:ss or m:ss): 4:12:26
SABV/LMTR:
Chưa có kết quả

🎯 BẮT ĐẦU LARGE SCALE TESTS...
Dừng sessions hiện tại...
Chạy Baseline Large Scale...
Large scale baseline tmux session 'baseline_large_scale' started. Attach: tmux attach -t baseline_large_scale
Expected duration: 2-3 days for all tests
Monitor progress: tail -f /home/ubuntu/thanhhuyen/logs/baseline_large/run.log
Chạy SABV/LMTR Large Scale...
✅ Large Scale Tests đã bắt đầu!
Monitor: ./monitor_large_scale.sh
Attach Baseline: tmux attach -t baseline_large_scale
Attach SABV/LMTR: tmux attach -t sabv_lmtr_large_scale
Large scale SABV/LMTR tmux session 'sabv_lmtr_large_scale' started. Attach: tmux attach -t sabv_lmtr_large_scale
Expected duration: 2-3 days for all tests
Monitor progress: tail -f /home/ubuntu/thanhhuyen/logs/sabv_lmtr_large/run.log
