   Compiling pessimistic-proof-core v0.1.0 (/home/ubuntu/thanhhuyen/agglayer/crates/pessimistic-proof-core)
error: mismatched closing delimiter: `}`
   --> crates/pessimistic-proof-core/src/lmtr4.rs:523:34
    |
522 |         for &byte in bytes {
    |                            - closing delimiter possibly meant for this
523 |             let optimized_byte = ((byte as f64 * factor) as u8;
    |                                  ^ unclosed delimiter
524 |             optimized.push(optimized_byte);
525 |         }
    |         ^ mismatched closing delimiter

error: could not compile `pessimistic-proof-core` (lib) due to 1 previous error
Command exited with non-zero status 101
	Command being timed: "cargo run --release -p pessimistic-proof-test-suite --bin ppgen_sabv_lmtr4 -- --n-exits 1 --validator-nodes 5"
	User time (seconds): 1.50
	System time (seconds): 1.48
	Percent of CPU this job got: 43%
	Elapsed (wall clock) time (h:mm:ss or m:ss): 0:06.94
	Average shared text size (kbytes): 0
	Average unshared data size (kbytes): 0
	Average stack size (kbytes): 0
	Average total size (kbytes): 0
	Maximum resident set size (kbytes): 142724
	Average resident set size (kbytes): 0
	Major (requiring I/O) page faults: 598
	Minor (reclaiming a frame) page faults: 61389
	Voluntary context switches: 6153
	Involuntary context switches: 1391
	Swaps: 0
	File system inputs: 324552
	File system outputs: 528
	Socket messages sent: 0
	Socket messages received: 0
	Signals delivered: 0
	Page size (bytes): 4096
	Exit status: 101
