warning: unused import: `keccak::Keccak256Hasher`
 --> crates/pessimistic-proof-core/src/sabv2.rs:2:35
  |
2 | use agglayer_primitives::{Digest, keccak::Keccak256Hasher};
  |                                   ^^^^^^^^^^^^^^^^^^^^^^^
  |
  = note: `#[warn(unused_imports)]` on by default

warning: unused import: `keccak::Keccak256Hasher`
 --> crates/pessimistic-proof-core/src/lmtr2.rs:2:35
  |
2 | use agglayer_primitives::{Digest, keccak::Keccak256Hasher};
  |                                   ^^^^^^^^^^^^^^^^^^^^^^^

warning: unused import: `keccak::Keccak256Hasher`
 --> crates/pessimistic-proof-core/src/sabv3.rs:2:35
  |
2 | use agglayer_primitives::{Digest, keccak::Keccak256Hasher};
  |                                   ^^^^^^^^^^^^^^^^^^^^^^^

warning: unused import: `keccak::Keccak256Hasher`
 --> crates/pessimistic-proof-core/src/lmtr3.rs:2:35
  |
2 | use agglayer_primitives::{Digest, keccak::Keccak256Hasher};
  |                                   ^^^^^^^^^^^^^^^^^^^^^^^

warning: unused import: `keccak::Keccak256Hasher`
 --> crates/pessimistic-proof-core/src/sabv4.rs:2:35
  |
2 | use agglayer_primitives::{Digest, keccak::Keccak256Hasher};
  |                                   ^^^^^^^^^^^^^^^^^^^^^^^

warning: unused import: `keccak::Keccak256Hasher`
 --> crates/pessimistic-proof-core/src/lmtr4.rs:2:35
  |
2 | use agglayer_primitives::{Digest, keccak::Keccak256Hasher};
  |                                   ^^^^^^^^^^^^^^^^^^^^^^^

warning: unused imports: `BridgeExit`, `ImportedBridgeExit`, `NetworkId`, and `TokenInfo`
   --> crates/pessimistic-proof-core/src/lmtr4.rs:245:30
    |
245 |         use unified_bridge::{BridgeExit, ImportedBridgeExit, NetworkId, TokenInfo};
    |                              ^^^^^^^^^^  ^^^^^^^^^^^^^^^^^^  ^^^^^^^^^  ^^^^^^^^^

warning: unused import: `agglayer_primitives::U256`
   --> crates/pessimistic-proof-core/src/lmtr4.rs:247:13
    |
247 |         use agglayer_primitives::U256;
    |             ^^^^^^^^^^^^^^^^^^^^^^^^^

warning: unused import: `crate::nullifier_tree::NullifierPath`
   --> crates/pessimistic-proof-core/src/lmtr4.rs:248:13
    |
248 |         use crate::nullifier_tree::NullifierPath;
    |             ^^^^^^^^^^^^^^^^^^^^^^^^^^^^^^^^^^^^

warning: unused import: `crate::local_balance_tree::LocalBalancePath`
   --> crates/pessimistic-proof-core/src/lmtr4.rs:249:13
    |
249 |         use crate::local_balance_tree::LocalBalancePath;
    |             ^^^^^^^^^^^^^^^^^^^^^^^^^^^^^^^^^^^^^^^^^^^

warning: unused import: `crate::aggchain_proof::AggchainData`
   --> crates/pessimistic-proof-core/src/lmtr4.rs:250:13
    |
250 |         use crate::aggchain_proof::AggchainData;
    |             ^^^^^^^^^^^^^^^^^^^^^^^^^^^^^^^^^^^

warning: unused variable: `branching_factor`
  --> crates/pessimistic-proof-core/src/lmtr.rs:31:9
   |
31 |         branching_factor: usize,
   |         ^^^^^^^^^^^^^^^^ help: if this is intentional, prefix it with an underscore: `_branching_factor`
   |
   = note: `#[warn(unused_variables)]` on by default

warning: unused variable: `block`
  --> crates/pessimistic-proof-core/src/sabv2.rs:72:13
   |
72 |         for block in blocks {
   |             ^^^^^ help: if this is intentional, prefix it with an underscore: `_block`

warning: unused variable: `consensus_result`
  --> crates/pessimistic-proof-core/src/sabv2.rs:79:13
   |
79 |         let consensus_result = self.run_consensus_mechanism(blocks, validator_nodes)?;
   |             ^^^^^^^^^^^^^^^^ help: if this is intentional, prefix it with an underscore: `_consensus_result`

warning: unused variable: `global_root`
  --> crates/pessimistic-proof-core/src/sabv2.rs:63:9
   |
63 |         global_root: &agglayer_primitives::Digest,
   |         ^^^^^^^^^^^ help: if this is intentional, prefix it with an underscore: `_global_root`

warning: unused variable: `computed_hash`
   --> crates/pessimistic-proof-core/src/sabv2.rs:136:13
    |
136 |         let computed_hash = Keccak256::digest(&block_data);
    |             ^^^^^^^^^^^^^ help: if this is intentional, prefix it with an underscore: `_computed_hash`

warning: unused variable: `declared_hash`
   --> crates/pessimistic-proof-core/src/sabv2.rs:139:13
    |
139 |         let declared_hash = self.get_block_declared_hash(block)?;
    |             ^^^^^^^^^^^^^ help: if this is intentional, prefix it with an underscore: `_declared_hash`

warning: unused variable: `block`
   --> crates/pessimistic-proof-core/src/sabv2.rs:229:32
    |
229 |     fn get_block_height(&self, block: &crate::multi_batch_header::MultiBatchHeader<agglayer_primitives::keccak::Keccak256Hasher>) -> Resu...
    |                                ^^^^^ help: if this is intentional, prefix it with an underscore: `_block`

warning: unused variable: `block`
   --> crates/pessimistic-proof-core/src/sabv2.rs:241:39
    |
241 |     fn get_block_declared_hash(&self, block: &crate::multi_batch_header::MultiBatchHeader<agglayer_primitives::keccak::Keccak256Hasher>) ...
    |                                       ^^^^^ help: if this is intentional, prefix it with an underscore: `_block`

warning: unused variable: `block`
   --> crates/pessimistic-proof-core/src/sabv2.rs:247:32
    |
247 |     fn get_block_signer(&self, block: &crate::multi_batch_header::MultiBatchHeader<agglayer_primitives::keccak::Keccak256Hasher>) -> Resu...
    |                                ^^^^^ help: if this is intentional, prefix it with an underscore: `_block`

warning: unused variable: `block`
   --> crates/pessimistic-proof-core/src/sabv2.rs:257:35
    |
257 |     fn get_block_signature(&self, block: &crate::multi_batch_header::MultiBatchHeader<agglayer_primitives::keccak::Keccak256Hasher>) -> R...
    |                                   ^^^^^ help: if this is intentional, prefix it with an underscore: `_block`

warning: unused variable: `hash`
   --> crates/pessimistic-proof-core/src/sabv2.rs:274:13
    |
274 |         let hash = Keccak256::digest(&block_data);
    |             ^^^^ help: if this is intentional, prefix it with an underscore: `_hash`

warning: unused variable: `block`
   --> crates/pessimistic-proof-core/src/sabv2.rs:295:35
    |
295 |     fn estimate_block_size(&self, block: &crate::multi_batch_header::MultiBatchHeader<agglayer_primitives::keccak::Keccak256Hasher>) -> R...
    |                                   ^^^^^ help: if this is intentional, prefix it with an underscore: `_block`

warning: unused variable: `i`
   --> crates/pessimistic-proof-core/src/lmtr2.rs:144:14
    |
144 |         for (i, block) in blocks.iter().enumerate() {
    |              ^ help: if this is intentional, prefix it with an underscore: `_i`

warning: unused variable: `leaf_hash`
   --> crates/pessimistic-proof-core/src/lmtr2.rs:146:17
    |
146 |             let leaf_hash = Keccak256::digest(&block_data);
    |                 ^^^^^^^^^ help: if this is intentional, prefix it with an underscore: `_leaf_hash`

warning: unused variable: `current_efficiency`
   --> crates/pessimistic-proof-core/src/lmtr2.rs:179:13
    |
179 |         let current_efficiency = self.calculate_tree_efficiency(num_blocks, branching_factor)?;
    |             ^^^^^^^^^^^^^^^^^^ help: if this is intentional, prefix it with an underscore: `_current_efficiency`

warning: unused variable: `new_hash`
   --> crates/pessimistic-proof-core/src/lmtr2.rs:229:21
    |
229 |                 let new_hash = Keccak256::digest(&optimized_data);
    |                     ^^^^^^^^ help: if this is intentional, prefix it with an underscore: `_new_hash`

warning: unused variable: `optimal_config`
   --> crates/pessimistic-proof-core/src/lmtr2.rs:217:9
    |
217 |         optimal_config: &OptimalConfig,
    |         ^^^^^^^^^^^^^^ help: if this is intentional, prefix it with an underscore: `_optimal_config`

warning: unused variable: `parent_hash`
   --> crates/pessimistic-proof-core/src/lmtr2.rs:312:21
    |
312 |                 let parent_hash = Keccak256::digest(&parent_data);
    |                     ^^^^^^^^^^^ help: if this is intentional, prefix it with an underscore: `_parent_hash`

warning: unused variable: `tree`
   --> crates/pessimistic-proof-core/src/lmtr2.rs:399:136
    |
399 | ...ves::keccak::Keccak256Hasher>, tree: &MerkleTree) -> Result<crate::multi_batch_header::MultiBatchHeader<agglayer_primitives::keccak::K...
    |                                   ^^^^ help: if this is intentional, prefix it with an underscore: `_tree`

warning: unused variable: `j_star`
   --> crates/pessimistic-proof-core/src/sabv3.rs:305:9
    |
305 |         j_star: usize,
    |         ^^^^^^ help: if this is intentional, prefix it with an underscore: `_j_star`

warning: unused variable: `j_star`
   --> crates/pessimistic-proof-core/src/sabv4.rs:496:9
    |
496 |         j_star: usize,
    |         ^^^^^^ help: if this is intentional, prefix it with an underscore: `_j_star`

warning: unused variable: `expected_root`
   --> crates/pessimistic-proof-core/src/sabv4.rs:603:72
    |
603 | ...mputed_root: &Digest, expected_root: &agglayer_primitives::Digest, signature: &agglayer_primitives::Signature, signer: &agglayer_primi...
    |                          ^^^^^^^^^^^^^ help: if this is intentional, prefix it with an underscore: `_expected_root`

warning: unused variable: `expected_bytes`
   --> crates/pessimistic-proof-core/src/sabv4.rs:744:56
    |
744 |     fn verify_hash_chain(&self, computed_bytes: &[u8], expected_bytes: &[u8]) -> Result<bool, ProofError> {
    |                                                        ^^^^^^^^^^^^^^ help: if this is intentional, prefix it with an underscore: `_expected_bytes`

warning: field `config` is never read
  --> crates/pessimistic-proof-core/src/sabv.rs:13:5
   |
12 | pub struct SabvAlgorithm {
   |            ------------- field in this struct
13 |     config: SabvConfig,
   |     ^^^^^^
   |
   = note: `SabvAlgorithm` has derived impls for the traits `Clone` and `Debug`, but these are intentionally ignored during dead code analysis
   = note: `#[warn(dead_code)]` on by default

warning: field `config` is never read
  --> crates/pessimistic-proof-core/src/lmtr.rs:12:5
   |
11 | pub struct LmtrAlgorithm {
   |            ------------- field in this struct
12 |     config: LmtrConfig,
   |     ^^^^^^
   |
   = note: `LmtrAlgorithm` has derived impls for the traits `Clone` and `Debug`, but these are intentionally ignored during dead code analysis

warning: fields `config` and `consensus_messages` are never read
  --> crates/pessimistic-proof-core/src/sabv2.rs:34:5
   |
33 | pub struct Sabv2Algorithm {
   |            -------------- fields in this struct
34 |     config: Sabv2Config,
   |     ^^^^^^
35 |     validators: Vec<ValidatorNode>,
36 |     consensus_messages: HashMap<Digest, Vec<ConsensusMessage>>,
   |     ^^^^^^^^^^^^^^^^^^
   |
   = note: `Sabv2Algorithm` has derived impls for the traits `Clone` and `Debug`, but these are intentionally ignored during dead code analysis

warning: multiple methods are never used
   --> crates/pessimistic-proof-core/src/sabv2.rs:89:8
    |
 39 | impl Sabv2Algorithm {
    | ------------------- methods in this implementation
...
 89 |     fn validate_block_cryptography(
    |        ^^^^^^^^^^^^^^^^^^^^^^^^^^^
...
112 |     fn verify_merkle_tree_structure(
    |        ^^^^^^^^^^^^^^^^^^^^^^^^^^^^
...
130 |     fn verify_hash_integrity(
    |        ^^^^^^^^^^^^^^^^^^^^^
...
149 |     fn verify_signature_validity(
    |        ^^^^^^^^^^^^^^^^^^^^^^^^^
...
204 |     fn verify_consensus_threshold(
    |        ^^^^^^^^^^^^^^^^^^^^^^^^^^
...
222 |     fn calculate_optimal_height(&self, block: &crate::multi_batch_header::MultiBatchHeader<agglayer_primitives::keccak::Keccak256Hasher>)...
    |        ^^^^^^^^^^^^^^^^^^^^^^^^
...
229 |     fn get_block_height(&self, block: &crate::multi_batch_header::MultiBatchHeader<agglayer_primitives::keccak::Keccak256Hasher>) -> Resu...
    |        ^^^^^^^^^^^^^^^^
...
241 |     fn get_block_declared_hash(&self, block: &crate::multi_batch_header::MultiBatchHeader<agglayer_primitives::keccak::Keccak256Hasher>) ...
    |        ^^^^^^^^^^^^^^^^^^^^^^^
...
247 |     fn get_block_signer(&self, block: &crate::multi_batch_header::MultiBatchHeader<agglayer_primitives::keccak::Keccak256Hasher>) -> Resu...
    |        ^^^^^^^^^^^^^^^^
...
252 |     fn get_block_message(&self, block: &crate::multi_batch_header::MultiBatchHeader<agglayer_primitives::keccak::Keccak256Hasher>) -> Res...
    |        ^^^^^^^^^^^^^^^^^
...
257 |     fn get_block_signature(&self, block: &crate::multi_batch_header::MultiBatchHeader<agglayer_primitives::keccak::Keccak256Hasher>) -> R...
    |        ^^^^^^^^^^^^^^^^^^^
...
262 |     fn compute_expected_signature(&self, signer: &str, message: &[u8]) -> Result<String, ProofError> {
    |        ^^^^^^^^^^^^^^^^^^^^^^^^^^
...
295 |     fn estimate_block_size(&self, block: &crate::multi_batch_header::MultiBatchHeader<agglayer_primitives::keccak::Keccak256Hasher>) -> R...
    |        ^^^^^^^^^^^^^^^^^^^

warning: field `tree_cache` is never read
  --> crates/pessimistic-proof-core/src/lmtr2.rs:53:5
   |
51 | pub struct Lmtr2Algorithm {
   |            -------------- field in this struct
52 |     config: Lmtr2Config,
53 |     tree_cache: HashMap<Digest, MerkleTree>,
   |     ^^^^^^^^^^
   |
   = note: `Lmtr2Algorithm` has derived impls for the traits `Clone` and `Debug`, but these are intentionally ignored during dead code analysis

warning: fields `branching_factor` and `rebalancing_cost` are never read
   --> crates/pessimistic-proof-core/src/lmtr2.rs:415:5
    |
413 | struct OptimalConfig {
    |        ------------- fields in this struct
414 |     optimal_height: usize,
415 |     branching_factor: usize,
    |     ^^^^^^^^^^^^^^^^
416 |     expected_efficiency: f64,
417 |     rebalancing_cost: u64,
    |     ^^^^^^^^^^^^^^^^
    |
    = note: `OptimalConfig` has derived impls for the traits `Clone` and `Debug`, but these are intentionally ignored during dead code analysis

warning: field `validators` is never read
  --> crates/pessimistic-proof-core/src/sabv3.rs:41:5
   |
39 | pub struct Sabv3Algorithm {
   |            -------------- field in this struct
40 |     config: Sabv3Config,
41 |     validators: Vec<ValidatorNode>,
   |     ^^^^^^^^^^
   |
   = note: `Sabv3Algorithm` has derived impls for the traits `Clone` and `Debug`, but these are intentionally ignored during dead code analysis

warning: methods `construct_local_cc_mbmt`, `compute_shard_hash`, `build_merkle_tree`, and `calculate_tree_height` are never used
   --> crates/pessimistic-proof-core/src/sabv3.rs:302:8
    |
 44 | impl Sabv3Algorithm {
    | ------------------- methods in this implementation
...
302 |     fn construct_local_cc_mbmt(
    |        ^^^^^^^^^^^^^^^^^^^^^^^
...
441 |     fn compute_shard_hash(&self, blocks: &[crate::multi_batch_header::MultiBatchHeader<agglayer_primitives::keccak::Keccak256Hasher>]) ->...
    |        ^^^^^^^^^^^^^^^^^^
...
459 |     fn build_merkle_tree(&self, blocks: &[crate::multi_batch_header::MultiBatchHeader<agglayer_primitives::keccak::Keccak256Hasher>], b: ...
    |        ^^^^^^^^^^^^^^^^^
...
526 |     fn calculate_tree_height(&self, num_blocks: usize, b: usize) -> usize {
    |        ^^^^^^^^^^^^^^^^^^^^^

warning: struct `BlockchainMerkleProof` is never constructed
  --> crates/pessimistic-proof-core/src/sabv4.rs:38:8
   |
38 | struct BlockchainMerkleProof {
   |        ^^^^^^^^^^^^^^^^^^^^^

warning: fields `shard_index` and `round` are never read
  --> crates/pessimistic-proof-core/src/sabv4.rs:50:9
   |
47 | struct MPCShareMessage {
   |        --------------- fields in this struct
...
50 |     pub shard_index: usize,
   |         ^^^^^^^^^^^
51 |     pub share: (f64, f64), // (x, y) = share point
52 |     pub round: u64,
   |         ^^^^^
   |
   = note: `MPCShareMessage` has derived impls for the traits `Clone` and `Debug`, but these are intentionally ignored during dead code analysis

warning: field `consensus_reached` is never read
  --> crates/pessimistic-proof-core/src/sabv4.rs:60:9
   |
57 | struct MPCNetworkState {
   |        --------------- field in this struct
...
60 |     pub consensus_reached: bool,
   |         ^^^^^^^^^^^^^^^^^
   |
   = note: `MPCNetworkState` has a derived impl for the trait `Debug`, but this is intentionally ignored during dead code analysis

warning: field `validators` is never read
  --> crates/pessimistic-proof-core/src/sabv4.rs:67:5
   |
65 | pub struct Sabv4Algorithm {
   |            -------------- field in this struct
66 |     config: Sabv4Config,
67 |     validators: Vec<ValidatorNode>,
   |     ^^^^^^^^^^
   |
   = note: `Sabv4Algorithm` has a derived impl for the trait `Debug`, but this is intentionally ignored during dead code analysis

warning: multiple methods are never used
    --> crates/pessimistic-proof-core/src/sabv4.rs:493:8
     |
  71 | impl Sabv4Algorithm {
     | ------------------- methods in this implementation
...
 493 |     fn construct_local_cc_mbmt(
     |        ^^^^^^^^^^^^^^^^^^^^^^^
...
 564 |     fn verify_integrity_with_blocks(&self, computed_root: &Digest, expected_root: &agglayer_primitives::Digest, blocks: &[crate::multi_ba...
     |        ^^^^^^^^^^^^^^^^^^^^^^^^^^^^
...
 603 |     fn verify_blockchain_signature_real(&self, computed_root: &Digest, expected_root: &agglayer_primitives::Digest, signature: &agglayer_...
     |        ^^^^^^^^^^^^^^^^^^^^^^^^^^^^^^^^
...
 618 |     fn extract_blockchain_public_key(&self, computed_bytes: &[u8]) -> Result<Vec<u8>, ProofError> {
     |        ^^^^^^^^^^^^^^^^^^^^^^^^^^^^^
...
 629 |     fn validate_blockchain_signature(&self, signature: &[u8], public_key: &[u8]) -> Result<bool, ProofError> {
     |        ^^^^^^^^^^^^^^^^^^^^^^^^^^^^^
...
 648 |     fn verify_merkle_proof(&self, computed_root: &Digest, expected_root: &agglayer_primitives::Digest) -> Result<bool, ProofError> {
     |        ^^^^^^^^^^^^^^^^^^^
...
 682 |     fn extract_blockchain_merkle_proof(&self, computed_root: &Digest, expected_root: &agglayer_primitives::Digest) -> Result<BlockchainMe...
     |        ^^^^^^^^^^^^^^^^^^^^^^^^^^^^^^^
...
 717 |     fn validate_blockchain_proof(&self, proof: &BlockchainMerkleProof) -> Result<bool, ProofError> {
     |        ^^^^^^^^^^^^^^^^^^^^^^^^^
...
 744 |     fn verify_hash_chain(&self, computed_bytes: &[u8], expected_bytes: &[u8]) -> Result<bool, ProofError> {
     |        ^^^^^^^^^^^^^^^^^
...
 772 |     fn verify_timestamp_freshness(&self) -> Result<bool, ProofError> {
     |        ^^^^^^^^^^^^^^^^^^^^^^^^^^
...
 784 |     fn verify_nonce_uniqueness(&self, computed_bytes: &[u8], expected_bytes: &[u8]) -> Result<bool, ProofError> {
     |        ^^^^^^^^^^^^^^^^^^^^^^^
...
 814 |     fn verify_zero_knowledge_proof(&self, computed_root: &Digest, expected_root: &agglayer_primitives::Digest) -> Result<bool, ProofError> {
     |        ^^^^^^^^^^^^^^^^^^^^^^^^^^^
...
 853 |     fn calculate_signature_strength(&self, signature_bytes: &[u8]) -> f64 {
     |        ^^^^^^^^^^^^^^^^^^^^^^^^^^^^
...
 950 |     fn calculate_entropy(&self, data: &[u8]) -> f64 {
     |        ^^^^^^^^^^^^^^^^^
...
 970 |     fn compute_shard_hash(&self, blocks: &[crate::multi_batch_header::MultiBatchHeader<agglayer_primitives::keccak::Keccak256Hasher>]) ->...
     |        ^^^^^^^^^^^^^^^^^^
...
1037 |     fn build_merkle_tree(&self, blocks: &[crate::multi_batch_header::MultiBatchHeader<agglayer_primitives::keccak::Keccak256Hasher>], b: ...
     |        ^^^^^^^^^^^^^^^^^
...
1104 |     fn calculate_tree_height(&self, num_blocks: usize, b: usize) -> usize {
     |        ^^^^^^^^^^^^^^^^^^^^^
...
1113 |     fn compute_root_from_blocks(
     |        ^^^^^^^^^^^^^^^^^^^^^^^^

warning: method `reconstruct_block_from_bytes` is never used
   --> crates/pessimistic-proof-core/src/lmtr4.rs:241:8
    |
 27 | impl Lmtr4Algorithm {
    | ------------------- method in this implementation
...
241 |     fn reconstruct_block_from_bytes(&self, bytes: &[u8]) -> Result<crate::multi_batch_header::MultiBatchHeader<agglayer_primitives::kecca...
    |        ^^^^^^^^^^^^^^^^^^^^^^^^^^^^

warning: `pessimistic-proof-core` (lib) generated 48 warnings (run `cargo fix --lib -p pessimistic-proof-core` to apply 11 suggestions)
warning: unused variable: `vk`
   --> crates/pessimistic-proof-test-suite/src/bin/ppgen_sabv_lmtr4.rs:184:24
    |
184 |             Ok((proof, vk, new_roots)) => {
    |                        ^^ help: if this is intentional, prefix it with an underscore: `_vk`
    |
    = note: `#[warn(unused_variables)]` on by default

warning: unused variable: `new_roots`
   --> crates/pessimistic-proof-test-suite/src/bin/ppgen_sabv_lmtr4.rs:184:28
    |
184 |             Ok((proof, vk, new_roots)) => {
    |                            ^^^^^^^^^ help: if this is intentional, prefix it with an underscore: `_new_roots`

warning: `pessimistic-proof-test-suite` (bin "ppgen_sabv_lmtr4") generated 2 warnings
    Finished `release` profile [optimized] target(s) in 1.16s
     Running `target/release/ppgen_sabv_lmtr4 --n-exits 5 --validator-nodes 5 --proof-dir /home/ubuntu/thanhhuyen/proofs/v4`
🔍 SABV4: Starting Algorithm 1 - Verify Aggregated Blocks Integrity
   Input: N=1 blocks, branching_factor=3, validators=5
📊 SABV4: Calculated j* = 1 with variance = 179769313486231570814527423731704356798070567525844996598917476803157260780028538760589558632766878171540458953514382464234321326889464182768467546703537516986049910576551282076245490090389328944075868508455133942304583236903222948165808559332123348274797826204144723168738177180919299881250404026184124858368.0000
✅ Step 1: Optimal sharding size j* = 1 (shard_size = 3^1 = 3)
📦 SABV4: Created 1 shards (0 full + 1 remainder)
✅ Step 2: Partitioned 1 blocks into 1 shards (shard_size = 3)
📡 SABV4: REAL MPC Network - 5 validators broadcast shares, 5 received sufficient shares
🔐 SABV4: REAL Shamir secret sharing - Secret: 0.120387, Reconstructed: 0.120387, Match: true
   Polynomial degree: 2, Shares: 5, Threshold: 3/5
   Validator 4 assigned with share value: 14.466791
✅ Step 3: Secret sharing applied (threshold k=3/5)
📊 Step 4: Rebalancing shards with LMTR4 (Algorithm 2)...
🔧 LMTR4: Starting Algorithm 2 rebalancing for 1 blocks
📊 LMTR4: Initial state - Ni = 1, b = 3, htarget = 4
🔄 LMTR4: Fixed branch imbalance by appending last block - Ni = 2
🔄 LMTR4: Fixed branch imbalance by appending last block - Ni = 3
📊 LMTR4: Height adjustment - Current height = 2, Target = 4
⬆️ LMTR4: Added block to increase height - Ni = 4, height = 2
📊 LMTR4: Height adjustment - Current height = 3, Target = 4
⬆️ LMTR4: Added block to increase height - Ni = 5, height = 3
📊 LMTR4: Height adjustment - Current height = 3, Target = 4
⬆️ LMTR4: Added block to increase height - Ni = 6, height = 3
📊 LMTR4: Height adjustment - Current height = 3, Target = 4
⬆️ LMTR4: Added block to increase height - Ni = 7, height = 3
📊 LMTR4: Height adjustment - Current height = 3, Target = 4
⬆️ LMTR4: Added block to increase height - Ni = 8, height = 3
📊 LMTR4: Height adjustment - Current height = 3, Target = 4
⬆️ LMTR4: Added block to increase height - Ni = 9, height = 3
📊 LMTR4: Height adjustment - Current height = 3, Target = 4
⬆️ LMTR4: Added block to increase height - Ni = 10, height = 3
✅ LMTR4: Rebalancing complete - Final Ni = 10, height = 4
   ✅ Shard 0 (validator 4) - 1 → 10 blocks, height=4
🌳 Step 5a: Building REAL Local CC-MBMT from rebalanced blocks...
   ✅ Validator 4 built REAL local CC-MBMT (shard 0) - 10 blocks → tree height=4
🔗 SABV4: Merged 1 local CC-MBMTs into global CC-MBMT using REAL tree structure
✅ Step 5b: Merged 1 local CC-MBMTs into global root r
✅ Step 6: Computed alternative root r' using SAME Merkle tree method as Step 5a
   Using 10 rebalanced blocks, tree height=4
🔐 Step 7: Verifying integrity...
   r  (from merged trees):     beb0e3136830c7aee825ccc91de5d8671c370643a92c248f11ec3374009f5c04
   r' (from all blocks):       beb0e3136830c7aee825ccc91de5d8671c370643a92c248f11ec3374009f5c04
   R  (global_root expected): 2f13e0331cf7a21c9bf1b4af1d71399f30173f60a1783c563606bfa7ae532007
   r == r'? true
✅ SABV4: Verification PASSED - Algorithm executed correctly
   ✅ r == r' (no tampering detected, root consistency verified)
   ✅ Algorithm integrity: SABV4 + LMTR4 working as designed
📝 Note: Blockchain signature verification delegated to SP1 proving
🔧 LMTR4: Starting Algorithm 2 rebalancing for 1 blocks
📊 LMTR4: Initial state - Ni = 1, b = 3, htarget = 4
🔄 LMTR4: Fixed branch imbalance by appending last block - Ni = 2
🔄 LMTR4: Fixed branch imbalance by appending last block - Ni = 3
📊 LMTR4: Height adjustment - Current height = 2, Target = 4
⬆️ LMTR4: Added block to increase height - Ni = 4, height = 2
📊 LMTR4: Height adjustment - Current height = 3, Target = 4
⬆️ LMTR4: Added block to increase height - Ni = 5, height = 3
📊 LMTR4: Height adjustment - Current height = 3, Target = 4
⬆️ LMTR4: Added block to increase height - Ni = 6, height = 3
📊 LMTR4: Height adjustment - Current height = 3, Target = 4
⬆️ LMTR4: Added block to increase height - Ni = 7, height = 3
📊 LMTR4: Height adjustment - Current height = 3, Target = 4
⬆️ LMTR4: Added block to increase height - Ni = 8, height = 3
📊 LMTR4: Height adjustment - Current height = 3, Target = 4
⬆️ LMTR4: Added block to increase height - Ni = 9, height = 3
📊 LMTR4: Height adjustment - Current height = 3, Target = 4
⬆️ LMTR4: Added block to increase height - Ni = 10, height = 3
✅ LMTR4: Rebalancing complete - Final Ni = 10, height = 4
2025-10-28T10:42:02.021558Z DEBUG initialize prover: chip Cpu has 11 byte interactions
2025-10-28T10:42:02.022069Z DEBUG initialize prover: chip Program has 0 byte interactions
2025-10-28T10:42:02.022403Z DEBUG initialize prover: chip ShaExtend has 60 byte interactions
2025-10-28T10:42:02.023104Z DEBUG initialize prover: chip ShaCompress has 112 byte interactions
2025-10-28T10:42:02.035593Z DEBUG initialize prover: chip EdAddAssign has 818 byte interactions
2025-10-28T10:42:02.064779Z DEBUG initialize prover: chip EdDecompress has 710 byte interactions
2025-10-28T10:42:02.086110Z DEBUG initialize prover: chip Secp256k1Decompress has 616 byte interactions
2025-10-28T10:42:02.108560Z DEBUG initialize prover: chip Secp256k1AddAssign has 1006 byte interactions
2025-10-28T10:42:02.137319Z DEBUG initialize prover: chip Secp256k1DoubleAssign has 1068 byte interactions
2025-10-28T10:42:02.159075Z DEBUG initialize prover: chip Secp256r1Decompress has 616 byte interactions
2025-10-28T10:42:02.175976Z DEBUG initialize prover: chip Secp256r1AddAssign has 1006 byte interactions
2025-10-28T10:42:02.199404Z DEBUG initialize prover: chip Secp256r1DoubleAssign has 1068 byte interactions
2025-10-28T10:42:02.222680Z DEBUG initialize prover: chip KeccakPermute has 200 byte interactions
2025-10-28T10:42:02.248717Z DEBUG initialize prover: chip Bn254AddAssign has 1006 byte interactions
2025-10-28T10:42:02.273914Z DEBUG initialize prover: chip Bn254DoubleAssign has 1068 byte interactions
2025-10-28T10:42:02.319037Z DEBUG initialize prover: chip Bls12381AddAssign has 1518 byte interactions
2025-10-28T10:42:02.388650Z DEBUG initialize prover: chip Bls12381DoubleAssign has 1612 byte interactions
2025-10-28T10:42:02.446650Z DEBUG initialize prover: chip Uint256MulMod has 145 byte interactions
2025-10-28T10:42:02.460768Z DEBUG initialize prover: chip U256XU2048Mul has 1060 byte interactions
2025-10-28T10:42:02.486759Z DEBUG initialize prover: chip Bls12381FpOpAssign has 191 byte interactions
2025-10-28T10:42:02.498824Z DEBUG initialize prover: chip Bls12381Fp2AddSubAssign has 382 byte interactions
2025-10-28T10:42:02.517842Z DEBUG initialize prover: chip Bls12381Fp2MulAssign has 950 byte interactions
2025-10-28T10:42:02.531266Z DEBUG initialize prover: chip Bn254FpOpAssign has 127 byte interactions
2025-10-28T10:42:02.534853Z DEBUG initialize prover: chip Bn254Fp2AddSubAssign has 254 byte interactions
2025-10-28T10:42:02.541092Z DEBUG initialize prover: chip Bn254Fp2MulAssign has 630 byte interactions
2025-10-28T10:42:02.553688Z DEBUG initialize prover: chip Bls12381Decompress has 930 byte interactions
2025-10-28T10:42:02.565935Z DEBUG initialize prover: chip SyscallCore has 0 byte interactions
2025-10-28T10:42:02.565987Z DEBUG initialize prover: chip SyscallPrecompile has 0 byte interactions
2025-10-28T10:42:02.566130Z DEBUG initialize prover: chip DivRem has 11 byte interactions
2025-10-28T10:42:02.566286Z DEBUG initialize prover: chip AddSub has 6 byte interactions
2025-10-28T10:42:02.566344Z DEBUG initialize prover: chip Bitwise has 4 byte interactions
2025-10-28T10:42:02.566406Z DEBUG initialize prover: chip Mul has 14 byte interactions
2025-10-28T10:42:02.566553Z DEBUG initialize prover: chip ShiftRight has 25 byte interactions
2025-10-28T10:42:02.566672Z DEBUG initialize prover: chip ShiftLeft has 4 byte interactions
2025-10-28T10:42:02.566759Z DEBUG initialize prover: chip Lt has 3 byte interactions
2025-10-28T10:42:02.566952Z DEBUG initialize prover: chip MemoryInstrs has 7 byte interactions
2025-10-28T10:42:02.567085Z DEBUG initialize prover: chip Auipc has 1 byte interactions
2025-10-28T10:42:02.567182Z DEBUG initialize prover: chip Branch has 2 byte interactions
2025-10-28T10:42:02.567258Z DEBUG initialize prover: chip Jump has 3 byte interactions
2025-10-28T10:42:02.567375Z DEBUG initialize prover: chip SyscallInstrs has 3 byte interactions
2025-10-28T10:42:02.567647Z DEBUG initialize prover: chip MemoryGlobalInit has 0 byte interactions
2025-10-28T10:42:02.567998Z DEBUG initialize prover: chip MemoryGlobalFinalize has 0 byte interactions
2025-10-28T10:42:02.568251Z DEBUG initialize prover: chip MemoryLocal has 0 byte interactions
2025-10-28T10:42:02.568729Z DEBUG initialize prover: chip Global has 1 byte interactions
2025-10-28T10:42:02.569363Z DEBUG initialize prover: chip Byte has 9 byte interactions
2025-10-28T10:42:02.569420Z DEBUG initialize prover: chip MemoryConst has 0 byte interactions
2025-10-28T10:42:02.569467Z DEBUG initialize prover: chip MemoryVar has 0 byte interactions
2025-10-28T10:42:02.569497Z DEBUG initialize prover: chip BaseAlu has 0 byte interactions
2025-10-28T10:42:02.569582Z DEBUG initialize prover: chip ExtAlu has 0 byte interactions
2025-10-28T10:42:02.569891Z DEBUG initialize prover: chip Poseidon2WideDeg3 has 0 byte interactions
2025-10-28T10:42:02.570268Z DEBUG initialize prover: chip BatchFRI has 0 byte interactions
2025-10-28T10:42:02.570391Z DEBUG initialize prover: chip Select has 0 byte interactions
2025-10-28T10:42:02.570443Z DEBUG initialize prover: chip ExpReverseBitsLen has 0 byte interactions
2025-10-28T10:42:02.570477Z DEBUG initialize prover: chip PublicValues has 0 byte interactions
2025-10-28T10:42:02.570505Z DEBUG initialize prover: chip MemoryConst has 0 byte interactions
2025-10-28T10:42:02.570522Z DEBUG initialize prover: chip MemoryVar has 0 byte interactions
2025-10-28T10:42:02.570549Z DEBUG initialize prover: chip BaseAlu has 0 byte interactions
2025-10-28T10:42:02.570626Z DEBUG initialize prover: chip ExtAlu has 0 byte interactions
2025-10-28T10:42:02.570932Z DEBUG initialize prover: chip Poseidon2WideDeg3 has 0 byte interactions
2025-10-28T10:42:02.571259Z DEBUG initialize prover: chip BatchFRI has 0 byte interactions
2025-10-28T10:42:02.571379Z DEBUG initialize prover: chip Select has 0 byte interactions
2025-10-28T10:42:02.571411Z DEBUG initialize prover: chip ExpReverseBitsLen has 0 byte interactions
2025-10-28T10:42:02.571457Z DEBUG initialize prover: chip PublicValues has 0 byte interactions
2025-10-28T10:42:02.571818Z DEBUG initialize prover: chip MemoryConst has 0 byte interactions
2025-10-28T10:42:02.571848Z DEBUG initialize prover: chip MemoryVar has 0 byte interactions
2025-10-28T10:42:02.571878Z DEBUG initialize prover: chip BaseAlu has 0 byte interactions
2025-10-28T10:42:02.571957Z DEBUG initialize prover: chip ExtAlu has 0 byte interactions
2025-10-28T10:42:02.572317Z DEBUG initialize prover: chip Poseidon2SkinnyDeg9 has 0 byte interactions
2025-10-28T10:42:02.572655Z DEBUG initialize prover: chip Select has 0 byte interactions
2025-10-28T10:42:02.572720Z DEBUG initialize prover: chip PublicValues has 0 byte interactions
2025-10-28T10:42:02.593342Z DEBUG initialize prover: chip Cpu has 11 byte interactions
2025-10-28T10:42:02.593507Z DEBUG initialize prover: chip Program has 0 byte interactions
2025-10-28T10:42:02.593614Z DEBUG initialize prover: chip ShaExtend has 60 byte interactions
2025-10-28T10:42:02.593930Z DEBUG initialize prover: chip ShaCompress has 112 byte interactions
2025-10-28T10:42:02.601821Z DEBUG initialize prover: chip EdAddAssign has 818 byte interactions
2025-10-28T10:42:02.621381Z DEBUG initialize prover: chip EdDecompress has 710 byte interactions
2025-10-28T10:42:02.635187Z DEBUG initialize prover: chip Secp256k1Decompress has 616 byte interactions
2025-10-28T10:42:02.649719Z DEBUG initialize prover: chip Secp256k1AddAssign has 1006 byte interactions
2025-10-28T10:42:02.668383Z DEBUG initialize prover: chip Secp256k1DoubleAssign has 1068 byte interactions
2025-10-28T10:42:02.687738Z DEBUG initialize prover: chip Secp256r1Decompress has 616 byte interactions
2025-10-28T10:42:02.702230Z DEBUG initialize prover: chip Secp256r1AddAssign has 1006 byte interactions
2025-10-28T10:42:02.719918Z DEBUG initialize prover: chip Secp256r1DoubleAssign has 1068 byte interactions
2025-10-28T10:42:02.732335Z DEBUG initialize prover: chip KeccakPermute has 200 byte interactions
2025-10-28T10:42:02.747946Z DEBUG initialize prover: chip Bn254AddAssign has 1006 byte interactions
2025-10-28T10:42:02.762622Z DEBUG initialize prover: chip Bn254DoubleAssign has 1068 byte interactions
2025-10-28T10:42:02.784857Z DEBUG initialize prover: chip Bls12381AddAssign has 1518 byte interactions
2025-10-28T10:42:02.826875Z DEBUG initialize prover: chip Bls12381DoubleAssign has 1612 byte interactions
2025-10-28T10:42:02.865670Z DEBUG initialize prover: chip Uint256MulMod has 145 byte interactions
2025-10-28T10:42:02.874263Z DEBUG initialize prover: chip U256XU2048Mul has 1060 byte interactions
2025-10-28T10:42:02.890928Z DEBUG initialize prover: chip Bls12381FpOpAssign has 191 byte interactions
2025-10-28T10:42:02.902571Z DEBUG initialize prover: chip Bls12381Fp2AddSubAssign has 382 byte interactions
2025-10-28T10:42:02.923947Z DEBUG initialize prover: chip Bls12381Fp2MulAssign has 950 byte interactions
2025-10-28T10:42:02.949659Z DEBUG initialize prover: chip Bn254FpOpAssign has 127 byte interactions
2025-10-28T10:42:02.955735Z DEBUG initialize prover: chip Bn254Fp2AddSubAssign has 254 byte interactions
2025-10-28T10:42:02.966087Z DEBUG initialize prover: chip Bn254Fp2MulAssign has 630 byte interactions
2025-10-28T10:42:02.987018Z DEBUG initialize prover: chip Bls12381Decompress has 930 byte interactions
2025-10-28T10:42:03.010366Z DEBUG initialize prover: chip SyscallCore has 0 byte interactions
2025-10-28T10:42:03.010489Z DEBUG initialize prover: chip SyscallPrecompile has 0 byte interactions
2025-10-28T10:42:03.010635Z DEBUG initialize prover: chip DivRem has 11 byte interactions
2025-10-28T10:42:03.010850Z DEBUG initialize prover: chip AddSub has 6 byte interactions
2025-10-28T10:42:03.010939Z DEBUG initialize prover: chip Bitwise has 4 byte interactions
2025-10-28T10:42:03.011034Z DEBUG initialize prover: chip Mul has 14 byte interactions
2025-10-28T10:42:03.011194Z DEBUG initialize prover: chip ShiftRight has 25 byte interactions
2025-10-28T10:42:03.011357Z DEBUG initialize prover: chip ShiftLeft has 4 byte interactions
2025-10-28T10:42:03.011522Z DEBUG initialize prover: chip Lt has 3 byte interactions
2025-10-28T10:42:03.011700Z DEBUG initialize prover: chip MemoryInstrs has 7 byte interactions
2025-10-28T10:42:03.011876Z DEBUG initialize prover: chip Auipc has 1 byte interactions
2025-10-28T10:42:03.011988Z DEBUG initialize prover: chip Branch has 2 byte interactions
2025-10-28T10:42:03.012104Z DEBUG initialize prover: chip Jump has 3 byte interactions
2025-10-28T10:42:03.012246Z DEBUG initialize prover: chip SyscallInstrs has 3 byte interactions
2025-10-28T10:42:03.012638Z DEBUG initialize prover: chip MemoryGlobalInit has 0 byte interactions
2025-10-28T10:42:03.013228Z DEBUG initialize prover: chip MemoryGlobalFinalize has 0 byte interactions
2025-10-28T10:42:03.013661Z DEBUG initialize prover: chip MemoryLocal has 0 byte interactions
2025-10-28T10:42:03.014339Z DEBUG initialize prover: chip Global has 1 byte interactions
2025-10-28T10:42:03.015349Z DEBUG initialize prover: chip Byte has 9 byte interactions
2025-10-28T10:42:03.030591Z DEBUG initialize prover: chip U256XU2048Mul has 1060 byte interactions
2025-10-28T10:42:03.048035Z DEBUG initialize prover: chip Bn254Fp2MulAssign has 630 byte interactions
2025-10-28T10:42:03.061162Z DEBUG initialize prover: chip Secp256r1Decompress has 616 byte interactions
2025-10-28T10:42:03.074693Z DEBUG initialize prover: chip Secp256k1Decompress has 616 byte interactions
2025-10-28T10:42:03.090668Z DEBUG initialize prover: chip Bn254AddAssign has 1006 byte interactions
2025-10-28T10:42:03.106047Z DEBUG initialize prover: chip KeccakPermute has 200 byte interactions
2025-10-28T10:42:03.123955Z DEBUG initialize prover: chip Secp256k1AddAssign has 1006 byte interactions
2025-10-28T10:42:03.134333Z DEBUG initialize prover: chip Bn254FpOpAssign has 127 byte interactions
2025-10-28T10:42:03.136404Z DEBUG initialize prover: chip ShaExtend has 60 byte interactions
2025-10-28T10:42:03.152026Z DEBUG initialize prover: chip Bls12381AddAssign has 1518 byte interactions
2025-10-28T10:42:03.177540Z DEBUG initialize prover: chip Bls12381Fp2AddSubAssign has 382 byte interactions
2025-10-28T10:42:03.186520Z DEBUG initialize prover: chip EdDecompress has 710 byte interactions
2025-10-28T10:42:03.196274Z DEBUG initialize prover: chip Secp256r1AddAssign has 1006 byte interactions
2025-10-28T10:42:03.208627Z DEBUG initialize prover: chip Bn254DoubleAssign has 1068 byte interactions
2025-10-28T10:42:03.216016Z DEBUG initialize prover: chip Uint256MulMod has 145 byte interactions
2025-10-28T10:42:03.229826Z DEBUG initialize prover: chip Bls12381DoubleAssign has 1612 byte interactions
2025-10-28T10:42:03.262514Z DEBUG initialize prover: chip Bls12381Fp2MulAssign has 950 byte interactions
2025-10-28T10:42:03.277515Z DEBUG initialize prover: chip EdAddAssign has 818 byte interactions
2025-10-28T10:42:03.292587Z DEBUG initialize prover: chip Bls12381Decompress has 930 byte interactions
2025-10-28T10:42:03.308106Z DEBUG initialize prover: chip Secp256r1DoubleAssign has 1068 byte interactions
2025-10-28T10:42:03.316749Z DEBUG initialize prover: chip Bn254Fp2AddSubAssign has 254 byte interactions
2025-10-28T10:42:03.321505Z DEBUG initialize prover: chip Bls12381FpOpAssign has 191 byte interactions
2025-10-28T10:42:03.324488Z DEBUG initialize prover: chip ShaCompress has 112 byte interactions
2025-10-28T10:42:03.335087Z DEBUG initialize prover: chip Secp256k1DoubleAssign has 1068 byte interactions
2025-10-28T10:42:03.352054Z DEBUG initialize prover: vk verification: true
2025-10-28T10:42:03.924467Z DEBUG initialize prover:build compress program:assert lookup multiplicities: close time.busy=11.4µs time.idle=46.2µs
2025-10-28T10:42:04.094604Z DEBUG initialize prover:build compress program:2adic pcs:verify shape and challenges: close time.busy=141ms time.idle=7.72µs
2025-10-28T10:42:04.420497Z DEBUG initialize prover:build compress program:2adic pcs:verify challenges: close time.busy=211ms time.idle=7.98µs
2025-10-28T10:42:04.420666Z DEBUG initialize prover:build compress program:2adic pcs: close time.busy=493ms time.idle=4.20µs
2025-10-28T10:42:04.423585Z DEBUG initialize prover:build compress program:verify constraints: close time.busy=2.89ms time.idle=4.85µs
2025-10-28T10:42:04.446278Z DEBUG initialize prover:build compress program:assert lookup multiplicities: close time.busy=10.4µs time.idle=7.39µs
2025-10-28T10:42:04.609009Z DEBUG initialize prover:build compress program:2adic pcs:verify shape and challenges: close time.busy=132ms time.idle=9.92µs
2025-10-28T10:42:04.874006Z DEBUG initialize prover:build compress program:2adic pcs:verify challenges: close time.busy=162ms time.idle=11.8µs
2025-10-28T10:42:04.876920Z DEBUG initialize prover:build compress program:2adic pcs: close time.busy=427ms time.idle=17.3µs
2025-10-28T10:42:04.884635Z DEBUG initialize prover:build compress program:verify constraints: close time.busy=7.68ms time.idle=4.31µs
2025-10-28T10:42:04.927172Z DEBUG initialize prover:build compress program: close time.busy=1.17s time.idle=14.9µs
2025-10-28T10:42:05.938612Z DEBUG initialize prover:compile compress program:compile raw program: close time.busy=1.01s time.idle=5.66µs
2025-10-28T10:42:06.005791Z DEBUG initialize prover:compile compress program:backfill mult: close time.busy=67.1ms time.idle=6.54µs
2025-10-28T10:42:06.006031Z DEBUG initialize prover:compile compress program:prepend constants: close time.busy=140µs time.idle=5.63µs
2025-10-28T10:42:06.027079Z DEBUG initialize prover:compile compress program: close time.busy=1.10s time.idle=6.88µs
2025-10-28T10:42:06.236942Z DEBUG initialize prover:build compress program:assert lookup multiplicities: close time.busy=13.0µs time.idle=14.0µs
2025-10-28T10:42:06.380764Z DEBUG initialize prover:build compress program:2adic pcs:verify shape and challenges: close time.busy=116ms time.idle=8.14µs
2025-10-28T10:42:06.521569Z DEBUG initialize prover:build compress program:2adic pcs:verify challenges: close time.busy=100ms time.idle=7.83µs
2025-10-28T10:42:06.521687Z DEBUG initialize prover:build compress program:2adic pcs: close time.busy=282ms time.idle=4.01µs
2025-10-28T10:42:06.523857Z DEBUG initialize prover:build compress program:verify constraints: close time.busy=2.15ms time.idle=4.50µs
2025-10-28T10:42:06.537768Z DEBUG initialize prover:build compress program:assert lookup multiplicities: close time.busy=8.21µs time.idle=6.90µs
2025-10-28T10:42:06.632676Z DEBUG initialize prover:build compress program:2adic pcs:verify shape and challenges: close time.busy=76.8ms time.idle=8.05µs
2025-10-28T10:42:06.906814Z DEBUG initialize prover:build compress program:2adic pcs:verify challenges: close time.busy=171ms time.idle=7.64µs
2025-10-28T10:42:06.906974Z DEBUG initialize prover:build compress program:2adic pcs: close time.busy=366ms time.idle=3.98µs
2025-10-28T10:42:06.909210Z DEBUG initialize prover:build compress program:verify constraints: close time.busy=2.21ms time.idle=4.57µs
2025-10-28T10:42:06.925409Z DEBUG initialize prover:build compress program: close time.busy=875ms time.idle=8.74µs
2025-10-28T10:42:07.652416Z DEBUG initialize prover:compile compress program:compile raw program: close time.busy=727ms time.idle=4.28µs
2025-10-28T10:42:07.694370Z DEBUG initialize prover:compile compress program:backfill mult: close time.busy=41.8ms time.idle=6.35µs
2025-10-28T10:42:07.694507Z DEBUG initialize prover:compile compress program:prepend constants: close time.busy=42.3µs time.idle=3.95µs
2025-10-28T10:42:07.712742Z DEBUG initialize prover:compile compress program: close time.busy=787ms time.idle=6.12µs
2025-10-28T10:42:07.858390Z DEBUG initialize prover:build compress program:assert lookup multiplicities: close time.busy=8.86µs time.idle=11.3µs
2025-10-28T10:42:07.945301Z DEBUG initialize prover:build compress program:2adic pcs:verify shape and challenges: close time.busy=70.4ms time.idle=4.99µs
2025-10-28T10:42:08.208138Z DEBUG initialize prover:build compress program:2adic pcs:verify challenges: close time.busy=210ms time.idle=8.14µs
2025-10-28T10:42:08.208254Z DEBUG initialize prover:build compress program:2adic pcs: close time.busy=348ms time.idle=3.56µs
2025-10-28T10:42:08.210492Z DEBUG initialize prover:build compress program:verify constraints: close time.busy=2.22ms time.idle=4.92µs
2025-10-28T10:42:08.223972Z DEBUG initialize prover:build compress program:assert lookup multiplicities: close time.busy=6.83µs time.idle=5.01µs
2025-10-28T10:42:08.320812Z DEBUG initialize prover:build compress program:2adic pcs:verify shape and challenges: close time.busy=78.2ms time.idle=7.09µs
2025-10-28T10:42:08.581831Z DEBUG initialize prover:build compress program:2adic pcs:verify challenges: close time.busy=171ms time.idle=7.78µs
2025-10-28T10:42:08.582032Z DEBUG initialize prover:build compress program:2adic pcs: close time.busy=355ms time.idle=4.43µs
2025-10-28T10:42:08.585130Z DEBUG initialize prover:build compress program:verify constraints: close time.busy=3.07ms time.idle=5.77µs
2025-10-28T10:42:08.616496Z DEBUG initialize prover:build compress program: close time.busy=890ms time.idle=7.76µs
2025-10-28T10:42:09.191182Z DEBUG initialize prover:compile compress program:compile raw program: close time.busy=575ms time.idle=7.18µs
2025-10-28T10:42:09.264943Z DEBUG initialize prover:compile compress program:backfill mult: close time.busy=73.6ms time.idle=8.07µs
2025-10-28T10:42:09.265092Z DEBUG initialize prover:compile compress program:prepend constants: close time.busy=60.4µs time.idle=5.58µs
2025-10-28T10:42:09.287712Z DEBUG initialize prover:compile compress program: close time.busy=671ms time.idle=7.48µs
2025-10-28T10:42:09.497718Z DEBUG initialize prover:build compress program:assert lookup multiplicities: close time.busy=10.4µs time.idle=7.69µs
2025-10-28T10:42:09.650848Z DEBUG initialize prover:build compress program:2adic pcs:verify shape and challenges: close time.busy=126ms time.idle=8.48µs
2025-10-28T10:42:09.893921Z DEBUG initialize prover:build compress program:2adic pcs:verify challenges: close time.busy=181ms time.idle=7.89µs
2025-10-28T10:42:09.894053Z DEBUG initialize prover:build compress program:2adic pcs: close time.busy=394ms time.idle=4.42µs
2025-10-28T10:42:09.897142Z DEBUG initialize prover:build compress program:verify constraints: close time.busy=3.06ms time.idle=5.22µs
2025-10-28T10:42:09.920226Z DEBUG initialize prover:build compress program:assert lookup multiplicities: close time.busy=10.1µs time.idle=8.26µs
2025-10-28T10:42:10.084157Z DEBUG initialize prover:build compress program:2adic pcs:verify shape and challenges: close time.busy=133ms time.idle=8.84µs
2025-10-28T10:42:10.355662Z DEBUG initialize prover:build compress program:2adic pcs:verify challenges: close time.busy=167ms time.idle=6.90µs
2025-10-28T10:42:10.355807Z DEBUG initialize prover:build compress program:2adic pcs: close time.busy=430ms time.idle=6.61µs
2025-10-28T10:42:10.358061Z DEBUG initialize prover:build compress program:verify constraints: close time.busy=2.23ms time.idle=4.52µs
2025-10-28T10:42:10.374293Z DEBUG initialize prover:build compress program: close time.busy=1.07s time.idle=9.32µs
2025-10-28T10:42:11.054652Z DEBUG initialize prover:compile compress program:compile raw program: close time.busy=680ms time.idle=5.76µs
2025-10-28T10:42:11.114022Z DEBUG initialize prover:compile compress program:backfill mult: close time.busy=59.3ms time.idle=7.08µs
2025-10-28T10:42:11.114168Z DEBUG initialize prover:compile compress program:prepend constants: close time.busy=55.6µs time.idle=5.03µs
2025-10-28T10:42:11.138550Z DEBUG initialize prover:compile compress program: close time.busy=764ms time.idle=7.71µs
2025-10-28T10:42:11.153401Z DEBUG initialize prover: close time.busy=9.13s time.idle=9.79µs
2025-10-28T10:42:11.264341Z DEBUG setup:setup machine:generate preprocessed traces: generated preprocessed trace for chip Bn254FpOpAssign in 10.051µs
2025-10-28T10:42:11.264382Z DEBUG setup:setup machine:generate preprocessed traces: generated preprocessed trace for chip EdDecompress in 5.092µs
2025-10-28T10:42:11.264396Z DEBUG setup:setup machine:generate preprocessed traces: generated preprocessed trace for chip ShiftLeft in 991ns
2025-10-28T10:42:11.264339Z DEBUG setup:setup machine:generate preprocessed traces: generated preprocessed trace for chip Bls12381Decompress in 5.399µs
2025-10-28T10:42:11.264445Z DEBUG setup:setup machine:generate preprocessed traces: generated preprocessed trace for chip ShaExtend in 1.286µs
2025-10-28T10:42:11.264341Z DEBUG setup:setup machine:generate preprocessed traces: generated preprocessed trace for chip Bitwise in 1.507µs
2025-10-28T10:42:11.264352Z DEBUG setup:setup machine:generate preprocessed traces: generated preprocessed trace for chip SyscallCore in 6.671µs
2025-10-28T10:42:11.264348Z DEBUG setup:setup machine:generate preprocessed traces: generated preprocessed trace for chip Bn254Fp2MulAssign in 7.928µs
2025-10-28T10:42:11.264555Z DEBUG fixed log2 rows can be potentially reduced: got 50022, expected 524288
2025-10-28T10:42:11.264587Z DEBUG setup:setup machine:generate preprocessed traces: generated preprocessed trace for chip Lt in 1.047µs
2025-10-28T10:42:11.264369Z DEBUG setup:setup machine:generate preprocessed traces: generated preprocessed trace for chip Bls12381DoubleAssign in 6.821µs
2025-10-28T10:42:11.264662Z DEBUG setup:setup machine:generate preprocessed traces: generated preprocessed trace for chip MemoryInstrs in 998ns
2025-10-28T10:42:11.264397Z DEBUG setup:setup machine:generate preprocessed traces: generated preprocessed trace for chip DivRem in 1.231µs
2025-10-28T10:42:11.264360Z DEBUG setup:setup machine:generate preprocessed traces: generated preprocessed trace for chip Bn254AddAssign in 4.937µs
2025-10-28T10:42:11.264403Z DEBUG setup:setup machine:generate preprocessed traces: generated preprocessed trace for chip Cpu in 7.362µs
2025-10-28T10:42:11.264844Z DEBUG setup:setup machine:generate preprocessed traces: generated preprocessed trace for chip ShaCompress in 1.242µs
2025-10-28T10:42:11.264588Z DEBUG setup:setup machine:generate preprocessed traces: generated preprocessed trace for chip Mul in 1.323µs
2025-10-28T10:42:11.264858Z DEBUG setup:setup machine:generate preprocessed traces: generated preprocessed trace for chip Auipc in 1.098µs
2025-10-28T10:42:11.264921Z DEBUG setup:setup machine:generate preprocessed traces: generated preprocessed trace for chip Branch in 1.038µs
2025-10-28T10:42:11.264981Z DEBUG setup:setup machine:generate preprocessed traces: generated preprocessed trace for chip ShiftRight in 1.474µs
2025-10-28T10:42:11.265015Z DEBUG setup:setup machine:generate preprocessed traces: generated preprocessed trace for chip AddSub in 1.282µs
2025-10-28T10:42:11.265035Z DEBUG setup:setup machine:generate preprocessed traces: generated preprocessed trace for chip Jump in 1.267µs
2025-10-28T10:42:11.265160Z DEBUG setup:setup machine:generate preprocessed traces: generated preprocessed trace for chip SyscallInstrs in 1.003µs
2025-10-28T10:42:11.265215Z DEBUG setup:setup machine:generate preprocessed traces: generated preprocessed trace for chip KeccakPermute in 1.904µs
2025-10-28T10:42:11.265214Z DEBUG setup:setup machine:generate preprocessed traces: generated preprocessed trace for chip MemoryLocal in 1.389µs
2025-10-28T10:42:11.265309Z DEBUG setup:setup machine:generate preprocessed traces: generated preprocessed trace for chip MemoryGlobalInit in 1.546µs
2025-10-28T10:42:11.265340Z DEBUG setup:setup machine:generate preprocessed traces: generated preprocessed trace for chip Bls12381FpOpAssign in 1.032µs
2025-10-28T10:42:11.264353Z DEBUG setup:setup machine:generate preprocessed traces: generated preprocessed trace for chip Bn254Fp2AddSubAssign in 6.4µs
2025-10-28T10:42:11.265537Z DEBUG setup:setup machine:generate preprocessed traces: generated preprocessed trace for chip Global in 1.338µs
2025-10-28T10:42:11.264382Z DEBUG setup:setup machine:generate preprocessed traces: generated preprocessed trace for chip SyscallPrecompile in 7.163µs
2025-10-28T10:42:11.265907Z DEBUG setup:setup machine:generate preprocessed traces: generated preprocessed trace for chip MemoryGlobalFinalize in 1.339µs
2025-10-28T10:42:11.265996Z DEBUG setup:setup machine:generate preprocessed traces: generated preprocessed trace for chip Bn254DoubleAssign in 21.039µs
2025-10-28T10:42:11.266068Z DEBUG setup:setup machine:generate preprocessed traces: generated preprocessed trace for chip EdAddAssign in 1.511µs
2025-10-28T10:42:11.266316Z DEBUG setup:setup machine:generate preprocessed traces: generated preprocessed trace for chip Uint256MulMod in 1.391µs
2025-10-28T10:42:11.266370Z DEBUG setup:setup machine:generate preprocessed traces: generated preprocessed trace for chip U256XU2048Mul in 5.346µs
2025-10-28T10:42:11.264379Z DEBUG setup:setup machine:generate preprocessed traces: generated preprocessed trace for chip Secp256r1DoubleAssign in 6.288µs
2025-10-28T10:42:11.283264Z DEBUG setup:setup machine:generate preprocessed traces: generated preprocessed trace for chip Byte in 8.473142ms
2025-10-28T10:42:11.283405Z DEBUG setup:setup machine:generate preprocessed traces: generated preprocessed trace for chip Secp256k1DoubleAssign in 1.402µs
2025-10-28T10:42:11.286058Z DEBUG setup:setup machine:generate preprocessed traces: generated preprocessed trace for chip Bls12381AddAssign in 1.919µs
2025-10-28T10:42:11.286283Z DEBUG setup:setup machine:generate preprocessed traces: generated preprocessed trace for chip Bls12381Fp2AddSubAssign in 1.514µs
2025-10-28T10:42:11.300124Z DEBUG setup:setup machine:generate preprocessed traces: generated preprocessed trace for chip Secp256r1Decompress in 1.916µs
2025-10-28T10:42:11.310306Z DEBUG setup:setup machine:generate preprocessed traces: generated preprocessed trace for chip Bls12381Fp2MulAssign in 1.933µs
2025-10-28T10:42:11.310472Z DEBUG setup:setup machine:generate preprocessed traces: generated preprocessed trace for chip Program in 45.922047ms
2025-10-28T10:42:11.310528Z DEBUG setup:setup machine:generate preprocessed traces: generated preprocessed trace for chip Secp256r1AddAssign in 1.247µs
2025-10-28T10:42:11.328416Z DEBUG setup:setup machine:generate preprocessed traces: generated preprocessed trace for chip Secp256k1Decompress in 2.139µs
2025-10-28T10:42:11.337723Z DEBUG setup:setup machine:generate preprocessed traces: generated preprocessed trace for chip Secp256k1AddAssign in 2.41µs
2025-10-28T10:42:12.612312Z DEBUG setup:setup machine:commit to preprocessed traces: close time.busy=1.13s time.idle=7.93µs
2025-10-28T10:42:12.612388Z DEBUG setup:setup machine:generate preprocessed traces: close time.busy=166ms time.idle=1.18s
2025-10-28T10:42:12.612407Z DEBUG setup:setup machine: close time.busy=1.45s time.idle=4.33µs
2025-10-28T10:42:13.178409Z DEBUG setup: close time.busy=2.02s time.idle=6.57µs
2025-10-28T10:42:13.308469Z DEBUG prove_core:checkpoint generator:batch:clone: close time.busy=319µs time.idle=4.85µs
2025-10-28T10:42:13.308553Z DEBUG prove_core:checkpoint generator:batch:execute: loading memory image
2025-10-28T10:42:13.311729Z  INFO prove_core:checkpoint generator:batch:execute: clk = 0 pc = 0x201504
2025-10-28T10:42:13.504011Z DEBUG prove_core:checkpoint generator:batch:execute: close time.busy=195ms time.idle=4.60µs
2025-10-28T10:42:13.504861Z DEBUG prove_core:checkpoint generator:batch:create memory checkpoint: close time.busy=775µs time.idle=4.46µs
2025-10-28T10:42:13.505593Z DEBUG prove_core:checkpoint generator:batch: close time.busy=198ms time.idle=2.95µs
2025-10-28T10:42:13.505646Z DEBUG prove_core:checkpoint generator:batch:clone: close time.busy=14.4µs time.idle=2.60µs
2025-10-28T10:42:13.512760Z DEBUG prove_core:phase 2 trace generation:trace checkpoint: loading memory image
2025-10-28T10:42:13.515335Z  INFO prove_core:phase 2 trace generation:trace checkpoint: clk = 0 pc = 0x201504
2025-10-28T10:42:13.871529Z DEBUG prove_core:checkpoint generator:batch:execute: close time.busy=366ms time.idle=4.93µs
2025-10-28T10:42:13.875710Z DEBUG prove_core:checkpoint generator:batch:create memory checkpoint: close time.busy=4.09ms time.idle=6.15µs
2025-10-28T10:42:13.880711Z DEBUG prove_core:checkpoint generator:batch: close time.busy=375ms time.idle=4.20µs
2025-10-28T10:42:13.880767Z DEBUG prove_core:checkpoint generator: close time.busy=573ms time.idle=29.0µs
2025-10-28T10:42:14.771460Z DEBUG prove_core:phase 2 trace generation:trace checkpoint: close time.busy=1.27s time.idle=5.88µs
2025-10-28T10:42:14.772945Z DEBUG prove_core:phase 2 trace generation: deferred 0 records
2025-10-28T10:42:14.884951Z DEBUG prove_core:phase 2 trace generation:generate dependencies:generate cpu dependencies: close time.busy=112ms time.idle=4.70µs index=0
2025-10-28T10:42:15.154158Z DEBUG prove_core:phase 2 trace generation:generate dependencies:register nonces: close time.busy=4.36µs time.idle=7.14µs index=0
2025-10-28T10:42:15.154222Z DEBUG prove_core:phase 2 trace generation:generate dependencies: close time.busy=381ms time.idle=4.23µs index=0
2025-10-28T10:42:15.155915Z DEBUG prove_core:phase 2 trace generation: Shard Lifted: Index=1, Cluster=249
2025-10-28T10:42:15.155941Z DEBUG prove_core:phase 2 trace generation: Chip Cpu: 21  -> 21 
2025-10-28T10:42:15.155958Z DEBUG prove_core:phase 2 trace generation: Chip AddSub: 21  -> 21 
2025-10-28T10:42:15.155969Z DEBUG prove_core:phase 2 trace generation: Chip Bitwise: 17  -> 17 
2025-10-28T10:42:15.155979Z DEBUG prove_core:phase 2 trace generation: Chip Mul: 10  -> 17 
2025-10-28T10:42:15.155989Z DEBUG prove_core:phase 2 trace generation: Chip ShiftRight: 15  -> 17 
2025-10-28T10:42:15.156000Z DEBUG prove_core:phase 2 trace generation: Chip ShiftLeft: 16  -> 17 
2025-10-28T10:42:15.156010Z DEBUG prove_core:phase 2 trace generation: Chip Lt: 19  -> 19 
2025-10-28T10:42:15.156019Z DEBUG prove_core:phase 2 trace generation: Chip MemoryLocal: 15  -> 18 
2025-10-28T10:42:15.156029Z DEBUG prove_core:phase 2 trace generation: Chip MemoryInstrs: 21  -> 21 
2025-10-28T10:42:15.156039Z DEBUG prove_core:phase 2 trace generation: Chip Auipc: 15  -> 18 
2025-10-28T10:42:15.156049Z DEBUG prove_core:phase 2 trace generation: Chip Branch: 18  -> 18 
2025-10-28T10:42:15.156059Z DEBUG prove_core:phase 2 trace generation: Chip Jump: 16  -> 18 
2025-10-28T10:42:15.156068Z DEBUG prove_core:phase 2 trace generation: Chip Global: 18  -> 18 
2025-10-28T10:42:15.156078Z DEBUG prove_core:phase 2 trace generation: Chip SyscallCore: 10  -> 10 
2025-10-28T10:42:15.156088Z DEBUG prove_core:phase 2 trace generation: Chip SyscallInstrs: 10  -> 10 
2025-10-28T10:42:15.156889Z DEBUG fixed log2 rows can be potentially reduced: got 26529, expected 262144
2025-10-28T10:42:15.156925Z DEBUG fixed log2 rows can be potentially reduced: got 56928, expected 262144
2025-10-28T10:42:15.156965Z DEBUG fixed log2 rows can be potentially reduced: got 922, expected 131072
2025-10-28T10:42:15.157059Z DEBUG prove_core:phase 2 trace generation:generate main traces:generate traces for shard: generated trace for chip SyscallCore in 146.888µs index=0
2025-10-28T10:42:15.157191Z DEBUG fixed log2 rows can be potentially reduced: got 17475, expected 262144
2025-10-28T10:42:15.157514Z DEBUG fixed log2 rows can be potentially reduced: got 21925, expected 131072
2025-10-28T10:42:15.158828Z DEBUG prove_core:phase 2 trace generation:generate main traces:generate traces for shard: generated trace for chip Mul in 1.882221ms index=0
2025-10-28T10:42:15.159917Z DEBUG prove_core:phase 2 trace generation:generate main traces:generate traces for shard: generated trace for chip Auipc in 3.048076ms index=0
2025-10-28T10:42:15.164072Z DEBUG prove_core:phase 2 trace generation:generate main traces:generate traces for shard: generated trace for chip MemoryLocal in 7.172652ms index=0
2025-10-28T10:42:15.169019Z DEBUG fixed log2 rows can be potentially reduced: got 33845, expected 131072
2025-10-28T10:42:15.170362Z DEBUG prove_core: core cache miss, misses: 0
2025-10-28T10:42:15.175198Z DEBUG prove_core:phase 2 trace generation:generate main traces:generate traces for shard: generated trace for chip Jump in 18.300125ms index=0
2025-10-28T10:42:15.176125Z DEBUG prove_core:phase 2 trace generation:generate main traces:generate traces for shard: generated trace for chip SyscallInstrs in 874.3µs index=0
2025-10-28T10:42:15.185286Z DEBUG prove_core:phase 2 trace generation:generate main traces:generate traces for shard: generated trace for chip Bitwise in 28.5245ms index=0
2025-10-28T10:42:15.241280Z DEBUG prove_core:phase 2 trace generation:generate main traces:generate traces for shard: generated trace for chip ShiftRight in 83.774663ms index=0
2025-10-28T10:42:15.256285Z DEBUG prove_core:phase 2 trace generation:generate main traces:generate traces for shard: generated trace for chip ShiftLeft in 98.581954ms index=0
2025-10-28T10:42:15.270537Z DEBUG prove_core:phase 2 trace generation:generate main traces:generate traces for shard: generated trace for chip Lt in 113.695382ms index=0
2025-10-28T10:42:15.291628Z DEBUG prove_core:build recursion program:read input: close time.busy=121ms time.idle=5.30µs
2025-10-28T10:42:15.293282Z DEBUG prove_core:build recursion program:verify:verify shard:assert lookup multiplicities: close time.busy=11.0µs time.idle=4.02µs
2025-10-28T10:42:15.334959Z DEBUG fixed log2 rows can be potentially reduced: got 50022, expected 524288
2025-10-28T10:42:15.351636Z DEBUG prove_core:phase 2 trace generation:generate main traces:generate traces for shard: generated trace for chip Program in 194.723604ms index=0
2025-10-28T10:42:15.361287Z DEBUG prove_core:phase 2 trace generation:generate main traces:generate traces for shard: generated trace for chip Byte in 3.733783ms index=0
2025-10-28T10:42:15.392872Z DEBUG prove_core:phase 2 trace generation:generate main traces:generate traces for shard: generated trace for chip MemoryInstrs in 235.950653ms index=0
2025-10-28T10:42:15.511245Z DEBUG prove_core:phase 2 trace generation:generate main traces:generate traces for shard: generated trace for chip Branch in 352.382446ms index=0
2025-10-28T10:42:15.536470Z DEBUG prove_core:build recursion program:verify:verify shard:2adic pcs:verify shape and challenges: close time.busy=171ms time.idle=8.93µs
2025-10-28T10:42:15.781600Z DEBUG prove_core:phase 2 trace generation:generate main traces:generate traces for shard: generated trace for chip Cpu in 624.884413ms index=0
2025-10-28T10:42:15.811324Z DEBUG prove_core:phase 2 trace generation:generate main traces:generate traces for shard: generated trace for chip AddSub in 654.22948ms index=0
2025-10-28T10:42:15.998649Z DEBUG prove_core:build recursion program:verify:verify shard:2adic pcs:verify challenges: close time.busy=239ms time.idle=8.43µs
2025-10-28T10:42:15.998851Z DEBUG prove_core:build recursion program:verify:verify shard:2adic pcs: close time.busy=701ms time.idle=6.10µs
2025-10-28T10:42:16.004869Z DEBUG prove_core:build recursion program:verify:verify shard:verify constraints: close time.busy=5.99ms time.idle=5.12µs
2025-10-28T10:42:16.004939Z DEBUG prove_core:build recursion program:verify:verify shard: close time.busy=712ms time.idle=6.37µs
2025-10-28T10:42:16.043465Z DEBUG prove_core:build recursion program:verify: close time.busy=752ms time.idle=6.39µs
2025-10-28T10:42:16.043533Z DEBUG prove_core:build recursion program:build block: close time.busy=2.69µs time.idle=4.31µs
2025-10-28T10:42:16.043549Z DEBUG prove_core:build recursion program: close time.busy=873ms time.idle=5.93µs
2025-10-28T10:42:16.180481Z DEBUG prove_core:phase 2 trace generation:generate main traces:generate traces for shard: generated trace for chip Global in 1.016275621s index=0
2025-10-28T10:42:16.180764Z DEBUG prove_core:phase 2 trace generation:generate main traces:generate traces for shard: close time.busy=1.02s time.idle=5.05µs index=0
2025-10-28T10:42:16.180803Z  INFO prove_core:phase 2 trace generation:generate main traces: close time.busy=1.02s time.idle=3.64µs index=0
2025-10-28T10:42:16.541093Z DEBUG prove_core:compile recursion program:compile raw program: close time.busy=498ms time.idle=5.20µs
2025-10-28T10:42:16.572100Z DEBUG prove_core:compile recursion program:backfill mult: close time.busy=30.9ms time.idle=5.00µs
2025-10-28T10:42:16.572235Z DEBUG prove_core:compile recursion program:prepend constants: close time.busy=62.9µs time.idle=3.93µs
2025-10-28T10:42:16.585242Z DEBUG prove_core:compile recursion program: close time.busy=542ms time.idle=5.54µs
2025-10-28T10:42:17.033723Z DEBUG prove_core:phase 2 trace generation:trace checkpoint: close time.busy=853ms time.idle=6.01µs
2025-10-28T10:42:17.038786Z DEBUG prove_core:phase 2 trace generation: deferred 4 records
2025-10-28T10:42:17.092536Z DEBUG prove_core:phase 2 trace generation:generate dependencies:generate cpu dependencies: close time.busy=53.7ms time.idle=5.04µs index=1
2025-10-28T10:42:17.180613Z DEBUG prove_core:phase 2 trace generation:generate dependencies:register nonces: close time.busy=3.91µs time.idle=7.52µs index=1
2025-10-28T10:42:17.180698Z DEBUG prove_core:phase 2 trace generation:generate dependencies:generate cpu dependencies: close time.busy=11.3µs time.idle=3.54µs index=1
2025-10-28T10:42:17.240722Z DEBUG prove_core:phase 2 trace generation:generate dependencies:register nonces: close time.busy=4.10µs time.idle=7.71µs index=1
2025-10-28T10:42:17.240809Z DEBUG prove_core:phase 2 trace generation:generate dependencies:generate cpu dependencies: close time.busy=11.4µs time.idle=3.70µs index=1
2025-10-28T10:42:17.339223Z DEBUG prove_core:phase 2 trace generation:generate dependencies:register nonces: close time.busy=3.75µs time.idle=6.52µs index=1
2025-10-28T10:42:17.339313Z DEBUG prove_core:phase 2 trace generation:generate dependencies:generate cpu dependencies: close time.busy=9.14µs time.idle=2.55µs index=1
2025-10-28T10:42:17.674850Z DEBUG prove_core:phase 2 trace generation:generate dependencies:register nonces: close time.busy=3.99µs time.idle=8.13µs index=1
2025-10-28T10:42:17.674932Z DEBUG prove_core:phase 2 trace generation:generate dependencies:generate cpu dependencies: close time.busy=13.3µs time.idle=3.45µs index=1
2025-10-28T10:42:17.688617Z DEBUG prove_core:phase 2 trace generation:generate dependencies:register nonces: close time.busy=3.40µs time.idle=7.51µs index=1
2025-10-28T10:42:17.688688Z DEBUG prove_core:phase 2 trace generation:generate dependencies: close time.busy=650ms time.idle=5.98µs index=1
2025-10-28T10:42:17.691357Z DEBUG prove_core:phase 2 trace generation: Shard Lifted: Index=2, Cluster=0
2025-10-28T10:42:17.691378Z DEBUG prove_core:phase 2 trace generation: Chip Cpu: 20  -> 20 
2025-10-28T10:42:17.691392Z DEBUG prove_core:phase 2 trace generation: Chip AddSub: 19  -> 20 
2025-10-28T10:42:17.691403Z DEBUG prove_core:phase 2 trace generation: Chip Bitwise: 16  -> 16 
2025-10-28T10:42:17.691414Z DEBUG prove_core:phase 2 trace generation: Chip Mul: 12  -> 16 
2025-10-28T10:42:17.691455Z DEBUG prove_core:phase 2 trace generation: Chip ShiftRight: 13  -> 16 
2025-10-28T10:42:17.691469Z DEBUG prove_core:phase 2 trace generation: Chip ShiftLeft: 13  -> 16 
2025-10-28T10:42:17.691480Z DEBUG prove_core:phase 2 trace generation: Chip Lt: 18  -> 18 
2025-10-28T10:42:17.691490Z DEBUG prove_core:phase 2 trace generation: Chip MemoryLocal: 13  -> 17 
2025-10-28T10:42:17.691501Z DEBUG prove_core:phase 2 trace generation: Chip MemoryInstrs: 19  -> 19 
2025-10-28T10:42:17.691511Z DEBUG prove_core:phase 2 trace generation: Chip Auipc: 13  -> 17 
2025-10-28T10:42:17.691521Z DEBUG prove_core:phase 2 trace generation: Chip Branch: 17  -> 17 
2025-10-28T10:42:17.691531Z DEBUG prove_core:phase 2 trace generation: Chip Jump: 14  -> 17 
2025-10-28T10:42:17.691541Z DEBUG prove_core:phase 2 trace generation: Chip Global: 16  -> 16 
2025-10-28T10:42:17.691551Z DEBUG prove_core:phase 2 trace generation: Chip SyscallCore: 11  -> 17 
2025-10-28T10:42:17.691562Z DEBUG prove_core:phase 2 trace generation: Chip SyscallInstrs: 11  -> 17 
2025-10-28T10:42:17.693013Z DEBUG fixed log2 rows can be potentially reduced: got 5535, expected 65536
2025-10-28T10:42:17.693089Z DEBUG fixed log2 rows can be potentially reduced: got 10097, expected 131072
2025-10-28T10:42:17.693327Z DEBUG fixed log2 rows can be potentially reduced: got 4337, expected 131072
2025-10-28T10:42:17.693581Z DEBUG generate traces for shard: fixed log2 rows can be potentially reduced: got 50022, expected 524288
2025-10-28T10:42:17.693843Z DEBUG fixed log2 rows can be potentially reduced: got 1996, expected 131072
2025-10-28T10:42:17.694149Z DEBUG generate traces for shard: generated trace for chip MemoryLocal in 1.124134ms
2025-10-28T10:42:17.694242Z DEBUG fixed log2 rows can be potentially reduced: got 3668, expected 65536
2025-10-28T10:42:17.694326Z DEBUG generate traces for shard: fixed log2 rows can be potentially reduced: got 50022, expected 524288
2025-10-28T10:42:17.694803Z DEBUG generate traces for shard: generated trace for chip Auipc in 1.498087ms
2025-10-28T10:42:17.693582Z DEBUG generate traces for shard: fixed log2 rows can be potentially reduced: got 50022, expected 524288
2025-10-28T10:42:17.695562Z DEBUG generate traces for shard: generated trace for chip Program in 2.467096ms
2025-10-28T10:42:17.696772Z DEBUG generate traces for shard: generated trace for chip Mul in 2.546521ms
2025-10-28T10:42:17.696876Z DEBUG generate traces for shard: generated trace for chip SyscallPrecompile in 80.214µs
2025-10-28T10:42:17.693584Z DEBUG generate traces for shard: fixed log2 rows can be potentially reduced: got 50022, expected 524288
2025-10-28T10:42:17.698135Z DEBUG generate traces for shard: generated trace for chip Program in 5.057057ms
2025-10-28T10:42:17.698758Z DEBUG generate traces for shard: generated trace for chip Program in 5.660059ms
2025-10-28T10:42:17.698954Z DEBUG generate traces for shard: generated trace for chip Program in 5.221907ms
2025-10-28T10:42:17.699980Z DEBUG generate traces for shard: generated trace for chip MemoryLocal in 994.007µs
2025-10-28T10:42:17.700504Z DEBUG prove_core: core cache miss, misses: 1
2025-10-28T10:42:17.701600Z DEBUG generate traces for shard: generated trace for chip SyscallCore in 7.921149ms
2025-10-28T10:42:17.703562Z DEBUG generate traces for shard: generated trace for chip Jump in 10.489886ms
2025-10-28T10:42:17.703605Z DEBUG fixed log2 rows can be potentially reduced: got 1996, expected 131072
2025-10-28T10:42:17.709693Z DEBUG generate traces for shard: generated trace for chip SyscallInstrs in 6.101052ms
2025-10-28T10:42:17.709942Z DEBUG fixed log2 rows can be potentially reduced: got 6517, expected 131072
2025-10-28T10:42:17.712219Z DEBUG fixed log2 rows can be potentially reduced: got 495997, expected 1048576
2025-10-28T10:42:17.723650Z DEBUG generate traces for shard: generated trace for chip Bitwise in 30.661692ms
2025-10-28T10:42:17.724048Z DEBUG generate traces for shard: generated trace for chip SyscallPrecompile in 166.113µs
2025-10-28T10:42:17.727610Z DEBUG generate traces for shard: fixed log2 rows can be potentially reduced: got 25428, expected 65536
2025-10-28T10:42:17.732305Z DEBUG fixed log2 rows can be potentially reduced: got 50022, expected 524288
2025-10-28T10:42:17.735233Z DEBUG generate traces for shard: generated trace for chip Program in 41.594466ms
2025-10-28T10:42:17.740941Z DEBUG generate traces for shard: generated trace for chip Branch in 46.106706ms
2025-10-28T10:42:17.746288Z DEBUG generate traces for shard: generated trace for chip ShiftRight in 53.286988ms
2025-10-28T10:42:17.746930Z DEBUG generate traces for shard: generated trace for chip MemoryLocal in 11.648079ms
2025-10-28T10:42:17.752176Z DEBUG fixed log2 rows can be potentially reduced: got 4605, expected 65536
2025-10-28T10:42:17.763504Z DEBUG generate traces for shard: generated trace for chip MemoryLocal in 53.768188ms
2025-10-28T10:42:17.790373Z DEBUG generate traces for shard: generated trace for chip Lt in 97.369497ms
2025-10-28T10:42:17.792314Z DEBUG generate traces for shard: generated trace for chip Byte in 1.863761ms
2025-10-28T10:42:17.792947Z DEBUG prove_core:build recursion program:read input: close time.busy=92.4ms time.idle=4.62µs
2025-10-28T10:42:17.793841Z DEBUG prove_core:build recursion program:verify:verify shard:assert lookup multiplicities: close time.busy=8.79µs time.idle=3.32µs
2025-10-28T10:42:17.794153Z DEBUG generate traces for shard: generated trace for chip Byte in 1.807626ms
2025-10-28T10:42:17.794374Z DEBUG generate traces for shard: generated trace for chip SyscallPrecompile in 189.812µs
2025-10-28T10:42:17.813828Z DEBUG fixed log2 rows can be potentially reduced: got 82304, expected 262144
2025-10-28T10:42:17.828128Z DEBUG generate traces for shard: generated trace for chip ShiftLeft in 81.798337ms
2025-10-28T10:42:17.841804Z DEBUG generate traces for shard: generated trace for chip MemoryGlobalInit in 143.018856ms
2025-10-28T10:42:17.910365Z DEBUG generate traces for shard: generated trace for chip MemoryInstrs in 213.465945ms
2025-10-28T10:42:17.962692Z DEBUG prove_core:build recursion program:verify:verify shard:2adic pcs:verify shape and challenges: close time.busy=121ms time.idle=6.85µs
2025-10-28T10:42:17.967020Z DEBUG generate traces for shard: generated trace for chip Byte in 3.510187ms
2025-10-28T10:42:18.037999Z DEBUG generate traces for shard: generated trace for chip AddSub in 336.357553ms
2025-10-28T10:42:18.039463Z DEBUG generate traces for shard: generated trace for chip Byte in 1.383122ms
2025-10-28T10:42:18.058091Z DEBUG generate traces for shard: generated trace for chip Cpu in 365.120046ms
2025-10-28T10:42:18.182590Z DEBUG generate traces for shard: generated trace for chip MemoryGlobalFinalize in 487.779443ms
2025-10-28T10:42:18.191847Z DEBUG generate traces for shard: generated trace for chip Secp256k1DoubleAssign in 493.68366ms
2025-10-28T10:42:18.263896Z DEBUG prove_core:build recursion program:verify:verify shard:2adic pcs:verify challenges: close time.busy=155ms time.idle=8.64µs
2025-10-28T10:42:18.264719Z DEBUG prove_core:build recursion program:verify:verify shard:2adic pcs: close time.busy=468ms time.idle=4.31µs
2025-10-28T10:42:18.272020Z DEBUG prove_core:build recursion program:verify:verify shard:verify constraints: close time.busy=7.27ms time.idle=6.21µs
2025-10-28T10:42:18.272540Z DEBUG prove_core:build recursion program:verify:verify shard: close time.busy=478ms time.idle=4.70µs
2025-10-28T10:42:18.316862Z DEBUG prove_core:build recursion program:verify: close time.busy=524ms time.idle=5.86µs
2025-10-28T10:42:18.316933Z DEBUG prove_core:build recursion program:build block: close time.busy=3.08µs time.idle=4.51µs
2025-10-28T10:42:18.316951Z DEBUG prove_core:build recursion program: close time.busy=616ms time.idle=5.17µs
2025-10-28T10:42:18.723850Z DEBUG generate traces for shard: generated trace for chip Byte in 728.786µs
2025-10-28T10:42:18.853235Z DEBUG prove_core:compile recursion program:compile raw program: close time.busy=536ms time.idle=15.0µs
2025-10-28T10:42:19.090597Z DEBUG prove_core:compile recursion program:backfill mult: close time.busy=237ms time.idle=6.57µs
2025-10-28T10:42:19.091730Z DEBUG prove_core:compile recursion program:prepend constants: close time.busy=85.2µs time.idle=6.16µs
2025-10-28T10:42:19.106684Z DEBUG prove_core:compile recursion program: close time.busy=790ms time.idle=5.21µs
2025-10-28T10:42:19.147206Z DEBUG prove_core: core cache miss, misses: 2
2025-10-28T10:42:19.259114Z DEBUG generate traces for shard: generated trace for chip KeccakPermute in 1.563526473s
2025-10-28T10:42:19.382094Z DEBUG prove_core:build recursion program:read input: close time.busy=235ms time.idle=4.63µs
2025-10-28T10:42:19.382976Z DEBUG prove_core:build recursion program:verify:verify shard:assert lookup multiplicities: close time.busy=21.6µs time.idle=3.29µs
2025-10-28T10:42:19.390004Z DEBUG generate traces for shard: generated trace for chip Global in 1.626443696s
2025-10-28T10:42:19.399007Z DEBUG generate traces for shard: close time.busy=1.71s time.idle=7.49µs
2025-10-28T10:42:19.421091Z DEBUG generate traces for shard: generated trace for chip Global in 1.721078286s
2025-10-28T10:42:19.421326Z DEBUG generate traces for shard: close time.busy=1.73s time.idle=7.43µs
2025-10-28T10:42:19.605393Z DEBUG generate traces for shard: generated trace for chip Global in 1.858408731s
2025-10-28T10:42:19.605417Z DEBUG generate traces for shard: generated trace for chip Global in 1.589861026s
2025-10-28T10:42:19.605579Z DEBUG generate traces for shard: close time.busy=1.91s time.idle=5.30µs
2025-10-28T10:42:19.605682Z DEBUG generate traces for shard: generated trace for chip Secp256k1AddAssign in 1.912649566s
2025-10-28T10:42:19.605929Z DEBUG generate traces for shard: close time.busy=1.91s time.idle=14.4µs
2025-10-28T10:42:19.699381Z DEBUG prove_core:build recursion program:verify:verify shard:2adic pcs:verify shape and challenges: close time.busy=141ms time.idle=9.04µs
2025-10-28T10:42:19.712120Z DEBUG generate traces for shard: generated trace for chip Global in 2.017943999s
2025-10-28T10:42:19.712265Z DEBUG generate traces for shard: close time.busy=2.02s time.idle=5.82µs
2025-10-28T10:42:19.712462Z  INFO prove_core:phase 2 trace generation:generate main traces: close time.busy=2.02s time.idle=9.97µs index=1
2025-10-28T10:42:20.304340Z DEBUG prove_core:build recursion program:verify:verify shard:2adic pcs:verify challenges: close time.busy=240ms time.idle=9.21µs
2025-10-28T10:42:20.304571Z DEBUG prove_core:build recursion program:verify:verify shard:2adic pcs: close time.busy=920ms time.idle=3.74µs
2025-10-28T10:42:20.330912Z DEBUG prove_core:build recursion program:verify:verify shard:verify constraints: close time.busy=26.3ms time.idle=7.72µs
2025-10-28T10:42:20.331018Z DEBUG prove_core:build recursion program:verify:verify shard: close time.busy=948ms time.idle=4.38µs
2025-10-28T10:42:20.374384Z DEBUG prove_core:build recursion program:verify: close time.busy=992ms time.idle=5.42µs
2025-10-28T10:42:20.374480Z DEBUG prove_core:build recursion program:build block: close time.busy=2.31µs time.idle=4.16µs
2025-10-28T10:42:20.374500Z DEBUG prove_core:build recursion program: close time.busy=1.23s time.idle=4.89µs
2025-10-28T10:42:21.025133Z DEBUG prove_core:compile recursion program:compile raw program: close time.busy=651ms time.idle=5.05µs
2025-10-28T10:42:21.278565Z DEBUG prove_core:compile recursion program:backfill mult: close time.busy=253ms time.idle=6.73µs
2025-10-28T10:42:21.278847Z DEBUG prove_core:compile recursion program:prepend constants: close time.busy=203µs time.idle=5.43µs
2025-10-28T10:42:21.293719Z DEBUG prove_core:compile recursion program: close time.busy=919ms time.idle=5.20µs
2025-10-28T10:43:07.672347Z DEBUG prove_core:phase 2 prover:batch:commit: close time.busy=51.5s time.idle=5.97µs shard=1
2025-10-28T10:43:22.893641Z DEBUG prove_core:phase 2 prover:batch:opening:generate permutation traces: close time.busy=15.2s time.idle=5.35µs shard=1
2025-10-28T10:43:22.893774Z DEBUG prove_core:phase 2 prover:batch:opening: AddSub          | Main Cols = 19    | Pre Cols = 0      | Perm Cols = 20    | Rows = 2097152 | Cells = 81788928   shard=1
2025-10-28T10:43:22.893795Z DEBUG prove_core:phase 2 prover:batch:opening: Cpu             | Main Cols = 57    | Pre Cols = 0      | Perm Cols = 44    | Rows = 2097152 | Cells = 211812352  shard=1
2025-10-28T10:43:22.893807Z DEBUG prove_core:phase 2 prover:batch:opening: MemoryInstrs    | Main Cols = 57    | Pre Cols = 0      | Perm Cols = 28    | Rows = 2097152 | Cells = 178257920  shard=1
2025-10-28T10:43:22.893818Z DEBUG prove_core:phase 2 prover:batch:opening: Lt              | Main Cols = 33    | Pre Cols = 0      | Perm Cols = 12    | Rows = 524288 | Cells = 23592960   shard=1
2025-10-28T10:43:22.893835Z DEBUG prove_core:phase 2 prover:batch:opening: Program         | Main Cols = 1     | Pre Cols = 14     | Perm Cols = 8     | Rows = 524288 | Cells = 12058624   shard=1
2025-10-28T10:43:22.893847Z DEBUG prove_core:phase 2 prover:batch:opening: Auipc           | Main Cols = 21    | Pre Cols = 0      | Perm Cols = 12    | Rows = 262144 | Cells = 8650752    shard=1
2025-10-28T10:43:22.893859Z DEBUG prove_core:phase 2 prover:batch:opening: Branch          | Main Cols = 34    | Pre Cols = 0      | Perm Cols = 16    | Rows = 262144 | Cells = 13107200   shard=1
2025-10-28T10:43:22.893871Z DEBUG prove_core:phase 2 prover:batch:opening: Global          | Main Cols = 412   | Pre Cols = 0      | Perm Cols = 8     | Rows = 262144 | Cells = 110100480  shard=1
2025-10-28T10:43:22.893882Z DEBUG prove_core:phase 2 prover:batch:opening: Jump            | Main Cols = 26    | Pre Cols = 0      | Perm Cols = 16    | Rows = 262144 | Cells = 11010048   shard=1
2025-10-28T10:43:22.893893Z DEBUG prove_core:phase 2 prover:batch:opening: MemoryLocal     | Main Cols = 56    | Pre Cols = 0      | Perm Cols = 36    | Rows = 262144 | Cells = 24117248   shard=1
2025-10-28T10:43:22.893905Z DEBUG prove_core:phase 2 prover:batch:opening: Bitwise         | Main Cols = 17    | Pre Cols = 0      | Perm Cols = 16    | Rows = 131072 | Cells = 4325376    shard=1
2025-10-28T10:43:22.893916Z DEBUG prove_core:phase 2 prover:batch:opening: Mul             | Main Cols = 39    | Pre Cols = 0      | Perm Cols = 36    | Rows = 131072 | Cells = 9830400    shard=1
2025-10-28T10:43:22.893927Z DEBUG prove_core:phase 2 prover:batch:opening: ShiftLeft       | Main Cols = 44    | Pre Cols = 0      | Perm Cols = 16    | Rows = 131072 | Cells = 7864320    shard=1
2025-10-28T10:43:22.893939Z DEBUG prove_core:phase 2 prover:batch:opening: ShiftRight      | Main Cols = 70    | Pre Cols = 0      | Perm Cols = 56    | Rows = 131072 | Cells = 16515072   shard=1
2025-10-28T10:43:22.893950Z DEBUG prove_core:phase 2 prover:batch:opening: Byte            | Main Cols = 9     | Pre Cols = 11     | Perm Cols = 24    | Rows = 65536 | Cells = 2883584    shard=1
2025-10-28T10:43:22.893971Z DEBUG prove_core:phase 2 prover:batch:opening: SyscallCore     | Main Cols = 6     | Pre Cols = 0      | Perm Cols = 8     | Rows = 1024  | Cells = 14336      shard=1
2025-10-28T10:43:22.893983Z DEBUG prove_core:phase 2 prover:batch:opening: SyscallInstrs   | Main Cols = 52    | Pre Cols = 0      | Perm Cols = 20    | Rows = 1024  | Cells = 73728      shard=1
2025-10-28T10:43:27.382533Z DEBUG prove_core:phase 2 prover:batch:opening:flatten permutation traces and collect domains: close time.busy=4.49s time.idle=6.43µs shard=1
2025-10-28T10:43:56.003993Z DEBUG prove_core:phase 2 prover:batch:opening:commit to permutation traces: close time.busy=28.6s time.idle=12.2µs shard=1
2025-10-28T10:43:56.021605Z DEBUG prove_core:phase 2 prover:batch:opening:compute quotient values:compute quotient values for domain: close time.busy=16.5ms time.idle=8.21µs shard=1
2025-10-28T10:43:56.111346Z DEBUG prove_core:phase 2 prover:batch:opening:compute quotient values:compute quotient values for domain: close time.busy=107ms time.idle=6.62µs shard=1
2025-10-28T10:44:02.221743Z DEBUG prove_core:phase 2 prover:batch:opening:compute quotient values:compute quotient values for domain: close time.busy=6.22s time.idle=12.2µs shard=1
2025-10-28T10:44:02.522983Z DEBUG prove_core:phase 2 prover:batch:opening:compute quotient values:compute quotient values for domain: close time.busy=6.52s time.idle=23.9µs shard=1
2025-10-28T10:44:06.888300Z DEBUG prove_core:phase 2 prover:batch:opening:compute quotient values:compute quotient values for domain: close time.busy=10.9s time.idle=8.03µs shard=1
2025-10-28T10:44:08.028172Z DEBUG prove_core:phase 2 prover:batch:opening:compute quotient values:compute quotient values for domain: close time.busy=12.0s time.idle=9.88µs shard=1
2025-10-28T10:44:09.102750Z DEBUG prove_core:phase 2 prover:batch:opening:compute quotient values:compute quotient values for domain: close time.busy=13.1s time.idle=22.7µs shard=1
