   Compiling pessimistic-proof-core v0.1.0 (/home/ubuntu/thanhhuyen/agglayer/crates/pessimistic-proof-core)
error[E0252]: the name `Keccak256Hasher` is defined multiple times
   --> crates/pessimistic-proof-core/src/lmtr4.rs:365:13
    |
355 |         use agglayer_primitives::keccak::Keccak256Hasher;
    |             -------------------------------------------- previous import of the type `Keccak256Hasher` here
...
365 |         use agglayer_primitives::keccak::Keccak256Hasher;
    |             ^^^^^^^^^^^^^^^^^^^^^^^^^^^^^^^^^^^^^^^^^^^^ `Keccak256Hasher` reimported here
    |
    = note: `Keccak256Hasher` must be defined only once in the type namespace of this block

error[E0252]: the name `Keccak256Hasher` is defined multiple times
   --> crates/pessimistic-proof-core/src/lmtr4.rs:606:13
    |
599 |         use agglayer_primitives::keccak::Keccak256Hasher;
    |             -------------------------------------------- previous import of the type `Keccak256Hasher` here
...
606 |         use agglayer_primitives::keccak::Keccak256Hasher;
    |             ^^^^^^^^^^^^^^^^^^^^^^^^^^^^^^^^^^^^^^^^^^^^ `Keccak256Hasher` reimported here
    |
    = note: `Keccak256Hasher` must be defined only once in the type namespace of this block

error[E0252]: the name `MultiBatchHeader` is defined multiple times
   --> crates/pessimistic-proof-core/src/lmtr4.rs:364:13
    |
354 |         use crate::multi_batch_header::MultiBatchHeader;
    |             ------------------------------------------- previous import of the type `MultiBatchHeader` here
...
364 |         use crate::multi_batch_header::MultiBatchHeader;
    |             ^^^^^^^^^^^^^^^^^^^^^^^^^^^^^^^^^^^^^^^^^^^ `MultiBatchHeader` reimported here
    |
    = note: `MultiBatchHeader` must be defined only once in the type namespace of this block

error[E0252]: the name `MultiBatchHeader` is defined multiple times
   --> crates/pessimistic-proof-core/src/lmtr4.rs:605:13
    |
598 |         use crate::multi_batch_header::MultiBatchHeader;
    |             ------------------------------------------- previous import of the type `MultiBatchHeader` here
...
605 |         use crate::multi_batch_header::MultiBatchHeader;
    |             ^^^^^^^^^^^^^^^^^^^^^^^^^^^^^^^^^^^^^^^^^^^ `MultiBatchHeader` reimported here
    |
    = note: `MultiBatchHeader` must be defined only once in the type namespace of this block

warning: unused import: `keccak::Keccak256Hasher`
 --> crates/pessimistic-proof-core/src/sabv2.rs:2:35
  |
2 | use agglayer_primitives::{Digest, keccak::Keccak256Hasher};
  |                                   ^^^^^^^^^^^^^^^^^^^^^^^
  |
  = note: `#[warn(unused_imports)]` on by default

warning: unused import: `keccak::Keccak256Hasher`
 --> crates/pessimistic-proof-core/src/lmtr2.rs:2:35
  |
2 | use agglayer_primitives::{Digest, keccak::Keccak256Hasher};
  |                                   ^^^^^^^^^^^^^^^^^^^^^^^

warning: unused import: `keccak::Keccak256Hasher`
 --> crates/pessimistic-proof-core/src/sabv3.rs:2:35
  |
2 | use agglayer_primitives::{Digest, keccak::Keccak256Hasher};
  |                                   ^^^^^^^^^^^^^^^^^^^^^^^

warning: unused import: `keccak::Keccak256Hasher`
 --> crates/pessimistic-proof-core/src/lmtr3.rs:2:35
  |
2 | use agglayer_primitives::{Digest, keccak::Keccak256Hasher};
  |                                   ^^^^^^^^^^^^^^^^^^^^^^^

warning: unused import: `keccak::Keccak256Hasher`
 --> crates/pessimistic-proof-core/src/sabv4.rs:2:35
  |
2 | use agglayer_primitives::{Digest, keccak::Keccak256Hasher};
  |                                   ^^^^^^^^^^^^^^^^^^^^^^^

warning: unused import: `keccak::Keccak256Hasher`
 --> crates/pessimistic-proof-core/src/lmtr4.rs:2:35
  |
2 | use agglayer_primitives::{Digest, keccak::Keccak256Hasher};
  |                                   ^^^^^^^^^^^^^^^^^^^^^^^

warning: unused import: `crate::multi_batch_header::MultiBatchHeader`
   --> crates/pessimistic-proof-core/src/lmtr4.rs:364:13
    |
364 |         use crate::multi_batch_header::MultiBatchHeader;
    |             ^^^^^^^^^^^^^^^^^^^^^^^^^^^^^^^^^^^^^^^^^^^

warning: unused import: `agglayer_primitives::keccak::Keccak256Hasher`
   --> crates/pessimistic-proof-core/src/lmtr4.rs:365:13
    |
365 |         use agglayer_primitives::keccak::Keccak256Hasher;
    |             ^^^^^^^^^^^^^^^^^^^^^^^^^^^^^^^^^^^^^^^^^^^^

warning: unnecessary parentheses around assigned value
   --> crates/pessimistic-proof-core/src/lmtr4.rs:532:34
    |
532 |             let optimized_byte = ((byte as f64 * factor) as u8);
    |                                  ^                            ^
    |
    = note: `#[warn(unused_parens)]` on by default
help: remove these parentheses
    |
532 -             let optimized_byte = ((byte as f64 * factor) as u8);
532 +             let optimized_byte = (byte as f64 * factor) as u8;
    |

warning: unnecessary parentheses around assigned value
   --> crates/pessimistic-proof-core/src/lmtr4.rs:572:35
    |
572 |             let simplified_byte = ((byte as f64 / (1.0 + factor)) as u8);
    |                                   ^                                    ^
    |
help: remove these parentheses
    |
572 -             let simplified_byte = ((byte as f64 / (1.0 + factor)) as u8);
572 +             let simplified_byte = (byte as f64 / (1.0 + factor)) as u8;
    |

warning: unused import: `crate::multi_batch_header::MultiBatchHeader`
   --> crates/pessimistic-proof-core/src/lmtr4.rs:605:13
    |
605 |         use crate::multi_batch_header::MultiBatchHeader;
    |             ^^^^^^^^^^^^^^^^^^^^^^^^^^^^^^^^^^^^^^^^^^^

warning: unused import: `agglayer_primitives::keccak::Keccak256Hasher`
   --> crates/pessimistic-proof-core/src/lmtr4.rs:606:13
    |
606 |         use agglayer_primitives::keccak::Keccak256Hasher;
    |             ^^^^^^^^^^^^^^^^^^^^^^^^^^^^^^^^^^^^^^^^^^^^

warning: unused import: `keccak::Keccak256Hasher`
 --> crates/pessimistic-proof-core/src/benchmark_v2.rs:2:35
  |
2 | use agglayer_primitives::{Digest, keccak::Keccak256Hasher};
  |                                   ^^^^^^^^^^^^^^^^^^^^^^^

warning: unused import: `Keccak256`
 --> crates/pessimistic-proof-core/src/benchmark_v2.rs:3:34
  |
3 | use sha3::{Digest as Sha3Digest, Keccak256};
  |                                  ^^^^^^^^^

warning: unused import: `std::collections::HashMap`
 --> crates/pessimistic-proof-core/src/benchmark_v2.rs:5:5
  |
5 | use std::collections::HashMap;
  |     ^^^^^^^^^^^^^^^^^^^^^^^^^

warning: use of deprecated associated function `secp256k1::Message::from_digest_slice`: use from_digest instead
   --> crates/pessimistic-proof-core/src/sabv4.rs:450:32
    |
450 |         let message = Message::from_digest_slice(computed_bytes)
    |                                ^^^^^^^^^^^^^^^^^
    |
    = note: `#[warn(deprecated)]` on by default

error[E0599]: the function or associated item `new` exists for struct `MultiBatchHeader<Keccak256Hasher>`, but its trait bounds were not satisfied
   --> crates/pessimistic-proof-core/src/lmtr4.rs:368:58
    |
368 |         let block = MultiBatchHeader::<Keccak256Hasher>::new();
    |                                                          ^^^ function or associated item cannot be called on `MultiBatchHeader<Keccak256Hasher>` due to unsatisfied trait bounds
    |
   ::: crates/pessimistic-proof-core/src/multi_batch_header.rs:17:1
    |
 17 | pub struct MultiBatchHeader<H>
    | ------------------------------ doesn't satisfy 5 bounds
    |
    = note: the following trait bounds were not satisfied:
            `MultiBatchHeader<Keccak256Hasher>: FixedOutput`
            which is required by `MultiBatchHeader<Keccak256Hasher>: sha3::Digest`
            `MultiBatchHeader<Keccak256Hasher>: Default`
            which is required by `MultiBatchHeader<Keccak256Hasher>: sha3::Digest`
            `MultiBatchHeader<Keccak256Hasher>: Update`
            which is required by `MultiBatchHeader<Keccak256Hasher>: sha3::Digest`
            `MultiBatchHeader<Keccak256Hasher>: HashMarker`
            which is required by `MultiBatchHeader<Keccak256Hasher>: sha3::Digest`
            `&MultiBatchHeader<Keccak256Hasher>: FixedOutput`
            which is required by `&MultiBatchHeader<Keccak256Hasher>: sha3::Digest`
            `&MultiBatchHeader<Keccak256Hasher>: Default`
            which is required by `&MultiBatchHeader<Keccak256Hasher>: sha3::Digest`
            `&MultiBatchHeader<Keccak256Hasher>: Update`
            which is required by `&MultiBatchHeader<Keccak256Hasher>: sha3::Digest`
            `&MultiBatchHeader<Keccak256Hasher>: HashMarker`
            which is required by `&MultiBatchHeader<Keccak256Hasher>: sha3::Digest`
            `&mut MultiBatchHeader<Keccak256Hasher>: FixedOutput`
            which is required by `&mut MultiBatchHeader<Keccak256Hasher>: sha3::Digest`
            `&mut MultiBatchHeader<Keccak256Hasher>: Default`
            which is required by `&mut MultiBatchHeader<Keccak256Hasher>: sha3::Digest`
            `&mut MultiBatchHeader<Keccak256Hasher>: Update`
            which is required by `&mut MultiBatchHeader<Keccak256Hasher>: sha3::Digest`
            `&mut MultiBatchHeader<Keccak256Hasher>: HashMarker`
            which is required by `&mut MultiBatchHeader<Keccak256Hasher>: sha3::Digest`
note: the traits `FixedOutput`, `HashMarker`,  and `Update` must be implemented
   --> /home/ubuntu/.cargo/registry/src/index.crates.io-1949cf8c6b5b557f/digest-0.10.7/src/lib.rs:77:1
    |
 77 | pub trait Update {
    | ^^^^^^^^^^^^^^^^
...
 93 | pub trait FixedOutput: Update + OutputSizeUser + Sized {
    | ^^^^^^^^^^^^^^^^^^^^^^^^^^^^^^^^^^^^^^^^^^^^^^^^^^^^^^
    |
   ::: /home/ubuntu/.cargo/registry/src/index.crates.io-1949cf8c6b5b557f/digest-0.10.7/src/digest.rs:8:1
    |
  8 | pub trait HashMarker {}
    | ^^^^^^^^^^^^^^^^^^^^
help: consider annotating `MultiBatchHeader<Keccak256Hasher>` with `#[derive(Default)]`
   --> crates/pessimistic-proof-core/src/multi_batch_header.rs:17:1
    |
 17 + #[derive(Default)]
 18 | pub struct MultiBatchHeader<H>
    |

error[E0599]: the function or associated item `new` exists for struct `MultiBatchHeader<Keccak256Hasher>`, but its trait bounds were not satisfied
   --> crates/pessimistic-proof-core/src/lmtr4.rs:609:58
    |
609 |         let block = MultiBatchHeader::<Keccak256Hasher>::new();
    |                                                          ^^^ function or associated item cannot be called on `MultiBatchHeader<Keccak256Hasher>` due to unsatisfied trait bounds
    |
   ::: crates/pessimistic-proof-core/src/multi_batch_header.rs:17:1
    |
 17 | pub struct MultiBatchHeader<H>
    | ------------------------------ doesn't satisfy 5 bounds
    |
    = note: the following trait bounds were not satisfied:
            `MultiBatchHeader<Keccak256Hasher>: FixedOutput`
            which is required by `MultiBatchHeader<Keccak256Hasher>: sha3::Digest`
            `MultiBatchHeader<Keccak256Hasher>: Default`
            which is required by `MultiBatchHeader<Keccak256Hasher>: sha3::Digest`
            `MultiBatchHeader<Keccak256Hasher>: Update`
            which is required by `MultiBatchHeader<Keccak256Hasher>: sha3::Digest`
            `MultiBatchHeader<Keccak256Hasher>: HashMarker`
            which is required by `MultiBatchHeader<Keccak256Hasher>: sha3::Digest`
            `&MultiBatchHeader<Keccak256Hasher>: FixedOutput`
            which is required by `&MultiBatchHeader<Keccak256Hasher>: sha3::Digest`
            `&MultiBatchHeader<Keccak256Hasher>: Default`
            which is required by `&MultiBatchHeader<Keccak256Hasher>: sha3::Digest`
            `&MultiBatchHeader<Keccak256Hasher>: Update`
            which is required by `&MultiBatchHeader<Keccak256Hasher>: sha3::Digest`
            `&MultiBatchHeader<Keccak256Hasher>: HashMarker`
            which is required by `&MultiBatchHeader<Keccak256Hasher>: sha3::Digest`
            `&mut MultiBatchHeader<Keccak256Hasher>: FixedOutput`
            which is required by `&mut MultiBatchHeader<Keccak256Hasher>: sha3::Digest`
            `&mut MultiBatchHeader<Keccak256Hasher>: Default`
            which is required by `&mut MultiBatchHeader<Keccak256Hasher>: sha3::Digest`
            `&mut MultiBatchHeader<Keccak256Hasher>: Update`
            which is required by `&mut MultiBatchHeader<Keccak256Hasher>: sha3::Digest`
            `&mut MultiBatchHeader<Keccak256Hasher>: HashMarker`
            which is required by `&mut MultiBatchHeader<Keccak256Hasher>: sha3::Digest`
note: the traits `FixedOutput`, `HashMarker`,  and `Update` must be implemented
   --> /home/ubuntu/.cargo/registry/src/index.crates.io-1949cf8c6b5b557f/digest-0.10.7/src/lib.rs:77:1
    |
 77 | pub trait Update {
    | ^^^^^^^^^^^^^^^^
...
 93 | pub trait FixedOutput: Update + OutputSizeUser + Sized {
    | ^^^^^^^^^^^^^^^^^^^^^^^^^^^^^^^^^^^^^^^^^^^^^^^^^^^^^^
    |
   ::: /home/ubuntu/.cargo/registry/src/index.crates.io-1949cf8c6b5b557f/digest-0.10.7/src/digest.rs:8:1
    |
  8 | pub trait HashMarker {}
    | ^^^^^^^^^^^^^^^^^^^^
help: consider annotating `MultiBatchHeader<Keccak256Hasher>` with `#[derive(Default)]`
   --> crates/pessimistic-proof-core/src/multi_batch_header.rs:17:1
    |
 17 + #[derive(Default)]
 18 | pub struct MultiBatchHeader<H>
    |

warning: unused import: `Digest`
 --> crates/pessimistic-proof-core/src/benchmark_v2.rs:3:12
  |
3 | use sha3::{Digest as Sha3Digest, Keccak256};
  |            ^^^^^^

warning: unused variable: `branching_factor`
  --> crates/pessimistic-proof-core/src/lmtr.rs:31:9
   |
31 |         branching_factor: usize,
   |         ^^^^^^^^^^^^^^^^ help: if this is intentional, prefix it with an underscore: `_branching_factor`
   |
   = note: `#[warn(unused_variables)]` on by default

warning: unused variable: `block`
  --> crates/pessimistic-proof-core/src/sabv2.rs:72:13
   |
72 |         for block in blocks {
   |             ^^^^^ help: if this is intentional, prefix it with an underscore: `_block`

warning: unused variable: `consensus_result`
  --> crates/pessimistic-proof-core/src/sabv2.rs:79:13
   |
79 |         let consensus_result = self.run_consensus_mechanism(blocks, validator_nodes)?;
   |             ^^^^^^^^^^^^^^^^ help: if this is intentional, prefix it with an underscore: `_consensus_result`

warning: unused variable: `global_root`
  --> crates/pessimistic-proof-core/src/sabv2.rs:63:9
   |
63 |         global_root: &agglayer_primitives::Digest,
   |         ^^^^^^^^^^^ help: if this is intentional, prefix it with an underscore: `_global_root`

warning: unused variable: `computed_hash`
   --> crates/pessimistic-proof-core/src/sabv2.rs:136:13
    |
136 |         let computed_hash = Keccak256::digest(&block_data);
    |             ^^^^^^^^^^^^^ help: if this is intentional, prefix it with an underscore: `_computed_hash`

warning: unused variable: `declared_hash`
   --> crates/pessimistic-proof-core/src/sabv2.rs:139:13
    |
139 |         let declared_hash = self.get_block_declared_hash(block)?;
    |             ^^^^^^^^^^^^^ help: if this is intentional, prefix it with an underscore: `_declared_hash`

warning: unused variable: `block`
   --> crates/pessimistic-proof-core/src/sabv2.rs:229:32
    |
229 |     fn get_block_height(&self, block: &crate::multi_batch_header::MultiBatchHeader<agglayer_primitives::keccak::Keccak256Hasher>) -> Resu...
    |                                ^^^^^ help: if this is intentional, prefix it with an underscore: `_block`

warning: unused variable: `block`
   --> crates/pessimistic-proof-core/src/sabv2.rs:241:39
    |
241 |     fn get_block_declared_hash(&self, block: &crate::multi_batch_header::MultiBatchHeader<agglayer_primitives::keccak::Keccak256Hasher>) ...
    |                                       ^^^^^ help: if this is intentional, prefix it with an underscore: `_block`

warning: unused variable: `block`
   --> crates/pessimistic-proof-core/src/sabv2.rs:247:32
    |
247 |     fn get_block_signer(&self, block: &crate::multi_batch_header::MultiBatchHeader<agglayer_primitives::keccak::Keccak256Hasher>) -> Resu...
    |                                ^^^^^ help: if this is intentional, prefix it with an underscore: `_block`

warning: unused variable: `block`
   --> crates/pessimistic-proof-core/src/sabv2.rs:257:35
    |
257 |     fn get_block_signature(&self, block: &crate::multi_batch_header::MultiBatchHeader<agglayer_primitives::keccak::Keccak256Hasher>) -> R...
    |                                   ^^^^^ help: if this is intentional, prefix it with an underscore: `_block`

warning: unused variable: `hash`
   --> crates/pessimistic-proof-core/src/sabv2.rs:274:13
    |
274 |         let hash = Keccak256::digest(&block_data);
    |             ^^^^ help: if this is intentional, prefix it with an underscore: `_hash`

warning: unused variable: `block`
   --> crates/pessimistic-proof-core/src/sabv2.rs:295:35
    |
295 |     fn estimate_block_size(&self, block: &crate::multi_batch_header::MultiBatchHeader<agglayer_primitives::keccak::Keccak256Hasher>) -> R...
    |                                   ^^^^^ help: if this is intentional, prefix it with an underscore: `_block`

warning: unused variable: `i`
   --> crates/pessimistic-proof-core/src/lmtr2.rs:144:14
    |
144 |         for (i, block) in blocks.iter().enumerate() {
    |              ^ help: if this is intentional, prefix it with an underscore: `_i`

warning: unused variable: `leaf_hash`
   --> crates/pessimistic-proof-core/src/lmtr2.rs:146:17
    |
146 |             let leaf_hash = Keccak256::digest(&block_data);
    |                 ^^^^^^^^^ help: if this is intentional, prefix it with an underscore: `_leaf_hash`

warning: unused variable: `current_efficiency`
   --> crates/pessimistic-proof-core/src/lmtr2.rs:179:13
    |
179 |         let current_efficiency = self.calculate_tree_efficiency(num_blocks, branching_factor)?;
    |             ^^^^^^^^^^^^^^^^^^ help: if this is intentional, prefix it with an underscore: `_current_efficiency`

warning: unused variable: `new_hash`
   --> crates/pessimistic-proof-core/src/lmtr2.rs:229:21
    |
229 |                 let new_hash = Keccak256::digest(&optimized_data);
    |                     ^^^^^^^^ help: if this is intentional, prefix it with an underscore: `_new_hash`

warning: unused variable: `optimal_config`
   --> crates/pessimistic-proof-core/src/lmtr2.rs:217:9
    |
217 |         optimal_config: &OptimalConfig,
    |         ^^^^^^^^^^^^^^ help: if this is intentional, prefix it with an underscore: `_optimal_config`

warning: unused variable: `parent_hash`
   --> crates/pessimistic-proof-core/src/lmtr2.rs:312:21
    |
312 |                 let parent_hash = Keccak256::digest(&parent_data);
    |                     ^^^^^^^^^^^ help: if this is intentional, prefix it with an underscore: `_parent_hash`

warning: unused variable: `tree`
   --> crates/pessimistic-proof-core/src/lmtr2.rs:399:136
    |
399 | ...ves::keccak::Keccak256Hasher>, tree: &MerkleTree) -> Result<crate::multi_batch_header::MultiBatchHeader<agglayer_primitives::keccak::K...
    |                                   ^^^^ help: if this is intentional, prefix it with an underscore: `_tree`

warning: unused variable: `j_star`
   --> crates/pessimistic-proof-core/src/sabv3.rs:305:9
    |
305 |         j_star: usize,
    |         ^^^^^^ help: if this is intentional, prefix it with an underscore: `_j_star`

warning: unused variable: `shard_idx`
   --> crates/pessimistic-proof-core/src/sabv4.rs:278:14
    |
278 |         for (shard_idx, shard) in shards.iter_mut().enumerate() {
    |              ^^^^^^^^^ help: if this is intentional, prefix it with an underscore: `_shard_idx`

warning: unused variable: `j_star`
   --> crates/pessimistic-proof-core/src/sabv4.rs:327:9
    |
327 |         j_star: usize,
    |         ^^^^^^ help: if this is intentional, prefix it with an underscore: `_j_star`

warning: unused variable: `expected_bytes`
   --> crates/pessimistic-proof-core/src/sabv4.rs:620:56
    |
620 |     fn verify_hash_chain(&self, computed_bytes: &[u8], expected_bytes: &[u8]) -> Result<bool, ProofError> {
    |                                                        ^^^^^^^^^^^^^^ help: if this is intentional, prefix it with an underscore: `_expected_bytes`

warning: unused variable: `max_age`
   --> crates/pessimistic-proof-core/src/sabv4.rs:658:13
    |
658 |         let max_age = 300; // 5 minutes in seconds
    |             ^^^^^^^ help: if this is intentional, prefix it with an underscore: `_max_age`

warning: unused variable: `actual_branches`
   --> crates/pessimistic-proof-core/src/lmtr4.rs:236:13
    |
236 |         let actual_branches = (ni as f64).log2() / (b as f64).log2();
    |             ^^^^^^^^^^^^^^^ help: if this is intentional, prefix it with an underscore: `_actual_branches`

warning: unused variable: `rotated_block`
   --> crates/pessimistic-proof-core/src/lmtr4.rs:267:17
    |
267 |         let mut rotated_block = block.clone();
    |                 ^^^^^^^^^^^^^ help: if this is intentional, prefix it with an underscore: `_rotated_block`

warning: variable does not need to be mutable
   --> crates/pessimistic-proof-core/src/lmtr4.rs:267:13
    |
267 |         let mut rotated_block = block.clone();
    |             ----^^^^^^^^^^^^^
    |             |
    |             help: remove this `mut`
    |
    = note: `#[warn(unused_mut)]` on by default

warning: value assigned to `complexity` is never read
   --> crates/pessimistic-proof-core/src/lmtr4.rs:514:17
    |
514 |         let mut complexity = 0.0;
    |                 ^^^^^^^^^^
    |
    = help: maybe it is overwritten before being read?
    = note: `#[warn(unused_assignments)]` on by default

warning: unused variable: `htarget`
   --> crates/pessimistic-proof-core/src/lmtr4.rs:580:143
    |
580 | ...::keccak::Keccak256Hasher>, htarget: usize) -> Result<f64, ProofError> {
    |                                ^^^^^^^ help: if this is intentional, prefix it with an underscore: `_htarget`

warning: unused variable: `b`
   --> crates/pessimistic-proof-core/src/lmtr4.rs:614:156
    |
614 | ...ak::Keccak256Hasher>>, ni: usize, b: usize, htarget: usize) -> Result<Vec<crate::multi_batch_header::MultiBatchHeader<agglayer_primiti...
    |                                      ^ help: if this is intentional, prefix it with an underscore: `_b`

warning: unused variable: `htarget`
   --> crates/pessimistic-proof-core/src/lmtr4.rs:614:166
    |
614 | ...her>>, ni: usize, b: usize, htarget: usize) -> Result<Vec<crate::multi_batch_header::MultiBatchHeader<agglayer_primitives::keccak::Kec...
    |                                ^^^^^^^ help: if this is intentional, prefix it with an underscore: `_htarget`

warning: unused variable: `total_detection_time`
   --> crates/pessimistic-proof-core/src/benchmark_v2.rs:128:13
    |
128 |         let total_detection_time = start_time.elapsed();
    |             ^^^^^^^^^^^^^^^^^^^^ help: if this is intentional, prefix it with an underscore: `_total_detection_time`

warning: unused variable: `start_time`
   --> crates/pessimistic-proof-core/src/benchmark_v2.rs:225:13
    |
225 |         let start_time = Instant::now();
    |             ^^^^^^^^^^ help: if this is intentional, prefix it with an underscore: `_start_time`

warning: variable does not need to be mutable
   --> crates/pessimistic-proof-core/src/benchmark_v2.rs:269:17
    |
269 |             let mut malicious_block = block.clone();
    |                 ----^^^^^^^^^^^^^^^
    |                 |
    |                 help: remove this `mut`

Some errors have detailed explanations: E0252, E0599.
For more information about an error, try `rustc --explain E0252`.
warning: `pessimistic-proof-core` (lib) generated 51 warnings
error: could not compile `pessimistic-proof-core` (lib) due to 6 previous errors; 51 warnings emitted
Command exited with non-zero status 101
	Command being timed: "cargo run --release -p pessimistic-proof-test-suite --bin ppgen_sabv_lmtr4 -- --n-exits 1 --validator-nodes 5"
	User time (seconds): 3.42
	System time (seconds): 1.26
	Percent of CPU this job got: 96%
	Elapsed (wall clock) time (h:mm:ss or m:ss): 0:04.86
	Average shared text size (kbytes): 0
	Average unshared data size (kbytes): 0
	Average stack size (kbytes): 0
	Average total size (kbytes): 0
	Maximum resident set size (kbytes): 245108
	Average resident set size (kbytes): 0
	Major (requiring I/O) page faults: 0
	Minor (reclaiming a frame) page faults: 88829
	Voluntary context switches: 242
	Involuntary context switches: 173
	Swaps: 0
	File system inputs: 0
	File system outputs: 824
	Socket messages sent: 0
	Socket messages received: 0
	Signals delivered: 0
	Page size (bytes): 4096
	Exit status: 101
