error: could not find `Cargo.toml` in `/home/ubuntu/thanhhuyen` or any parent directory
Command exited with non-zero status 101
	Command being timed: "cargo run --release -p pessimistic-proof-test-suite --bin ppgen_sabv_lmtr2 -- --n-exits 1 --proof-dir /home/ubuntu/thanhhuyen/logs/fraud_detection_comprehensive/proofs_v2 --validator-nodes 5"
	User time (seconds): 0.19
	System time (seconds): 0.08
	Percent of CPU this job got: 66%
	Elapsed (wall clock) time (h:mm:ss or m:ss): 0:00.42
	Average shared text size (kbytes): 0
	Average unshared data size (kbytes): 0
	Average stack size (kbytes): 0
	Average total size (kbytes): 0
	Maximum resident set size (kbytes): 27000
	Average resident set size (kbytes): 0
	Major (requiring I/O) page faults: 0
	Minor (reclaiming a frame) page faults: 5760
	Voluntary context switches: 63
	Involuntary context switches: 37
	Swaps: 0
	File system inputs: 0
	File system outputs: 8
	Socket messages sent: 0
	Socket messages received: 0
	Signals delivered: 0
	Page size (bytes): 4096
	Exit status: 101
