warning: unused variable: `branching_factor`
  --> crates/pessimistic-proof-core/src/lmtr.rs:31:9
   |
31 |         branching_factor: usize,
   |         ^^^^^^^^^^^^^^^^ help: if this is intentional, prefix it with an underscore: `_branching_factor`
   |
   = note: `#[warn(unused_variables)]` on by default

warning: field `config` is never read
  --> crates/pessimistic-proof-core/src/sabv.rs:13:5
   |
12 | pub struct SabvAlgorithm {
   |            ------------- field in this struct
13 |     config: SabvConfig,
   |     ^^^^^^
   |
   = note: `SabvAlgorithm` has derived impls for the traits `Clone` and `Debug`, but these are intentionally ignored during dead code analysis
   = note: `#[warn(dead_code)]` on by default

warning: field `config` is never read
  --> crates/pessimistic-proof-core/src/lmtr.rs:12:5
   |
11 | pub struct LmtrAlgorithm {
   |            ------------- field in this struct
12 |     config: LmtrConfig,
   |     ^^^^^^
   |
   = note: `LmtrAlgorithm` has derived impls for the traits `Clone` and `Debug`, but these are intentionally ignored during dead code analysis

warning: `pessimistic-proof-core` (lib) generated 3 warnings
warning: unused import: `pessimistic_proof::keccak::Keccak256Hasher`
  --> crates/pessimistic-proof-test-suite/src/bin/ppgen_sabv_lmtr.rs:16:5
   |
16 | use pessimistic_proof::keccak::Keccak256Hasher;
   |     ^^^^^^^^^^^^^^^^^^^^^^^^^^^^^^^^^^^^^^^^^^
   |
   = note: `#[warn(unused_imports)]` on by default

warning: `pessimistic-proof-test-suite` (bin "ppgen_sabv_lmtr") generated 1 warning (run `cargo fix --bin "ppgen_sabv_lmtr"` to apply 1 suggestion)
    Finished `release` profile [optimized] target(s) in 1.89s
     Running `target/release/ppgen_sabv_lmtr --n-exits 500 --proof-dir /home/ubuntu/thanhhuyen/logs/sabv_lmtr_extra/proofs --validator-nodes 5`
🔍 SABV: Verifying 1 blocks with 5 validators
🌳 LMTR: Rebalancing 1 blocks to height 3
[sp1] plonk circuit artifacts already seem to exist at /home/ubuntu/.sp1/circuits/plonk/v5.0.0. if you want to re-download them, delete the directory
	Command being timed: "cargo run --release -p pessimistic-proof-test-suite --bin ppgen_sabv_lmtr -- --n-exits 500 --proof-dir /home/ubuntu/thanhhuyen/logs/sabv_lmtr_extra/proofs --validator-nodes 5"
	User time (seconds): 506664.08
	System time (seconds): 20407.31
	Percent of CPU this job got: 725%
	Elapsed (wall clock) time (h:mm:ss or m:ss): 20:10:56
	Average shared text size (kbytes): 0
	Average unshared data size (kbytes): 0
	Average stack size (kbytes): 0
	Average total size (kbytes): 0
	Maximum resident set size (kbytes): 23459332
	Average resident set size (kbytes): 0
	Major (requiring I/O) page faults: 0
	Minor (reclaiming a frame) page faults: 1987338739
	Voluntary context switches: 32234830
	Involuntary context switches: 283747394
	Swaps: 0
	File system inputs: 0
	File system outputs: 97080
	Socket messages sent: 0
	Socket messages received: 0
	Signals delivered: 0
	Page size (bytes): 4096
	Exit status: 0
