🔍 SABV5: Starting Algorithm 1 - Verify Aggregated Blocks Integrity
   Input: N=1 blocks, branching_factor=3, validators=5
   📐 Optimal height calculation: log_3(1) + 1 = 1
🎯 V5: Calculated optimal htarget = 1 for N=1, b=3
📊 SABV5: Calculated j* = 1 with variance = 179769313486231570814527423731704356798070567525844996598917476803157260780028538760589558632766878171540458953514382464234321326889464182768467546703537516986049910576551282076245490090389328944075868508455133942304583236903222948165808559332123348274797826204144723168738177180919299881250404026184124858368.0000
✅ Step 1: Optimal sharding size j* = 1 (shard_size = 3^1 = 3)
📦 SABV5: Created 1 shards (0 full + 1 remainder)
✅ Step 2: Partitioned 1 blocks into 1 shards (shard_size = 3)
📡 SABV5: REAL MPC Network - 5 validators broadcast shares, 5 received sufficient shares
🔐 SABV5: REAL Shamir secret sharing - Secret: 0.111854, Reconstructed: 0.111854, Match: true
   Polynomial degree: 2, Shares: 5, Threshold: 3/5
   Validator 4 assigned with share value: -7.170519
✅ Step 3: Secret sharing applied (threshold k=3/5)
📊 Step 4: Rebalancing shards with LMTR4 (Algorithm 2)...
🔧 LMTR4: Starting Algorithm 2 rebalancing for 1 blocks
📊 LMTR4: Initial state - Ni = 1, b = 3, htarget = 1
🔄 LMTR4: Fixed branch imbalance by appending last block - Ni = 2
🔄 LMTR4: Fixed branch imbalance by appending last block - Ni = 3
📊 LMTR4: Height adjustment - Current height = 2, Target = 1
⬇️ LMTR4: Removed block to decrease height - Ni = 2, height = 2
📊 LMTR4: Height adjustment - Current height = 2, Target = 1
⬇️ LMTR4: Removed block to decrease height - Ni = 1, height = 2
✅ LMTR4: Rebalancing complete - Final Ni = 1, height = 1
   ✅ Shard 0 (validator 4) - 1 → 1 blocks, height=1
🌳 Step 5a: Building REAL Local CC-MBMT from rebalanced blocks...
   ✅ Validator 4 built REAL local CC-MBMT (shard 0) - 1 blocks → tree height=1
🔗 SABV5: Merged 1 local CC-MBMTs into global CC-MBMT using REAL tree structure
✅ Step 5b: Merged 1 local CC-MBMTs into global root r
✅ Step 6: Computed alternative root r' using SAME Merkle tree method as Step 5a
   Using 1 rebalanced blocks, tree height=1
🔐 Step 7: Verifying integrity...
   r  (from merged trees):     584ffdb5036fdce46328ea6f6611b5de062c6c2e87547e0ddf9b749e9a8e7b60
   r' (from all blocks):       584ffdb5036fdce46328ea6f6611b5de062c6c2e87547e0ddf9b749e9a8e7b60
   R  (global_root expected): d459c0d2bf9b7a7a7eece9b1631280192ea89171180f4815f21d2cc7218bbfa2
   r == r'? true
🔐 SABV5: Extracted REAL blockchain ECDSA signature from block
🔐 SABV5: REAL blockchain signature verification - Recovered address matches signer: false
🔍 SABV5: Blockchain signature verification - Valid: false
📝 SABV5: ZKP verification delegated to SP1 proving system
   r == global_root? false
❌ SABV5: Verification FAILED - Blockchain mismatch!
   ❌ r ≠ global_root (computed root doesn't match blockchain)
   ⚠️  Fraud detected - blocks don't match expected state!
