warning: unused import: `keccak::Keccak256Hasher`
 --> crates/pessimistic-proof-core/src/sabv2.rs:2:35
  |
2 | use agglayer_primitives::{Digest, keccak::Keccak256Hasher};
  |                                   ^^^^^^^^^^^^^^^^^^^^^^^
  |
  = note: `#[warn(unused_imports)]` on by default

warning: unused import: `keccak::Keccak256Hasher`
 --> crates/pessimistic-proof-core/src/lmtr2.rs:2:35
  |
2 | use agglayer_primitives::{Digest, keccak::Keccak256Hasher};
  |                                   ^^^^^^^^^^^^^^^^^^^^^^^

warning: unused import: `keccak::Keccak256Hasher`
 --> crates/pessimistic-proof-core/src/sabv3.rs:2:35
  |
2 | use agglayer_primitives::{Digest, keccak::Keccak256Hasher};
  |                                   ^^^^^^^^^^^^^^^^^^^^^^^

warning: unused import: `keccak::Keccak256Hasher`
 --> crates/pessimistic-proof-core/src/lmtr3.rs:2:35
  |
2 | use agglayer_primitives::{Digest, keccak::Keccak256Hasher};
  |                                   ^^^^^^^^^^^^^^^^^^^^^^^

warning: unused import: `keccak::Keccak256Hasher`
 --> crates/pessimistic-proof-core/src/sabv4.rs:2:35
  |
2 | use agglayer_primitives::{Digest, keccak::Keccak256Hasher};
  |                                   ^^^^^^^^^^^^^^^^^^^^^^^

warning: unused import: `keccak::Keccak256Hasher`
 --> crates/pessimistic-proof-core/src/lmtr4.rs:2:35
  |
2 | use agglayer_primitives::{Digest, keccak::Keccak256Hasher};
  |                                   ^^^^^^^^^^^^^^^^^^^^^^^

warning: unused imports: `BridgeExit`, `ImportedBridgeExit`, `NetworkId`, and `TokenInfo`
   --> crates/pessimistic-proof-core/src/lmtr4.rs:245:30
    |
245 |         use unified_bridge::{BridgeExit, ImportedBridgeExit, NetworkId, TokenInfo};
    |                              ^^^^^^^^^^  ^^^^^^^^^^^^^^^^^^  ^^^^^^^^^  ^^^^^^^^^

warning: unused import: `agglayer_primitives::U256`
   --> crates/pessimistic-proof-core/src/lmtr4.rs:247:13
    |
247 |         use agglayer_primitives::U256;
    |             ^^^^^^^^^^^^^^^^^^^^^^^^^

warning: unused import: `crate::nullifier_tree::NullifierPath`
   --> crates/pessimistic-proof-core/src/lmtr4.rs:248:13
    |
248 |         use crate::nullifier_tree::NullifierPath;
    |             ^^^^^^^^^^^^^^^^^^^^^^^^^^^^^^^^^^^^

warning: unused import: `crate::local_balance_tree::LocalBalancePath`
   --> crates/pessimistic-proof-core/src/lmtr4.rs:249:13
    |
249 |         use crate::local_balance_tree::LocalBalancePath;
    |             ^^^^^^^^^^^^^^^^^^^^^^^^^^^^^^^^^^^^^^^^^^^

warning: unused import: `crate::aggchain_proof::AggchainData`
   --> crates/pessimistic-proof-core/src/lmtr4.rs:250:13
    |
250 |         use crate::aggchain_proof::AggchainData;
    |             ^^^^^^^^^^^^^^^^^^^^^^^^^^^^^^^^^^^

warning: unused import: `keccak::Keccak256Hasher`
 --> crates/pessimistic-proof-core/src/sabv5.rs:2:35
  |
2 | use agglayer_primitives::{Digest, keccak::Keccak256Hasher};
  |                                   ^^^^^^^^^^^^^^^^^^^^^^^

warning: unused variable: `branching_factor`
  --> crates/pessimistic-proof-core/src/lmtr.rs:31:9
   |
31 |         branching_factor: usize,
   |         ^^^^^^^^^^^^^^^^ help: if this is intentional, prefix it with an underscore: `_branching_factor`
   |
   = note: `#[warn(unused_variables)]` on by default

warning: unused variable: `block`
  --> crates/pessimistic-proof-core/src/sabv2.rs:72:13
   |
72 |         for block in blocks {
   |             ^^^^^ help: if this is intentional, prefix it with an underscore: `_block`

warning: unused variable: `consensus_result`
  --> crates/pessimistic-proof-core/src/sabv2.rs:79:13
   |
79 |         let consensus_result = self.run_consensus_mechanism(blocks, validator_nodes)?;
   |             ^^^^^^^^^^^^^^^^ help: if this is intentional, prefix it with an underscore: `_consensus_result`

warning: unused variable: `global_root`
  --> crates/pessimistic-proof-core/src/sabv2.rs:63:9
   |
63 |         global_root: &agglayer_primitives::Digest,
   |         ^^^^^^^^^^^ help: if this is intentional, prefix it with an underscore: `_global_root`

warning: unused variable: `computed_hash`
   --> crates/pessimistic-proof-core/src/sabv2.rs:136:13
    |
136 |         let computed_hash = Keccak256::digest(&block_data);
    |             ^^^^^^^^^^^^^ help: if this is intentional, prefix it with an underscore: `_computed_hash`

warning: unused variable: `declared_hash`
   --> crates/pessimistic-proof-core/src/sabv2.rs:139:13
    |
139 |         let declared_hash = self.get_block_declared_hash(block)?;
    |             ^^^^^^^^^^^^^ help: if this is intentional, prefix it with an underscore: `_declared_hash`

warning: unused variable: `block`
   --> crates/pessimistic-proof-core/src/sabv2.rs:229:32
    |
229 |     fn get_block_height(&self, block: &crate::multi_batch_header::MultiBatchHeader<agglayer_primitives::keccak::Keccak256Hasher>) -> Resu...
    |                                ^^^^^ help: if this is intentional, prefix it with an underscore: `_block`

warning: unused variable: `block`
   --> crates/pessimistic-proof-core/src/sabv2.rs:241:39
    |
241 |     fn get_block_declared_hash(&self, block: &crate::multi_batch_header::MultiBatchHeader<agglayer_primitives::keccak::Keccak256Hasher>) ...
    |                                       ^^^^^ help: if this is intentional, prefix it with an underscore: `_block`

warning: unused variable: `block`
   --> crates/pessimistic-proof-core/src/sabv2.rs:247:32
    |
247 |     fn get_block_signer(&self, block: &crate::multi_batch_header::MultiBatchHeader<agglayer_primitives::keccak::Keccak256Hasher>) -> Resu...
    |                                ^^^^^ help: if this is intentional, prefix it with an underscore: `_block`

warning: unused variable: `block`
   --> crates/pessimistic-proof-core/src/sabv2.rs:257:35
    |
257 |     fn get_block_signature(&self, block: &crate::multi_batch_header::MultiBatchHeader<agglayer_primitives::keccak::Keccak256Hasher>) -> R...
    |                                   ^^^^^ help: if this is intentional, prefix it with an underscore: `_block`

warning: unused variable: `hash`
   --> crates/pessimistic-proof-core/src/sabv2.rs:274:13
    |
274 |         let hash = Keccak256::digest(&block_data);
    |             ^^^^ help: if this is intentional, prefix it with an underscore: `_hash`

warning: unused variable: `block`
   --> crates/pessimistic-proof-core/src/sabv2.rs:295:35
    |
295 |     fn estimate_block_size(&self, block: &crate::multi_batch_header::MultiBatchHeader<agglayer_primitives::keccak::Keccak256Hasher>) -> R...
    |                                   ^^^^^ help: if this is intentional, prefix it with an underscore: `_block`

warning: unused variable: `i`
   --> crates/pessimistic-proof-core/src/lmtr2.rs:144:14
    |
144 |         for (i, block) in blocks.iter().enumerate() {
    |              ^ help: if this is intentional, prefix it with an underscore: `_i`

warning: unused variable: `leaf_hash`
   --> crates/pessimistic-proof-core/src/lmtr2.rs:146:17
    |
146 |             let leaf_hash = Keccak256::digest(&block_data);
    |                 ^^^^^^^^^ help: if this is intentional, prefix it with an underscore: `_leaf_hash`

warning: unused variable: `current_efficiency`
   --> crates/pessimistic-proof-core/src/lmtr2.rs:179:13
    |
179 |         let current_efficiency = self.calculate_tree_efficiency(num_blocks, branching_factor)?;
    |             ^^^^^^^^^^^^^^^^^^ help: if this is intentional, prefix it with an underscore: `_current_efficiency`

warning: unused variable: `new_hash`
   --> crates/pessimistic-proof-core/src/lmtr2.rs:229:21
    |
229 |                 let new_hash = Keccak256::digest(&optimized_data);
    |                     ^^^^^^^^ help: if this is intentional, prefix it with an underscore: `_new_hash`

warning: unused variable: `optimal_config`
   --> crates/pessimistic-proof-core/src/lmtr2.rs:217:9
    |
217 |         optimal_config: &OptimalConfig,
    |         ^^^^^^^^^^^^^^ help: if this is intentional, prefix it with an underscore: `_optimal_config`

warning: unused variable: `parent_hash`
   --> crates/pessimistic-proof-core/src/lmtr2.rs:312:21
    |
312 |                 let parent_hash = Keccak256::digest(&parent_data);
    |                     ^^^^^^^^^^^ help: if this is intentional, prefix it with an underscore: `_parent_hash`

warning: unused variable: `tree`
   --> crates/pessimistic-proof-core/src/lmtr2.rs:399:136
    |
399 | ...ves::keccak::Keccak256Hasher>, tree: &MerkleTree) -> Result<crate::multi_batch_header::MultiBatchHeader<agglayer_primitives::keccak::K...
    |                                   ^^^^ help: if this is intentional, prefix it with an underscore: `_tree`

warning: unused variable: `j_star`
   --> crates/pessimistic-proof-core/src/sabv3.rs:306:9
    |
306 |         j_star: usize,
    |         ^^^^^^ help: if this is intentional, prefix it with an underscore: `_j_star`

warning: unused variable: `j_star`
   --> crates/pessimistic-proof-core/src/sabv4.rs:496:9
    |
496 |         j_star: usize,
    |         ^^^^^^ help: if this is intentional, prefix it with an underscore: `_j_star`

warning: unused variable: `expected_root`
   --> crates/pessimistic-proof-core/src/sabv4.rs:603:72
    |
603 | ...mputed_root: &Digest, expected_root: &agglayer_primitives::Digest, signature: &agglayer_primitives::Signature, signer: &agglayer_primi...
    |                          ^^^^^^^^^^^^^ help: if this is intentional, prefix it with an underscore: `_expected_root`

warning: unused variable: `expected_bytes`
   --> crates/pessimistic-proof-core/src/sabv4.rs:744:56
    |
744 |     fn verify_hash_chain(&self, computed_bytes: &[u8], expected_bytes: &[u8]) -> Result<bool, ProofError> {
    |                                                        ^^^^^^^^^^^^^^ help: if this is intentional, prefix it with an underscore: `_expected_bytes`

warning: unused variable: `global_root`
   --> crates/pessimistic-proof-core/src/sabv5.rs:138:9
    |
138 |         global_root: &agglayer_primitives::Digest,
    |         ^^^^^^^^^^^ help: if this is intentional, prefix it with an underscore: `_global_root`

warning: value assigned to `local_trees` is never read
   --> crates/pessimistic-proof-core/src/sabv5.rs:702:17
    |
702 |         let mut local_trees = Vec::new();
    |                 ^^^^^^^^^^^
    |
    = help: maybe it is overwritten before being read?
    = note: `#[warn(unused_assignments)]` on by default

warning: unused variable: `j_star`
   --> crates/pessimistic-proof-core/src/sabv5.rs:699:9
    |
699 |         j_star: usize,
    |         ^^^^^^ help: if this is intentional, prefix it with an underscore: `_j_star`

warning: unused variable: `expected_root`
   --> crates/pessimistic-proof-core/src/sabv5.rs:822:72
    |
822 | ...mputed_root: &Digest, expected_root: &agglayer_primitives::Digest, signature: &agglayer_primitives::Signature, signer: &agglayer_primi...
    |                          ^^^^^^^^^^^^^ help: if this is intentional, prefix it with an underscore: `_expected_root`

warning: unused variable: `expected_bytes`
   --> crates/pessimistic-proof-core/src/sabv5.rs:963:56
    |
963 |     fn verify_hash_chain(&self, computed_bytes: &[u8], expected_bytes: &[u8]) -> Result<bool, ProofError> {
    |                                                        ^^^^^^^^^^^^^^ help: if this is intentional, prefix it with an underscore: `_expected_bytes`

warning: field `config` is never read
  --> crates/pessimistic-proof-core/src/sabv.rs:13:5
   |
12 | pub struct SabvAlgorithm {
   |            ------------- field in this struct
13 |     config: SabvConfig,
   |     ^^^^^^
   |
   = note: `SabvAlgorithm` has derived impls for the traits `Clone` and `Debug`, but these are intentionally ignored during dead code analysis
   = note: `#[warn(dead_code)]` on by default

warning: field `config` is never read
  --> crates/pessimistic-proof-core/src/lmtr.rs:12:5
   |
11 | pub struct LmtrAlgorithm {
   |            ------------- field in this struct
12 |     config: LmtrConfig,
   |     ^^^^^^
   |
   = note: `LmtrAlgorithm` has derived impls for the traits `Clone` and `Debug`, but these are intentionally ignored during dead code analysis

warning: fields `config` and `consensus_messages` are never read
  --> crates/pessimistic-proof-core/src/sabv2.rs:34:5
   |
33 | pub struct Sabv2Algorithm {
   |            -------------- fields in this struct
34 |     config: Sabv2Config,
   |     ^^^^^^
35 |     validators: Vec<ValidatorNode>,
36 |     consensus_messages: HashMap<Digest, Vec<ConsensusMessage>>,
   |     ^^^^^^^^^^^^^^^^^^
   |
   = note: `Sabv2Algorithm` has derived impls for the traits `Clone` and `Debug`, but these are intentionally ignored during dead code analysis

warning: multiple methods are never used
   --> crates/pessimistic-proof-core/src/sabv2.rs:89:8
    |
 39 | impl Sabv2Algorithm {
    | ------------------- methods in this implementation
...
 89 |     fn validate_block_cryptography(
    |        ^^^^^^^^^^^^^^^^^^^^^^^^^^^
...
112 |     fn verify_merkle_tree_structure(
    |        ^^^^^^^^^^^^^^^^^^^^^^^^^^^^
...
130 |     fn verify_hash_integrity(
    |        ^^^^^^^^^^^^^^^^^^^^^
...
149 |     fn verify_signature_validity(
    |        ^^^^^^^^^^^^^^^^^^^^^^^^^
...
204 |     fn verify_consensus_threshold(
    |        ^^^^^^^^^^^^^^^^^^^^^^^^^^
...
222 |     fn calculate_optimal_height(&self, block: &crate::multi_batch_header::MultiBatchHeader<agglayer_primitives::keccak::Keccak256Hasher>)...
    |        ^^^^^^^^^^^^^^^^^^^^^^^^
...
229 |     fn get_block_height(&self, block: &crate::multi_batch_header::MultiBatchHeader<agglayer_primitives::keccak::Keccak256Hasher>) -> Resu...
    |        ^^^^^^^^^^^^^^^^
...
241 |     fn get_block_declared_hash(&self, block: &crate::multi_batch_header::MultiBatchHeader<agglayer_primitives::keccak::Keccak256Hasher>) ...
    |        ^^^^^^^^^^^^^^^^^^^^^^^
...
247 |     fn get_block_signer(&self, block: &crate::multi_batch_header::MultiBatchHeader<agglayer_primitives::keccak::Keccak256Hasher>) -> Resu...
    |        ^^^^^^^^^^^^^^^^
...
252 |     fn get_block_message(&self, block: &crate::multi_batch_header::MultiBatchHeader<agglayer_primitives::keccak::Keccak256Hasher>) -> Res...
    |        ^^^^^^^^^^^^^^^^^
...
257 |     fn get_block_signature(&self, block: &crate::multi_batch_header::MultiBatchHeader<agglayer_primitives::keccak::Keccak256Hasher>) -> R...
    |        ^^^^^^^^^^^^^^^^^^^
...
262 |     fn compute_expected_signature(&self, signer: &str, message: &[u8]) -> Result<String, ProofError> {
    |        ^^^^^^^^^^^^^^^^^^^^^^^^^^
...
295 |     fn estimate_block_size(&self, block: &crate::multi_batch_header::MultiBatchHeader<agglayer_primitives::keccak::Keccak256Hasher>) -> R...
    |        ^^^^^^^^^^^^^^^^^^^

warning: field `tree_cache` is never read
  --> crates/pessimistic-proof-core/src/lmtr2.rs:53:5
   |
51 | pub struct Lmtr2Algorithm {
   |            -------------- field in this struct
52 |     config: Lmtr2Config,
53 |     tree_cache: HashMap<Digest, MerkleTree>,
   |     ^^^^^^^^^^
   |
   = note: `Lmtr2Algorithm` has derived impls for the traits `Clone` and `Debug`, but these are intentionally ignored during dead code analysis

warning: fields `branching_factor` and `rebalancing_cost` are never read
   --> crates/pessimistic-proof-core/src/lmtr2.rs:415:5
    |
413 | struct OptimalConfig {
    |        ------------- fields in this struct
414 |     optimal_height: usize,
415 |     branching_factor: usize,
    |     ^^^^^^^^^^^^^^^^
416 |     expected_efficiency: f64,
417 |     rebalancing_cost: u64,
    |     ^^^^^^^^^^^^^^^^
    |
    = note: `OptimalConfig` has derived impls for the traits `Clone` and `Debug`, but these are intentionally ignored during dead code analysis

warning: field `validators` is never read
  --> crates/pessimistic-proof-core/src/sabv3.rs:41:5
   |
39 | pub struct Sabv3Algorithm {
   |            -------------- field in this struct
40 |     config: Sabv3Config,
41 |     validators: Vec<ValidatorNode>,
   |     ^^^^^^^^^^
   |
   = note: `Sabv3Algorithm` has derived impls for the traits `Clone` and `Debug`, but these are intentionally ignored during dead code analysis

warning: struct `BlockchainMerkleProof` is never constructed
  --> crates/pessimistic-proof-core/src/sabv4.rs:38:8
   |
38 | struct BlockchainMerkleProof {
   |        ^^^^^^^^^^^^^^^^^^^^^

warning: fields `shard_index` and `round` are never read
  --> crates/pessimistic-proof-core/src/sabv4.rs:50:9
   |
47 | struct MPCShareMessage {
   |        --------------- fields in this struct
...
50 |     pub shard_index: usize,
   |         ^^^^^^^^^^^
51 |     pub share: (f64, f64), // (x, y) = share point
52 |     pub round: u64,
   |         ^^^^^
   |
   = note: `MPCShareMessage` has derived impls for the traits `Clone` and `Debug`, but these are intentionally ignored during dead code analysis

warning: field `consensus_reached` is never read
  --> crates/pessimistic-proof-core/src/sabv4.rs:60:9
   |
57 | struct MPCNetworkState {
   |        --------------- field in this struct
...
60 |     pub consensus_reached: bool,
   |         ^^^^^^^^^^^^^^^^^
   |
   = note: `MPCNetworkState` has a derived impl for the trait `Debug`, but this is intentionally ignored during dead code analysis

warning: field `validators` is never read
  --> crates/pessimistic-proof-core/src/sabv4.rs:67:5
   |
65 | pub struct Sabv4Algorithm {
   |            -------------- field in this struct
66 |     config: Sabv4Config,
67 |     validators: Vec<ValidatorNode>,
   |     ^^^^^^^^^^
   |
   = note: `Sabv4Algorithm` has a derived impl for the trait `Debug`, but this is intentionally ignored during dead code analysis

warning: multiple methods are never used
    --> crates/pessimistic-proof-core/src/sabv4.rs:493:8
     |
  71 | impl Sabv4Algorithm {
     | ------------------- methods in this implementation
...
 493 |     fn construct_local_cc_mbmt(
     |        ^^^^^^^^^^^^^^^^^^^^^^^
...
 564 |     fn verify_integrity_with_blocks(&self, computed_root: &Digest, expected_root: &agglayer_primitives::Digest, blocks: &[crate::multi_ba...
     |        ^^^^^^^^^^^^^^^^^^^^^^^^^^^^
...
 603 |     fn verify_blockchain_signature_real(&self, computed_root: &Digest, expected_root: &agglayer_primitives::Digest, signature: &agglayer_...
     |        ^^^^^^^^^^^^^^^^^^^^^^^^^^^^^^^^
...
 618 |     fn extract_blockchain_public_key(&self, computed_bytes: &[u8]) -> Result<Vec<u8>, ProofError> {
     |        ^^^^^^^^^^^^^^^^^^^^^^^^^^^^^
...
 629 |     fn validate_blockchain_signature(&self, signature: &[u8], public_key: &[u8]) -> Result<bool, ProofError> {
     |        ^^^^^^^^^^^^^^^^^^^^^^^^^^^^^
...
 648 |     fn verify_merkle_proof(&self, computed_root: &Digest, expected_root: &agglayer_primitives::Digest) -> Result<bool, ProofError> {
     |        ^^^^^^^^^^^^^^^^^^^
...
 682 |     fn extract_blockchain_merkle_proof(&self, computed_root: &Digest, expected_root: &agglayer_primitives::Digest) -> Result<BlockchainMe...
     |        ^^^^^^^^^^^^^^^^^^^^^^^^^^^^^^^
...
 717 |     fn validate_blockchain_proof(&self, proof: &BlockchainMerkleProof) -> Result<bool, ProofError> {
     |        ^^^^^^^^^^^^^^^^^^^^^^^^^
...
 744 |     fn verify_hash_chain(&self, computed_bytes: &[u8], expected_bytes: &[u8]) -> Result<bool, ProofError> {
     |        ^^^^^^^^^^^^^^^^^
...
 772 |     fn verify_timestamp_freshness(&self) -> Result<bool, ProofError> {
     |        ^^^^^^^^^^^^^^^^^^^^^^^^^^
...
 784 |     fn verify_nonce_uniqueness(&self, computed_bytes: &[u8], expected_bytes: &[u8]) -> Result<bool, ProofError> {
     |        ^^^^^^^^^^^^^^^^^^^^^^^
...
 814 |     fn verify_zero_knowledge_proof(&self, computed_root: &Digest, expected_root: &agglayer_primitives::Digest) -> Result<bool, ProofError> {
     |        ^^^^^^^^^^^^^^^^^^^^^^^^^^^
...
 853 |     fn calculate_signature_strength(&self, signature_bytes: &[u8]) -> f64 {
     |        ^^^^^^^^^^^^^^^^^^^^^^^^^^^^
...
 950 |     fn calculate_entropy(&self, data: &[u8]) -> f64 {
     |        ^^^^^^^^^^^^^^^^^
...
 970 |     fn compute_shard_hash(&self, blocks: &[crate::multi_batch_header::MultiBatchHeader<agglayer_primitives::keccak::Keccak256Hasher>]) ->...
     |        ^^^^^^^^^^^^^^^^^^
...
1037 |     fn build_merkle_tree(&self, blocks: &[crate::multi_batch_header::MultiBatchHeader<agglayer_primitives::keccak::Keccak256Hasher>], b: ...
     |        ^^^^^^^^^^^^^^^^^
...
1104 |     fn calculate_tree_height(&self, num_blocks: usize, b: usize) -> usize {
     |        ^^^^^^^^^^^^^^^^^^^^^
...
1113 |     fn compute_root_from_blocks(
     |        ^^^^^^^^^^^^^^^^^^^^^^^^

warning: method `reconstruct_block_from_bytes` is never used
   --> crates/pessimistic-proof-core/src/lmtr4.rs:241:8
    |
 27 | impl Lmtr4Algorithm {
    | ------------------- method in this implementation
...
241 |     fn reconstruct_block_from_bytes(&self, bytes: &[u8]) -> Result<crate::multi_batch_header::MultiBatchHeader<agglayer_primitives::kecca...
    |        ^^^^^^^^^^^^^^^^^^^^^^^^^^^^

warning: struct `BlockchainMerkleProof` is never constructed
  --> crates/pessimistic-proof-core/src/sabv5.rs:48:8
   |
48 | struct BlockchainMerkleProof {
   |        ^^^^^^^^^^^^^^^^^^^^^

warning: fields `shard_index` and `round` are never read
  --> crates/pessimistic-proof-core/src/sabv5.rs:60:9
   |
57 | struct MPCShareMessage {
   |        --------------- fields in this struct
...
60 |     pub shard_index: usize,
   |         ^^^^^^^^^^^
61 |     pub share: (f64, f64), // (x, y) = share point
62 |     pub round: u64,
   |         ^^^^^
   |
   = note: `MPCShareMessage` has derived impls for the traits `Clone` and `Debug`, but these are intentionally ignored during dead code analysis

warning: field `consensus_reached` is never read
  --> crates/pessimistic-proof-core/src/sabv5.rs:70:9
   |
67 | struct MPCNetworkState {
   |        --------------- field in this struct
...
70 |     pub consensus_reached: bool,
   |         ^^^^^^^^^^^^^^^^^
   |
   = note: `MPCNetworkState` has a derived impl for the trait `Debug`, but this is intentionally ignored during dead code analysis

warning: field `validators` is never read
  --> crates/pessimistic-proof-core/src/sabv5.rs:77:5
   |
75 | pub struct Sabv5Algorithm {
   |            -------------- field in this struct
76 |     config: Sabv5Config,
77 |     validators: Vec<ValidatorNode>,
   |     ^^^^^^^^^^
   |
   = note: `Sabv5Algorithm` has a derived impl for the trait `Debug`, but this is intentionally ignored during dead code analysis

warning: multiple methods are never used
    --> crates/pessimistic-proof-core/src/sabv5.rs:696:8
     |
  81 | impl Sabv5Algorithm {
     | ------------------- methods in this implementation
...
 696 |     fn construct_local_cc_mbmt(
     |        ^^^^^^^^^^^^^^^^^^^^^^^
...
 774 |     fn verify_integrity_with_blocks(&self, computed_root: &Digest, expected_root: &agglayer_primitives::Digest, blocks: &[crate::multi_ba...
     |        ^^^^^^^^^^^^^^^^^^^^^^^^^^^^
...
 822 |     fn verify_blockchain_signature_real(&self, computed_root: &Digest, expected_root: &agglayer_primitives::Digest, signature: &agglayer_...
     |        ^^^^^^^^^^^^^^^^^^^^^^^^^^^^^^^^
...
 837 |     fn extract_blockchain_public_key(&self, computed_bytes: &[u8]) -> Result<Vec<u8>, ProofError> {
     |        ^^^^^^^^^^^^^^^^^^^^^^^^^^^^^
...
 848 |     fn validate_blockchain_signature(&self, signature: &[u8], public_key: &[u8]) -> Result<bool, ProofError> {
     |        ^^^^^^^^^^^^^^^^^^^^^^^^^^^^^
...
 867 |     fn verify_merkle_proof(&self, computed_root: &Digest, expected_root: &agglayer_primitives::Digest) -> Result<bool, ProofError> {
     |        ^^^^^^^^^^^^^^^^^^^
...
 901 |     fn extract_blockchain_merkle_proof(&self, computed_root: &Digest, expected_root: &agglayer_primitives::Digest) -> Result<BlockchainMe...
     |        ^^^^^^^^^^^^^^^^^^^^^^^^^^^^^^^
...
 936 |     fn validate_blockchain_proof(&self, proof: &BlockchainMerkleProof) -> Result<bool, ProofError> {
     |        ^^^^^^^^^^^^^^^^^^^^^^^^^
...
 963 |     fn verify_hash_chain(&self, computed_bytes: &[u8], expected_bytes: &[u8]) -> Result<bool, ProofError> {
     |        ^^^^^^^^^^^^^^^^^
...
 991 |     fn verify_timestamp_freshness(&self) -> Result<bool, ProofError> {
     |        ^^^^^^^^^^^^^^^^^^^^^^^^^^
...
1003 |     fn verify_nonce_uniqueness(&self, computed_bytes: &[u8], expected_bytes: &[u8]) -> Result<bool, ProofError> {
     |        ^^^^^^^^^^^^^^^^^^^^^^^
...
1033 |     fn verify_zero_knowledge_proof(&self, computed_root: &Digest, expected_root: &agglayer_primitives::Digest) -> Result<bool, ProofError> {
     |        ^^^^^^^^^^^^^^^^^^^^^^^^^^^
...
1072 |     fn calculate_signature_strength(&self, signature_bytes: &[u8]) -> f64 {
     |        ^^^^^^^^^^^^^^^^^^^^^^^^^^^^
...
1169 |     fn calculate_entropy(&self, data: &[u8]) -> f64 {
     |        ^^^^^^^^^^^^^^^^^
...
1261 |     fn build_merkle_tree(&self, blocks: &[crate::multi_batch_header::MultiBatchHeader<agglayer_primitives::keccak::Keccak256Hasher>], b: ...
     |        ^^^^^^^^^^^^^^^^^
...
1328 |     fn calculate_tree_height(&self, num_blocks: usize, b: usize) -> usize {
     |        ^^^^^^^^^^^^^^^^^^^^^
...
1349 |     fn compute_root_from_blocks(
     |        ^^^^^^^^^^^^^^^^^^^^^^^^

warning: `pessimistic-proof-core` (lib) generated 58 warnings (run `cargo fix --lib -p pessimistic-proof-core` to apply 12 suggestions)
warning: unused import: `rayon::ThreadPoolBuilder`
 --> crates/pessimistic-proof-test-suite/src/bin/ppgen_sabv_lmtr5.rs:6:5
  |
6 | use rayon::ThreadPoolBuilder;
  |     ^^^^^^^^^^^^^^^^^^^^^^^^
  |
  = note: `#[warn(unused_imports)]` on by default

warning: value assigned to `current_state` is never read
   --> crates/pessimistic-proof-test-suite/src/bin/ppgen_sabv_lmtr5.rs:133:9
    |
133 |         current_state = block_state.state_b.clone();
    |         ^^^^^^^^^^^^^
    |
    = help: maybe it is overwritten before being read?
    = note: `#[warn(unused_assignments)]` on by default

warning: unused variable: `vk`
   --> crates/pessimistic-proof-test-suite/src/bin/ppgen_sabv_lmtr5.rs:294:24
    |
294 |             Ok((proof, vk, new_roots)) => {
    |                        ^^ help: if this is intentional, prefix it with an underscore: `_vk`
    |
    = note: `#[warn(unused_variables)]` on by default

warning: unused variable: `new_roots`
   --> crates/pessimistic-proof-test-suite/src/bin/ppgen_sabv_lmtr5.rs:294:28
    |
294 |             Ok((proof, vk, new_roots)) => {
    |                            ^^^^^^^^^ help: if this is intentional, prefix it with an underscore: `_new_roots`

warning: variable does not need to be mutable
  --> crates/pessimistic-proof-test-suite/src/bin/ppgen_sabv_lmtr5.rs:72:9
   |
72 |     let mut state = data::sample_state_00();
   |         ----^^^^^
   |         |
   |         help: remove this `mut`
   |
   = note: `#[warn(unused_mut)]` on by default

warning: `pessimistic-proof-test-suite` (bin "ppgen_sabv_lmtr5") generated 5 warnings (run `cargo fix --bin "ppgen_sabv_lmtr5"` to apply 2 suggestions)
    Finished `release` profile [optimized] target(s) in 0.97s
     Running `target/release/ppgen_sabv_lmtr5 --n-exits 700 --validator-nodes 5 --proof-dir /home/ubuntu/thanhhuyen/proofs/v5/n700_run1`
🔍 SABV5: Starting Algorithm 1 - Verify Aggregated Blocks Integrity
   Input: N=700 blocks, branching_factor=3, validators=5
   📐 Optimal height calculation: log_3(700) + 1 = 7
🎯 V5: Calculated optimal htarget = 7 for N=700, b=3
📊 Computed expected root from 700 ORIGINAL blocks (before rebalancing): a66d4851f096c3149a873abe405606736ac94ac8e24fdd741eb5fe8f3fe06401 (height=7)
📊 SABV5: Calculated j* = 6 with variance = 0.0000
✅ Step 1: Optimal sharding size j* = 6 (shard_size = 3^6 = 729)
📦 SABV5: Created 1 shards (0 full + 1 remainder)
✅ Step 2: Partitioned 700 blocks into 1 shards (shard_size = 729)
📡 SABV5: REAL MPC Network - 5 validators broadcast shares, 5 received sufficient shares
🔐 SABV5: REAL Shamir secret sharing - Secret: 0.775977, Reconstructed: 0.775977, Match: true
   Polynomial degree: 2, Shares: 5, Threshold: 3/5
   Validator 4 assigned with share value: -1.687276
✅ Step 3: Secret sharing applied (threshold k=3/5)
📊 Step 4: Rebalancing shards with LMTR4 (Algorithm 2)...
🔧 LMTR4: Starting Algorithm 2 rebalancing for 700 blocks
📊 LMTR4: Initial state - Ni = 700, b = 3, htarget = 7
🔄 LMTR4: Fixed branch imbalance by appending last block - Ni = 701
🔄 LMTR4: Fixed branch imbalance by appending last block - Ni = 702
✅ LMTR4: Rebalancing complete - Final Ni = 702, height = 7
   ✅ Shard 0 (validator 4) - 700 → 702 blocks, height=7
🌳 Step 5a: Building REAL Local CC-MBMT from rebalanced blocks...
   ✅ Validator 4 built REAL local CC-MBMT (shard 0) - 702 blocks → tree height=7
🔗 SABV5: Merged 1 local CC-MBMTs into global CC-MBMT using REAL tree structure
✅ Step 5b: Merged 1 local CC-MBMTs into global root r
✅ Step 6: Computed alternative root r' (from rebalanced blocks) using SAME Merkle tree method as Step 5a
   Using 702 rebalanced blocks, tree height=7
✅ Step 6b: Using r' (from original blocks) = expected_root_from_original_blocks for CHECK 2
🔐 Step 7: Verifying integrity and detecting fraud...
   r  (from merged local trees, rebalanced): 4aeb7edccc602b6139b566954cbf9a1bbc43011d42c2fb51586402b283f607b4
   r' (from all rebalanced blocks):           4aeb7edccc602b6139b566954cbf9a1bbc43011d42c2fb51586402b283f607b4
   r' (from original blocks):                 a66d4851f096c3149a873abe405606736ac94ac8e24fdd741eb5fe8f3fe06401
   Note: r' (from original) will be compared with r (from rebalanced) in CHECK 2
   ✅ Check 1: r == r' (from rebalanced blocks)? true (internal consistency)
   📊 Block counts: original=700, rebalanced=702
   🔍 Check 2 (rebalancing changed block count):
      • Unique blocks in rebalanced: 700
      • Original blocks: 700
      • All original blocks present: true
      • No extra blocks: true
      • Content preserved: true
   ✅ Check 2: Content preserved (only structure changed) - PASSED
✅ SABV5: Verification PASSED - All checks passed
   ✅ Check 1: r == r' (from rebalanced blocks) - internal consistency verified
   ✅ Check 2: r' (from original blocks) == r (from rebalanced blocks) - rebalancing integrity verified
   ✅ Algorithm integrity: SABV5 + LMTR4 working as designed
   ✅ No fraud detected - blocks are consistent and rebalancing preserved content
2025-11-13T13:56:30.813077Z  INFO prove_core: clk = 0 pc = 0x201504
2025-11-13T13:56:31.001767Z  INFO prove_core: clk = 0 pc = 0x201504
2025-11-13T13:56:31.444483Z  INFO prove_core: clk = 10000000 pc = 0x20439c
2025-11-13T13:56:32.071584Z  INFO prove_core: clk = 20000000 pc = 0x206288
2025-11-13T13:56:32.813645Z  INFO prove_core: clk = 30000000 pc = 0x204398
2025-11-13T13:56:33.212867Z  INFO prove_core:generate main traces: close time.busy=791ms time.idle=6.88µs index=0
2025-11-13T13:56:33.416459Z  INFO prove_core: clk = 40000000 pc = 0x204394
2025-11-13T13:56:34.028597Z  INFO prove_core: clk = 50000000 pc = 0x2043c0
2025-11-13T13:56:34.635730Z  INFO prove_core: clk = 60000000 pc = 0x20123c
2025-11-13T13:56:35.270713Z  INFO prove_core: clk = 70000000 pc = 0x206260
2025-11-13T13:56:35.271820Z  INFO prove_core:generate main traces: close time.busy=658ms time.idle=10.3µs index=1
2025-11-13T13:56:35.957828Z  INFO prove_core: clk = 80000000 pc = 0x205f74
2025-11-13T13:56:36.712571Z  INFO prove_core: clk = 90000000 pc = 0x2043d0
2025-11-13T13:56:37.251802Z  INFO prove_core:generate main traces: close time.busy=674ms time.idle=8.00µs index=2
2025-11-13T13:56:37.349824Z  INFO prove_core: clk = 100000000 pc = 0x231240
2025-11-13T13:56:38.017621Z  INFO prove_core: clk = 110000000 pc = 0x201248
2025-11-13T13:56:38.646256Z  INFO prove_core: clk = 120000000 pc = 0x231240
2025-11-13T13:56:39.239606Z  INFO prove_core: clk = 130000000 pc = 0x21b6d0
2025-11-13T13:56:39.829493Z  INFO prove_core: clk = 140000000 pc = 0x23124c
2025-11-13T13:56:40.970317Z  INFO prove_core: clk = 150000000 pc = 0x231250
2025-11-13T13:56:41.888911Z  INFO prove_core: clk = 160000000 pc = 0x20121c
2025-11-13T13:56:42.484407Z  INFO prove_core: clk = 170000000 pc = 0x201244
2025-11-13T13:56:43.083533Z  INFO prove_core: clk = 180000000 pc = 0x231254
2025-11-13T13:56:43.744599Z  INFO prove_core: clk = 190000000 pc = 0x21bd80
2025-11-13T13:56:44.601191Z  INFO prove_core: clk = 200000000 pc = 0x231240
2025-11-13T13:56:45.385775Z  INFO prove_core: clk = 210000000 pc = 0x20123c
2025-11-13T13:56:46.360872Z  INFO prove_core: clk = 220000000 pc = 0x201224
2025-11-13T13:56:47.065812Z  INFO prove_core: clk = 230000000 pc = 0x2313e4
2025-11-13T13:56:47.675706Z  INFO prove_core: clk = 240000000 pc = 0x231244
2025-11-13T13:56:49.675939Z  INFO prove_core: clk = 250000000 pc = 0x2313bc
2025-11-13T14:01:06.803459Z  INFO prove_core:generate main traces: close time.busy=809ms time.idle=7.60µs index=3
2025-11-13T14:05:34.877820Z  INFO prove_core: clk = 10000000 pc = 0x20439c
2025-11-13T14:05:36.056410Z  INFO prove_core:generate main traces: close time.busy=646ms time.idle=7.65µs index=4
2025-11-13T14:10:03.218159Z  INFO prove_core:generate main traces: close time.busy=627ms time.idle=8.46µs index=5
2025-11-13T14:14:30.265631Z  INFO prove_core:generate main traces: close time.busy=624ms time.idle=7.75µs index=6
2025-11-13T14:18:57.303464Z  INFO prove_core:generate main traces: close time.busy=685ms time.idle=7.43µs index=7
2025-11-13T14:23:23.409105Z  INFO prove_core:generate main traces: close time.busy=586ms time.idle=7.54µs index=8
2025-11-13T14:27:44.440418Z  INFO prove_core: clk = 20000000 pc = 0x206288
2025-11-13T14:27:45.874536Z  INFO prove_core:generate main traces: close time.busy=680ms time.idle=6.64µs index=9
2025-11-13T14:32:11.687520Z  INFO prove_core:generate main traces: close time.busy=615ms time.idle=9.35µs index=10
2025-11-13T14:36:36.845765Z  INFO prove_core:generate main traces: close time.busy=624ms time.idle=8.84µs index=11
2025-11-13T14:41:02.307232Z  INFO prove_core:generate main traces: close time.busy=764ms time.idle=9.12µs index=12
2025-11-13T14:45:28.072080Z  INFO prove_core:generate main traces: close time.busy=613ms time.idle=7.09µs index=13
2025-11-13T14:49:53.994685Z  INFO prove_core: clk = 30000000 pc = 0x204398
2025-11-13T14:49:55.577624Z  INFO prove_core:generate main traces: close time.busy=635ms time.idle=7.24µs index=14
2025-11-13T14:54:25.204194Z  INFO prove_core:generate main traces: close time.busy=673ms time.idle=7.28µs index=15
2025-11-13T14:58:51.399533Z  INFO prove_core:generate main traces: close time.busy=589ms time.idle=7.55µs index=16
2025-11-13T15:03:23.065714Z  INFO prove_core:generate main traces: close time.busy=744ms time.idle=8.07µs index=17
2025-11-13T15:07:51.219101Z  INFO prove_core:generate main traces: close time.busy=546ms time.idle=6.32µs index=18
2025-11-13T15:12:19.646500Z  INFO prove_core: clk = 40000000 pc = 0x204394
2025-11-13T15:12:21.660489Z  INFO prove_core:generate main traces: close time.busy=612ms time.idle=6.82µs index=19
2025-11-13T15:16:49.599279Z  INFO prove_core:generate main traces: close time.busy=711ms time.idle=10.2µs index=20
2025-11-13T15:21:17.621252Z  INFO prove_core:generate main traces: close time.busy=581ms time.idle=6.13µs index=21
2025-11-13T15:25:41.406219Z  INFO prove_core:generate main traces: close time.busy=613ms time.idle=6.11µs index=22
2025-11-13T15:30:07.355879Z  INFO prove_core: clk = 50000000 pc = 0x2043c0
2025-11-13T15:30:08.471973Z  INFO prove_core:generate main traces: close time.busy=672ms time.idle=6.34µs index=23
2025-11-13T15:34:31.513339Z  INFO prove_core:generate main traces: close time.busy=556ms time.idle=6.38µs index=24
2025-11-13T15:38:58.624922Z  INFO prove_core:generate main traces: close time.busy=585ms time.idle=6.60µs index=25
2025-11-13T15:43:27.009018Z  INFO prove_core:generate main traces: close time.busy=638ms time.idle=7.20µs index=26
2025-11-13T15:47:51.782273Z  INFO prove_core:generate main traces: close time.busy=608ms time.idle=12.2µs index=27
2025-11-13T15:52:16.057635Z  INFO prove_core: clk = 60000000 pc = 0x20123c
2025-11-13T15:52:17.302784Z  INFO prove_core:generate main traces: close time.busy=582ms time.idle=6.27µs index=28
2025-11-13T15:56:45.515155Z  INFO prove_core:generate main traces: close time.busy=542ms time.idle=7.53µs index=29
2025-11-13T16:01:08.477305Z  INFO prove_core:generate main traces: close time.busy=639ms time.idle=7.89µs index=30
2025-11-13T16:05:31.330644Z  INFO prove_core:generate main traces: close time.busy=600ms time.idle=5.77µs index=31
2025-11-13T16:09:54.308313Z  INFO prove_core:generate main traces: close time.busy=582ms time.idle=6.68µs index=32
2025-11-13T16:14:17.416149Z  INFO prove_core: clk = 70000000 pc = 0x206260
2025-11-13T16:14:18.935087Z  INFO prove_core:generate main traces: close time.busy=639ms time.idle=6.23µs index=33
2025-11-13T16:18:42.812853Z  INFO prove_core:generate main traces: close time.busy=567ms time.idle=8.10µs index=34
2025-11-13T16:23:07.812321Z  INFO prove_core:generate main traces: close time.busy=577ms time.idle=7.55µs index=35
2025-11-13T16:27:29.520982Z  INFO prove_core:generate main traces: close time.busy=548ms time.idle=7.80µs index=36
2025-11-13T16:31:53.782075Z  INFO prove_core:generate main traces: close time.busy=543ms time.idle=6.91µs index=37
2025-11-13T16:36:13.966934Z  INFO prove_core: clk = 80000000 pc = 0x205f74
2025-11-13T16:36:15.757866Z  INFO prove_core:generate main traces: close time.busy=578ms time.idle=7.12µs index=38
2025-11-13T16:40:41.613714Z  INFO prove_core:generate main traces: close time.busy=590ms time.idle=6.90µs index=39
2025-11-13T16:45:04.003565Z  INFO prove_core:generate main traces: close time.busy=581ms time.idle=7.37µs index=40
2025-11-13T16:49:29.624251Z  INFO prove_core:generate main traces: close time.busy=576ms time.idle=7.42µs index=41
2025-11-13T16:53:55.591872Z  INFO prove_core: clk = 90000000 pc = 0x2043d0
2025-11-13T16:53:56.711796Z  INFO prove_core:generate main traces: close time.busy=743ms time.idle=11.3µs index=42
2025-11-13T16:58:24.657589Z  INFO prove_core:generate main traces: close time.busy=568ms time.idle=51.8µs index=43
2025-11-13T17:02:49.547314Z  INFO prove_core:generate main traces: close time.busy=595ms time.idle=6.66µs index=44
2025-11-13T17:07:15.087965Z  INFO prove_core:generate main traces: close time.busy=568ms time.idle=6.71µs index=45
2025-11-13T17:11:41.371286Z  INFO prove_core:generate main traces: close time.busy=1.25s time.idle=7.39µs index=46
2025-11-13T17:16:05.252540Z  INFO prove_core: clk = 100000000 pc = 0x231240
2025-11-13T17:16:09.470004Z  INFO prove_core:generate main traces: close time.busy=3.35s time.idle=7.21µs index=47
2025-11-13T17:25:12.011981Z  INFO prove_core:generate main traces: close time.busy=5.04s time.idle=9.19µs index=48
2025-11-13T17:35:00.669716Z  INFO prove_core:generate main traces: close time.busy=3.42s time.idle=8.23µs index=49
2025-11-13T17:37:07.625614Z  INFO prove_core:generate main traces: close time.busy=3.69s time.idle=7.62µs index=50
2025-11-13T17:42:37.870082Z  INFO prove_core:generate main traces: close time.busy=3.49s time.idle=7.93µs index=51
2025-11-13T17:47:57.188676Z  INFO prove_core: clk = 110000000 pc = 0x201248
2025-11-13T17:48:01.971191Z  INFO prove_core:generate main traces: close time.busy=3.64s time.idle=8.37µs index=52
2025-11-13T17:53:31.235737Z  INFO prove_core:generate main traces: close time.busy=5.36s time.idle=6.57µs index=53
2025-11-13T18:03:19.451007Z  INFO prove_core:generate main traces: close time.busy=3.46s time.idle=6.37µs index=54
2025-11-13T18:05:27.437187Z  INFO prove_core:generate main traces: close time.busy=3.73s time.idle=5.99µs index=55
2025-11-13T18:10:55.194818Z  INFO prove_core:generate main traces: close time.busy=3.76s time.idle=7.80µs index=56
2025-11-13T18:16:16.354127Z  INFO prove_core: clk = 120000000 pc = 0x231240
2025-11-13T18:16:23.885417Z  INFO prove_core:generate main traces: close time.busy=5.55s time.idle=7.53µs index=57
2025-11-13T18:26:09.719506Z  INFO prove_core:generate main traces: close time.busy=3.61s time.idle=8.54µs index=58
2025-11-13T18:28:16.299197Z  INFO prove_core:generate main traces: close time.busy=3.82s time.idle=7.74µs index=59
2025-11-13T18:33:42.305396Z  INFO prove_core:generate main traces: close time.busy=3.51s time.idle=6.98µs index=60
2025-11-13T18:39:05.166716Z  INFO prove_core: clk = 130000000 pc = 0x21b6d0
2025-11-13T18:39:11.861065Z  INFO prove_core:generate main traces: close time.busy=5.58s time.idle=28.3µs index=61
2025-11-13T18:48:58.498733Z  INFO prove_core:generate main traces: close time.busy=3.24s time.idle=6.91µs index=62
2025-11-13T18:51:07.045430Z  INFO prove_core:generate main traces: close time.busy=3.85s time.idle=6.29µs index=63
2025-11-13T18:56:28.713437Z  INFO prove_core:generate main traces: close time.busy=3.86s time.idle=6.26µs index=64
2025-11-13T19:01:55.918692Z  INFO prove_core:generate main traces: close time.busy=5.43s time.idle=7.10µs index=65
2025-11-13T19:11:37.799905Z  INFO prove_core: clk = 140000000 pc = 0x23124c
2025-11-13T19:11:42.148026Z  INFO prove_core:generate main traces: close time.busy=3.49s time.idle=11.5µs index=66
2025-11-13T19:13:48.634701Z  INFO prove_core:generate main traces: close time.busy=3.50s time.idle=7.68µs index=67
2025-11-13T19:19:17.298635Z  INFO prove_core:generate main traces: close time.busy=3.94s time.idle=10.0µs index=68
2025-11-13T19:24:46.842968Z  INFO prove_core:generate main traces: close time.busy=3.58s time.idle=8.05µs index=69
2025-11-13T19:30:16.254962Z  INFO prove_core:generate main traces: close time.busy=5.49s time.idle=6.60µs index=70
2025-11-13T19:39:56.781665Z  INFO prove_core: clk = 150000000 pc = 0x231250
2025-11-13T19:40:01.389974Z  INFO prove_core:generate main traces: close time.busy=3.54s time.idle=7.38µs index=71
2025-11-13T19:42:09.648952Z  INFO prove_core:generate main traces: close time.busy=3.66s time.idle=13.1µs index=72
2025-11-13T19:47:35.742897Z  INFO prove_core:generate main traces: close time.busy=3.38s time.idle=6.60µs index=73
2025-11-13T19:53:06.902651Z  INFO prove_core:generate main traces: close time.busy=5.49s time.idle=6.59µs index=74
2025-11-13T20:02:54.929091Z  INFO prove_core:generate main traces: close time.busy=3.12s time.idle=8.25µs index=75
2025-11-13T20:04:59.931744Z  INFO prove_core: clk = 160000000 pc = 0x20121c
2025-11-13T20:05:04.787622Z  INFO prove_core:generate main traces: close time.busy=3.62s time.idle=7.67µs index=76
2025-11-13T20:10:31.878131Z  INFO prove_core:generate main traces: close time.busy=4.11s time.idle=8.90µs index=77
2025-11-13T20:16:00.696969Z  INFO prove_core:generate main traces: close time.busy=5.40s time.idle=6.44µs index=78
2025-11-13T20:25:46.909278Z  INFO prove_core:generate main traces: close time.busy=3.47s time.idle=7.55µs index=79
2025-11-13T20:27:55.698595Z  INFO prove_core:generate main traces: close time.busy=3.73s time.idle=7.70µs index=80
2025-11-13T20:33:21.163686Z  INFO prove_core: clk = 170000000 pc = 0x201244
2025-11-13T20:33:26.387370Z  INFO prove_core:generate main traces: close time.busy=3.65s time.idle=6.72µs index=81
2025-11-13T20:38:54.587025Z  INFO prove_core:generate main traces: close time.busy=5.55s time.idle=11.3µs index=82
2025-11-13T20:48:40.761867Z  INFO prove_core:generate main traces: close time.busy=3.37s time.idle=7.44µs index=83
2025-11-13T20:50:47.579693Z  INFO prove_core:generate main traces: close time.busy=3.56s time.idle=8.41µs index=84
2025-11-13T20:56:09.397003Z  INFO prove_core: clk = 180000000 pc = 0x231254
2025-11-13T20:56:13.770830Z  INFO prove_core:generate main traces: close time.busy=3.66s time.idle=7.64µs index=85
2025-11-13T21:01:39.164437Z  INFO prove_core:generate main traces: close time.busy=3.52s time.idle=6.83µs index=86
2025-11-13T21:07:04.457843Z  INFO prove_core:generate main traces: close time.busy=5.51s time.idle=7.19µs index=87
2025-11-13T21:16:47.949539Z  INFO prove_core:generate main traces: close time.busy=4.02s time.idle=12.7µs index=88
2025-11-13T21:18:54.379416Z  INFO prove_core:generate main traces: close time.busy=3.35s time.idle=7.34µs index=89
2025-11-13T21:24:18.178766Z  INFO prove_core: clk = 190000000 pc = 0x21bd80
2025-11-13T21:24:22.561781Z  INFO prove_core:generate main traces: close time.busy=3.48s time.idle=7.80µs index=90
2025-11-13T21:29:50.759218Z  INFO prove_core:generate main traces: close time.busy=5.50s time.idle=7.41µs index=91
2025-11-13T21:39:35.049587Z  INFO prove_core:generate main traces: close time.busy=3.61s time.idle=12.8µs index=92
2025-11-13T21:41:41.829660Z  INFO prove_core:generate main traces: close time.busy=3.50s time.idle=8.15µs index=93
2025-11-13T21:47:07.178929Z  INFO prove_core:generate main traces: close time.busy=3.55s time.idle=7.73µs index=94
2025-11-13T21:52:32.947002Z  INFO prove_core: clk = 200000000 pc = 0x231240
2025-11-13T21:52:40.027379Z  INFO prove_core:generate main traces: close time.busy=5.44s time.idle=7.97µs index=95
2025-11-13T22:02:26.896820Z  INFO prove_core:generate main traces: close time.busy=3.56s time.idle=21.8µs index=96
2025-11-13T22:04:34.070958Z  INFO prove_core:generate main traces: close time.busy=3.69s time.idle=6.64µs index=97
2025-11-13T22:09:59.222328Z  INFO prove_core:generate main traces: close time.busy=3.58s time.idle=7.95µs index=98
2025-11-13T22:15:27.293716Z  INFO prove_core:generate main traces: close time.busy=5.33s time.idle=11.9µs index=99
2025-11-13T22:25:10.297888Z  INFO prove_core: clk = 210000000 pc = 0x20123c
2025-11-13T22:25:15.319473Z  INFO prove_core:generate main traces: close time.busy=3.45s time.idle=11.7µs index=100
2025-11-13T22:27:22.544575Z  INFO prove_core:generate main traces: close time.busy=3.59s time.idle=6.44µs index=101
2025-11-13T22:32:48.692240Z  INFO prove_core:generate main traces: close time.busy=3.43s time.idle=8.36µs index=102
2025-11-13T22:38:16.503718Z  INFO prove_core:generate main traces: close time.busy=3.61s time.idle=6.01µs index=103
2025-11-13T22:43:39.528812Z  INFO prove_core: clk = 220000000 pc = 0x201224
2025-11-13T22:43:46.342474Z  INFO prove_core:generate main traces: close time.busy=5.60s time.idle=6.04µs index=104
2025-11-13T22:53:33.787283Z  INFO prove_core:generate main traces: close time.busy=3.49s time.idle=7.42µs index=105
2025-11-13T22:55:40.709767Z  INFO prove_core:generate main traces: close time.busy=3.92s time.idle=11.8µs index=106
2025-11-13T23:01:07.382232Z  INFO prove_core:generate main traces: close time.busy=3.71s time.idle=7.61µs index=107
2025-11-13T23:06:34.589152Z  INFO prove_core:generate main traces: close time.busy=5.49s time.idle=12.2µs index=108
2025-11-13T23:16:24.602479Z  INFO prove_core: clk = 230000000 pc = 0x2313e4
2025-11-13T23:16:28.891365Z  INFO prove_core:generate main traces: close time.busy=3.44s time.idle=7.80µs index=109
2025-11-13T23:18:35.249340Z  INFO prove_core:generate main traces: close time.busy=3.48s time.idle=8.01µs index=110
2025-11-13T23:24:01.417954Z  INFO prove_core:generate main traces: close time.busy=3.82s time.idle=7.76µs index=111
2025-11-13T23:29:31.303924Z  INFO prove_core:generate main traces: close time.busy=5.60s time.idle=12.7µs index=112
2025-11-13T23:39:19.367370Z  INFO prove_core:generate main traces: close time.busy=3.42s time.idle=8.07µs index=113
2025-11-13T23:41:20.685801Z  INFO prove_core: clk = 240000000 pc = 0x231244
2025-11-13T23:41:25.458752Z  INFO prove_core:generate main traces: close time.busy=3.69s time.idle=7.33µs index=114
2025-11-13T23:46:53.384712Z  INFO prove_core:generate main traces: close time.busy=3.52s time.idle=7.80µs index=115
2025-11-13T23:52:21.748143Z  INFO prove_core:generate main traces: close time.busy=5.81s time.idle=7.82µs index=116
2025-11-14T00:02:12.793916Z  INFO prove_core:generate main traces: close time.busy=3.60s time.idle=7.76µs index=117
2025-11-14T00:04:16.906464Z  INFO prove_core:generate main traces: close time.busy=1.15s time.idle=7.78µs index=118
2025-11-14T00:08:44.260391Z  INFO prove_core: clk = 250000000 pc = 0x2313bc
2025-11-14T00:08:51.274255Z  INFO prove_core:generate main traces: close time.busy=5.42s time.idle=7.12µs index=119
2025-11-14T00:19:11.964341Z  INFO prove_core:generate main traces: close time.busy=21.7s time.idle=7.90µs index=120
2025-11-14T00:33:19.178910Z  WARN prove_core: High cycle count detected (253M cycles). For better performance, consider using the Succinct Prover Network: https://docs.succinct.xyz/docs/sp1/generating-proofs/prover-network
2025-11-14T00:33:19.188582Z  INFO prove_core: close time.busy=38206s time.idle=2.45s
2025-11-14T11:12:45.754867Z  INFO compress: close time.busy=38364s time.idle=2.01s
2025-11-14T11:13:32.710732Z  INFO shrink:prove_shards: close time.busy=39.4s time.idle=14.5µs
2025-11-14T11:13:32.927518Z  INFO shrink: close time.busy=46.5s time.idle=12.1µs
2025-11-14T11:23:39.524901Z  INFO wrap_bn254:prove_shards: close time.busy=429s time.idle=18.5µs
2025-11-14T11:23:39.784783Z  INFO wrap_bn254:verify: close time.busy=260ms time.idle=6.39µs
2025-11-14T11:23:40.144790Z  INFO wrap_bn254: close time.busy=607s time.idle=5.61µs
[sp1] plonk circuit artifacts already seem to exist at /home/ubuntu/.sp1/circuits/plonk/v5.0.0. if you want to re-download them, delete the directory
2025-11-14T11:23:40.242820Z  INFO wrap_plonk_bn254: Running prove in docker
2025-11-14T11:39:27.027846Z  INFO wrap_plonk_bn254: Running verify in docker
2025-11-14T11:39:27.625327Z  INFO wrap_plonk_bn254: close time.busy=947s time.idle=6.47µs
	Command being timed: "cargo run --release -p pessimistic-proof-test-suite --bin ppgen_sabv_lmtr5 -- --n-exits 700 --validator-nodes 5 --proof-dir /home/ubuntu/thanhhuyen/proofs/v5/n700_run1"
	User time (seconds): 949811.32
	System time (seconds): 32149.40
	Percent of CPU this job got: 1255%
	Elapsed (wall clock) time (h:mm:ss or m:ss): 21:43:11
	Average shared text size (kbytes): 0
	Average unshared data size (kbytes): 0
	Average stack size (kbytes): 0
	Average total size (kbytes): 0
	Maximum resident set size (kbytes): 23830072
	Average resident set size (kbytes): 0
	Major (requiring I/O) page faults: 0
	Minor (reclaiming a frame) page faults: 2424294805
	Voluntary context switches: 46454819
	Involuntary context switches: 27490243
	Swaps: 0
	File system inputs: 0
	File system outputs: 147040
	Socket messages sent: 0
	Socket messages received: 0
	Signals delivered: 0
	Page size (bytes): 4096
	Exit status: 0
