warning: unused import: `keccak::Keccak256Hasher`
 --> crates/pessimistic-proof-core/src/sabv2.rs:2:35
  |
2 | use agglayer_primitives::{Digest, keccak::Keccak256Hasher};
  |                                   ^^^^^^^^^^^^^^^^^^^^^^^
  |
  = note: `#[warn(unused_imports)]` on by default

warning: unused import: `keccak::Keccak256Hasher`
 --> crates/pessimistic-proof-core/src/lmtr2.rs:2:35
  |
2 | use agglayer_primitives::{Digest, keccak::Keccak256Hasher};
  |                                   ^^^^^^^^^^^^^^^^^^^^^^^

warning: unused import: `keccak::Keccak256Hasher`
 --> crates/pessimistic-proof-core/src/sabv3.rs:2:35
  |
2 | use agglayer_primitives::{Digest, keccak::Keccak256Hasher};
  |                                   ^^^^^^^^^^^^^^^^^^^^^^^

warning: unused import: `keccak::Keccak256Hasher`
 --> crates/pessimistic-proof-core/src/lmtr3.rs:2:35
  |
2 | use agglayer_primitives::{Digest, keccak::Keccak256Hasher};
  |                                   ^^^^^^^^^^^^^^^^^^^^^^^

warning: unused import: `keccak::Keccak256Hasher`
 --> crates/pessimistic-proof-core/src/sabv4.rs:2:35
  |
2 | use agglayer_primitives::{Digest, keccak::Keccak256Hasher};
  |                                   ^^^^^^^^^^^^^^^^^^^^^^^

warning: unused import: `keccak::Keccak256Hasher`
 --> crates/pessimistic-proof-core/src/lmtr4.rs:2:35
  |
2 | use agglayer_primitives::{Digest, keccak::Keccak256Hasher};
  |                                   ^^^^^^^^^^^^^^^^^^^^^^^

warning: unused imports: `BridgeExit`, `ImportedBridgeExit`, `NetworkId`, and `TokenInfo`
   --> crates/pessimistic-proof-core/src/lmtr4.rs:245:30
    |
245 |         use unified_bridge::{BridgeExit, ImportedBridgeExit, NetworkId, TokenInfo};
    |                              ^^^^^^^^^^  ^^^^^^^^^^^^^^^^^^  ^^^^^^^^^  ^^^^^^^^^

warning: unused import: `agglayer_primitives::U256`
   --> crates/pessimistic-proof-core/src/lmtr4.rs:247:13
    |
247 |         use agglayer_primitives::U256;
    |             ^^^^^^^^^^^^^^^^^^^^^^^^^

warning: unused import: `crate::nullifier_tree::NullifierPath`
   --> crates/pessimistic-proof-core/src/lmtr4.rs:248:13
    |
248 |         use crate::nullifier_tree::NullifierPath;
    |             ^^^^^^^^^^^^^^^^^^^^^^^^^^^^^^^^^^^^

warning: unused import: `crate::local_balance_tree::LocalBalancePath`
   --> crates/pessimistic-proof-core/src/lmtr4.rs:249:13
    |
249 |         use crate::local_balance_tree::LocalBalancePath;
    |             ^^^^^^^^^^^^^^^^^^^^^^^^^^^^^^^^^^^^^^^^^^^

warning: unused import: `crate::aggchain_proof::AggchainData`
   --> crates/pessimistic-proof-core/src/lmtr4.rs:250:13
    |
250 |         use crate::aggchain_proof::AggchainData;
    |             ^^^^^^^^^^^^^^^^^^^^^^^^^^^^^^^^^^^

warning: unused import: `keccak::Keccak256Hasher`
 --> crates/pessimistic-proof-core/src/sabv5.rs:2:35
  |
2 | use agglayer_primitives::{Digest, keccak::Keccak256Hasher};
  |                                   ^^^^^^^^^^^^^^^^^^^^^^^

warning: unused variable: `branching_factor`
  --> crates/pessimistic-proof-core/src/lmtr.rs:31:9
   |
31 |         branching_factor: usize,
   |         ^^^^^^^^^^^^^^^^ help: if this is intentional, prefix it with an underscore: `_branching_factor`
   |
   = note: `#[warn(unused_variables)]` on by default

warning: unused variable: `block`
  --> crates/pessimistic-proof-core/src/sabv2.rs:72:13
   |
72 |         for block in blocks {
   |             ^^^^^ help: if this is intentional, prefix it with an underscore: `_block`

warning: unused variable: `consensus_result`
  --> crates/pessimistic-proof-core/src/sabv2.rs:79:13
   |
79 |         let consensus_result = self.run_consensus_mechanism(blocks, validator_nodes)?;
   |             ^^^^^^^^^^^^^^^^ help: if this is intentional, prefix it with an underscore: `_consensus_result`

warning: unused variable: `global_root`
  --> crates/pessimistic-proof-core/src/sabv2.rs:63:9
   |
63 |         global_root: &agglayer_primitives::Digest,
   |         ^^^^^^^^^^^ help: if this is intentional, prefix it with an underscore: `_global_root`

warning: unused variable: `computed_hash`
   --> crates/pessimistic-proof-core/src/sabv2.rs:136:13
    |
136 |         let computed_hash = Keccak256::digest(&block_data);
    |             ^^^^^^^^^^^^^ help: if this is intentional, prefix it with an underscore: `_computed_hash`

warning: unused variable: `declared_hash`
   --> crates/pessimistic-proof-core/src/sabv2.rs:139:13
    |
139 |         let declared_hash = self.get_block_declared_hash(block)?;
    |             ^^^^^^^^^^^^^ help: if this is intentional, prefix it with an underscore: `_declared_hash`

warning: unused variable: `block`
   --> crates/pessimistic-proof-core/src/sabv2.rs:229:32
    |
229 |     fn get_block_height(&self, block: &crate::multi_batch_header::MultiBatchHeader<agglayer_primitives::keccak::Keccak256Hasher>) -> Resu...
    |                                ^^^^^ help: if this is intentional, prefix it with an underscore: `_block`

warning: unused variable: `block`
   --> crates/pessimistic-proof-core/src/sabv2.rs:241:39
    |
241 |     fn get_block_declared_hash(&self, block: &crate::multi_batch_header::MultiBatchHeader<agglayer_primitives::keccak::Keccak256Hasher>) ...
    |                                       ^^^^^ help: if this is intentional, prefix it with an underscore: `_block`

warning: unused variable: `block`
   --> crates/pessimistic-proof-core/src/sabv2.rs:247:32
    |
247 |     fn get_block_signer(&self, block: &crate::multi_batch_header::MultiBatchHeader<agglayer_primitives::keccak::Keccak256Hasher>) -> Resu...
    |                                ^^^^^ help: if this is intentional, prefix it with an underscore: `_block`

warning: unused variable: `block`
   --> crates/pessimistic-proof-core/src/sabv2.rs:257:35
    |
257 |     fn get_block_signature(&self, block: &crate::multi_batch_header::MultiBatchHeader<agglayer_primitives::keccak::Keccak256Hasher>) -> R...
    |                                   ^^^^^ help: if this is intentional, prefix it with an underscore: `_block`

warning: unused variable: `hash`
   --> crates/pessimistic-proof-core/src/sabv2.rs:274:13
    |
274 |         let hash = Keccak256::digest(&block_data);
    |             ^^^^ help: if this is intentional, prefix it with an underscore: `_hash`

warning: unused variable: `block`
   --> crates/pessimistic-proof-core/src/sabv2.rs:295:35
    |
295 |     fn estimate_block_size(&self, block: &crate::multi_batch_header::MultiBatchHeader<agglayer_primitives::keccak::Keccak256Hasher>) -> R...
    |                                   ^^^^^ help: if this is intentional, prefix it with an underscore: `_block`

warning: unused variable: `i`
   --> crates/pessimistic-proof-core/src/lmtr2.rs:144:14
    |
144 |         for (i, block) in blocks.iter().enumerate() {
    |              ^ help: if this is intentional, prefix it with an underscore: `_i`

warning: unused variable: `leaf_hash`
   --> crates/pessimistic-proof-core/src/lmtr2.rs:146:17
    |
146 |             let leaf_hash = Keccak256::digest(&block_data);
    |                 ^^^^^^^^^ help: if this is intentional, prefix it with an underscore: `_leaf_hash`

warning: unused variable: `current_efficiency`
   --> crates/pessimistic-proof-core/src/lmtr2.rs:179:13
    |
179 |         let current_efficiency = self.calculate_tree_efficiency(num_blocks, branching_factor)?;
    |             ^^^^^^^^^^^^^^^^^^ help: if this is intentional, prefix it with an underscore: `_current_efficiency`

warning: unused variable: `new_hash`
   --> crates/pessimistic-proof-core/src/lmtr2.rs:229:21
    |
229 |                 let new_hash = Keccak256::digest(&optimized_data);
    |                     ^^^^^^^^ help: if this is intentional, prefix it with an underscore: `_new_hash`

warning: unused variable: `optimal_config`
   --> crates/pessimistic-proof-core/src/lmtr2.rs:217:9
    |
217 |         optimal_config: &OptimalConfig,
    |         ^^^^^^^^^^^^^^ help: if this is intentional, prefix it with an underscore: `_optimal_config`

warning: unused variable: `parent_hash`
   --> crates/pessimistic-proof-core/src/lmtr2.rs:312:21
    |
312 |                 let parent_hash = Keccak256::digest(&parent_data);
    |                     ^^^^^^^^^^^ help: if this is intentional, prefix it with an underscore: `_parent_hash`

warning: unused variable: `tree`
   --> crates/pessimistic-proof-core/src/lmtr2.rs:399:136
    |
399 | ...ves::keccak::Keccak256Hasher>, tree: &MerkleTree) -> Result<crate::multi_batch_header::MultiBatchHeader<agglayer_primitives::keccak::K...
    |                                   ^^^^ help: if this is intentional, prefix it with an underscore: `_tree`

warning: unused variable: `j_star`
   --> crates/pessimistic-proof-core/src/sabv3.rs:306:9
    |
306 |         j_star: usize,
    |         ^^^^^^ help: if this is intentional, prefix it with an underscore: `_j_star`

warning: unused variable: `j_star`
   --> crates/pessimistic-proof-core/src/sabv4.rs:496:9
    |
496 |         j_star: usize,
    |         ^^^^^^ help: if this is intentional, prefix it with an underscore: `_j_star`

warning: unused variable: `expected_root`
   --> crates/pessimistic-proof-core/src/sabv4.rs:603:72
    |
603 | ...mputed_root: &Digest, expected_root: &agglayer_primitives::Digest, signature: &agglayer_primitives::Signature, signer: &agglayer_primi...
    |                          ^^^^^^^^^^^^^ help: if this is intentional, prefix it with an underscore: `_expected_root`

warning: unused variable: `expected_bytes`
   --> crates/pessimistic-proof-core/src/sabv4.rs:744:56
    |
744 |     fn verify_hash_chain(&self, computed_bytes: &[u8], expected_bytes: &[u8]) -> Result<bool, ProofError> {
    |                                                        ^^^^^^^^^^^^^^ help: if this is intentional, prefix it with an underscore: `_expected_bytes`

warning: unused variable: `global_root`
   --> crates/pessimistic-proof-core/src/sabv5.rs:138:9
    |
138 |         global_root: &agglayer_primitives::Digest,
    |         ^^^^^^^^^^^ help: if this is intentional, prefix it with an underscore: `_global_root`

warning: value assigned to `local_trees` is never read
   --> crates/pessimistic-proof-core/src/sabv5.rs:702:17
    |
702 |         let mut local_trees = Vec::new();
    |                 ^^^^^^^^^^^
    |
    = help: maybe it is overwritten before being read?
    = note: `#[warn(unused_assignments)]` on by default

warning: unused variable: `j_star`
   --> crates/pessimistic-proof-core/src/sabv5.rs:699:9
    |
699 |         j_star: usize,
    |         ^^^^^^ help: if this is intentional, prefix it with an underscore: `_j_star`

warning: unused variable: `expected_root`
   --> crates/pessimistic-proof-core/src/sabv5.rs:822:72
    |
822 | ...mputed_root: &Digest, expected_root: &agglayer_primitives::Digest, signature: &agglayer_primitives::Signature, signer: &agglayer_primi...
    |                          ^^^^^^^^^^^^^ help: if this is intentional, prefix it with an underscore: `_expected_root`

warning: unused variable: `expected_bytes`
   --> crates/pessimistic-proof-core/src/sabv5.rs:963:56
    |
963 |     fn verify_hash_chain(&self, computed_bytes: &[u8], expected_bytes: &[u8]) -> Result<bool, ProofError> {
    |                                                        ^^^^^^^^^^^^^^ help: if this is intentional, prefix it with an underscore: `_expected_bytes`

warning: field `config` is never read
  --> crates/pessimistic-proof-core/src/sabv.rs:13:5
   |
12 | pub struct SabvAlgorithm {
   |            ------------- field in this struct
13 |     config: SabvConfig,
   |     ^^^^^^
   |
   = note: `SabvAlgorithm` has derived impls for the traits `Clone` and `Debug`, but these are intentionally ignored during dead code analysis
   = note: `#[warn(dead_code)]` on by default

warning: field `config` is never read
  --> crates/pessimistic-proof-core/src/lmtr.rs:12:5
   |
11 | pub struct LmtrAlgorithm {
   |            ------------- field in this struct
12 |     config: LmtrConfig,
   |     ^^^^^^
   |
   = note: `LmtrAlgorithm` has derived impls for the traits `Clone` and `Debug`, but these are intentionally ignored during dead code analysis

warning: fields `config` and `consensus_messages` are never read
  --> crates/pessimistic-proof-core/src/sabv2.rs:34:5
   |
33 | pub struct Sabv2Algorithm {
   |            -------------- fields in this struct
34 |     config: Sabv2Config,
   |     ^^^^^^
35 |     validators: Vec<ValidatorNode>,
36 |     consensus_messages: HashMap<Digest, Vec<ConsensusMessage>>,
   |     ^^^^^^^^^^^^^^^^^^
   |
   = note: `Sabv2Algorithm` has derived impls for the traits `Clone` and `Debug`, but these are intentionally ignored during dead code analysis

warning: multiple methods are never used
   --> crates/pessimistic-proof-core/src/sabv2.rs:89:8
    |
 39 | impl Sabv2Algorithm {
    | ------------------- methods in this implementation
...
 89 |     fn validate_block_cryptography(
    |        ^^^^^^^^^^^^^^^^^^^^^^^^^^^
...
112 |     fn verify_merkle_tree_structure(
    |        ^^^^^^^^^^^^^^^^^^^^^^^^^^^^
...
130 |     fn verify_hash_integrity(
    |        ^^^^^^^^^^^^^^^^^^^^^
...
149 |     fn verify_signature_validity(
    |        ^^^^^^^^^^^^^^^^^^^^^^^^^
...
204 |     fn verify_consensus_threshold(
    |        ^^^^^^^^^^^^^^^^^^^^^^^^^^
...
222 |     fn calculate_optimal_height(&self, block: &crate::multi_batch_header::MultiBatchHeader<agglayer_primitives::keccak::Keccak256Hasher>)...
    |        ^^^^^^^^^^^^^^^^^^^^^^^^
...
229 |     fn get_block_height(&self, block: &crate::multi_batch_header::MultiBatchHeader<agglayer_primitives::keccak::Keccak256Hasher>) -> Resu...
    |        ^^^^^^^^^^^^^^^^
...
241 |     fn get_block_declared_hash(&self, block: &crate::multi_batch_header::MultiBatchHeader<agglayer_primitives::keccak::Keccak256Hasher>) ...
    |        ^^^^^^^^^^^^^^^^^^^^^^^
...
247 |     fn get_block_signer(&self, block: &crate::multi_batch_header::MultiBatchHeader<agglayer_primitives::keccak::Keccak256Hasher>) -> Resu...
    |        ^^^^^^^^^^^^^^^^
...
252 |     fn get_block_message(&self, block: &crate::multi_batch_header::MultiBatchHeader<agglayer_primitives::keccak::Keccak256Hasher>) -> Res...
    |        ^^^^^^^^^^^^^^^^^
...
257 |     fn get_block_signature(&self, block: &crate::multi_batch_header::MultiBatchHeader<agglayer_primitives::keccak::Keccak256Hasher>) -> R...
    |        ^^^^^^^^^^^^^^^^^^^
...
262 |     fn compute_expected_signature(&self, signer: &str, message: &[u8]) -> Result<String, ProofError> {
    |        ^^^^^^^^^^^^^^^^^^^^^^^^^^
...
295 |     fn estimate_block_size(&self, block: &crate::multi_batch_header::MultiBatchHeader<agglayer_primitives::keccak::Keccak256Hasher>) -> R...
    |        ^^^^^^^^^^^^^^^^^^^

warning: field `tree_cache` is never read
  --> crates/pessimistic-proof-core/src/lmtr2.rs:53:5
   |
51 | pub struct Lmtr2Algorithm {
   |            -------------- field in this struct
52 |     config: Lmtr2Config,
53 |     tree_cache: HashMap<Digest, MerkleTree>,
   |     ^^^^^^^^^^
   |
   = note: `Lmtr2Algorithm` has derived impls for the traits `Clone` and `Debug`, but these are intentionally ignored during dead code analysis

warning: fields `branching_factor` and `rebalancing_cost` are never read
   --> crates/pessimistic-proof-core/src/lmtr2.rs:415:5
    |
413 | struct OptimalConfig {
    |        ------------- fields in this struct
414 |     optimal_height: usize,
415 |     branching_factor: usize,
    |     ^^^^^^^^^^^^^^^^
416 |     expected_efficiency: f64,
417 |     rebalancing_cost: u64,
    |     ^^^^^^^^^^^^^^^^
    |
    = note: `OptimalConfig` has derived impls for the traits `Clone` and `Debug`, but these are intentionally ignored during dead code analysis

warning: field `validators` is never read
  --> crates/pessimistic-proof-core/src/sabv3.rs:41:5
   |
39 | pub struct Sabv3Algorithm {
   |            -------------- field in this struct
40 |     config: Sabv3Config,
41 |     validators: Vec<ValidatorNode>,
   |     ^^^^^^^^^^
   |
   = note: `Sabv3Algorithm` has derived impls for the traits `Clone` and `Debug`, but these are intentionally ignored during dead code analysis

warning: struct `BlockchainMerkleProof` is never constructed
  --> crates/pessimistic-proof-core/src/sabv4.rs:38:8
   |
38 | struct BlockchainMerkleProof {
   |        ^^^^^^^^^^^^^^^^^^^^^

warning: fields `shard_index` and `round` are never read
  --> crates/pessimistic-proof-core/src/sabv4.rs:50:9
   |
47 | struct MPCShareMessage {
   |        --------------- fields in this struct
...
50 |     pub shard_index: usize,
   |         ^^^^^^^^^^^
51 |     pub share: (f64, f64), // (x, y) = share point
52 |     pub round: u64,
   |         ^^^^^
   |
   = note: `MPCShareMessage` has derived impls for the traits `Clone` and `Debug`, but these are intentionally ignored during dead code analysis

warning: field `consensus_reached` is never read
  --> crates/pessimistic-proof-core/src/sabv4.rs:60:9
   |
57 | struct MPCNetworkState {
   |        --------------- field in this struct
...
60 |     pub consensus_reached: bool,
   |         ^^^^^^^^^^^^^^^^^
   |
   = note: `MPCNetworkState` has a derived impl for the trait `Debug`, but this is intentionally ignored during dead code analysis

warning: field `validators` is never read
  --> crates/pessimistic-proof-core/src/sabv4.rs:67:5
   |
65 | pub struct Sabv4Algorithm {
   |            -------------- field in this struct
66 |     config: Sabv4Config,
67 |     validators: Vec<ValidatorNode>,
   |     ^^^^^^^^^^
   |
   = note: `Sabv4Algorithm` has a derived impl for the trait `Debug`, but this is intentionally ignored during dead code analysis

warning: multiple methods are never used
    --> crates/pessimistic-proof-core/src/sabv4.rs:493:8
     |
  71 | impl Sabv4Algorithm {
     | ------------------- methods in this implementation
...
 493 |     fn construct_local_cc_mbmt(
     |        ^^^^^^^^^^^^^^^^^^^^^^^
...
 564 |     fn verify_integrity_with_blocks(&self, computed_root: &Digest, expected_root: &agglayer_primitives::Digest, blocks: &[crate::multi_ba...
     |        ^^^^^^^^^^^^^^^^^^^^^^^^^^^^
...
 603 |     fn verify_blockchain_signature_real(&self, computed_root: &Digest, expected_root: &agglayer_primitives::Digest, signature: &agglayer_...
     |        ^^^^^^^^^^^^^^^^^^^^^^^^^^^^^^^^
...
 618 |     fn extract_blockchain_public_key(&self, computed_bytes: &[u8]) -> Result<Vec<u8>, ProofError> {
     |        ^^^^^^^^^^^^^^^^^^^^^^^^^^^^^
...
 629 |     fn validate_blockchain_signature(&self, signature: &[u8], public_key: &[u8]) -> Result<bool, ProofError> {
     |        ^^^^^^^^^^^^^^^^^^^^^^^^^^^^^
...
 648 |     fn verify_merkle_proof(&self, computed_root: &Digest, expected_root: &agglayer_primitives::Digest) -> Result<bool, ProofError> {
     |        ^^^^^^^^^^^^^^^^^^^
...
 682 |     fn extract_blockchain_merkle_proof(&self, computed_root: &Digest, expected_root: &agglayer_primitives::Digest) -> Result<BlockchainMe...
     |        ^^^^^^^^^^^^^^^^^^^^^^^^^^^^^^^
...
 717 |     fn validate_blockchain_proof(&self, proof: &BlockchainMerkleProof) -> Result<bool, ProofError> {
     |        ^^^^^^^^^^^^^^^^^^^^^^^^^
...
 744 |     fn verify_hash_chain(&self, computed_bytes: &[u8], expected_bytes: &[u8]) -> Result<bool, ProofError> {
     |        ^^^^^^^^^^^^^^^^^
...
 772 |     fn verify_timestamp_freshness(&self) -> Result<bool, ProofError> {
     |        ^^^^^^^^^^^^^^^^^^^^^^^^^^
...
 784 |     fn verify_nonce_uniqueness(&self, computed_bytes: &[u8], expected_bytes: &[u8]) -> Result<bool, ProofError> {
     |        ^^^^^^^^^^^^^^^^^^^^^^^
...
 814 |     fn verify_zero_knowledge_proof(&self, computed_root: &Digest, expected_root: &agglayer_primitives::Digest) -> Result<bool, ProofError> {
     |        ^^^^^^^^^^^^^^^^^^^^^^^^^^^
...
 853 |     fn calculate_signature_strength(&self, signature_bytes: &[u8]) -> f64 {
     |        ^^^^^^^^^^^^^^^^^^^^^^^^^^^^
...
 950 |     fn calculate_entropy(&self, data: &[u8]) -> f64 {
     |        ^^^^^^^^^^^^^^^^^
...
 970 |     fn compute_shard_hash(&self, blocks: &[crate::multi_batch_header::MultiBatchHeader<agglayer_primitives::keccak::Keccak256Hasher>]) ->...
     |        ^^^^^^^^^^^^^^^^^^
...
1037 |     fn build_merkle_tree(&self, blocks: &[crate::multi_batch_header::MultiBatchHeader<agglayer_primitives::keccak::Keccak256Hasher>], b: ...
     |        ^^^^^^^^^^^^^^^^^
...
1104 |     fn calculate_tree_height(&self, num_blocks: usize, b: usize) -> usize {
     |        ^^^^^^^^^^^^^^^^^^^^^
...
1113 |     fn compute_root_from_blocks(
     |        ^^^^^^^^^^^^^^^^^^^^^^^^

warning: method `reconstruct_block_from_bytes` is never used
   --> crates/pessimistic-proof-core/src/lmtr4.rs:241:8
    |
 27 | impl Lmtr4Algorithm {
    | ------------------- method in this implementation
...
241 |     fn reconstruct_block_from_bytes(&self, bytes: &[u8]) -> Result<crate::multi_batch_header::MultiBatchHeader<agglayer_primitives::kecca...
    |        ^^^^^^^^^^^^^^^^^^^^^^^^^^^^

warning: struct `BlockchainMerkleProof` is never constructed
  --> crates/pessimistic-proof-core/src/sabv5.rs:48:8
   |
48 | struct BlockchainMerkleProof {
   |        ^^^^^^^^^^^^^^^^^^^^^

warning: fields `shard_index` and `round` are never read
  --> crates/pessimistic-proof-core/src/sabv5.rs:60:9
   |
57 | struct MPCShareMessage {
   |        --------------- fields in this struct
...
60 |     pub shard_index: usize,
   |         ^^^^^^^^^^^
61 |     pub share: (f64, f64), // (x, y) = share point
62 |     pub round: u64,
   |         ^^^^^
   |
   = note: `MPCShareMessage` has derived impls for the traits `Clone` and `Debug`, but these are intentionally ignored during dead code analysis

warning: field `consensus_reached` is never read
  --> crates/pessimistic-proof-core/src/sabv5.rs:70:9
   |
67 | struct MPCNetworkState {
   |        --------------- field in this struct
...
70 |     pub consensus_reached: bool,
   |         ^^^^^^^^^^^^^^^^^
   |
   = note: `MPCNetworkState` has a derived impl for the trait `Debug`, but this is intentionally ignored during dead code analysis

warning: field `validators` is never read
  --> crates/pessimistic-proof-core/src/sabv5.rs:77:5
   |
75 | pub struct Sabv5Algorithm {
   |            -------------- field in this struct
76 |     config: Sabv5Config,
77 |     validators: Vec<ValidatorNode>,
   |     ^^^^^^^^^^
   |
   = note: `Sabv5Algorithm` has a derived impl for the trait `Debug`, but this is intentionally ignored during dead code analysis

warning: multiple methods are never used
    --> crates/pessimistic-proof-core/src/sabv5.rs:696:8
     |
  81 | impl Sabv5Algorithm {
     | ------------------- methods in this implementation
...
 696 |     fn construct_local_cc_mbmt(
     |        ^^^^^^^^^^^^^^^^^^^^^^^
...
 774 |     fn verify_integrity_with_blocks(&self, computed_root: &Digest, expected_root: &agglayer_primitives::Digest, blocks: &[crate::multi_ba...
     |        ^^^^^^^^^^^^^^^^^^^^^^^^^^^^
...
 822 |     fn verify_blockchain_signature_real(&self, computed_root: &Digest, expected_root: &agglayer_primitives::Digest, signature: &agglayer_...
     |        ^^^^^^^^^^^^^^^^^^^^^^^^^^^^^^^^
...
 837 |     fn extract_blockchain_public_key(&self, computed_bytes: &[u8]) -> Result<Vec<u8>, ProofError> {
     |        ^^^^^^^^^^^^^^^^^^^^^^^^^^^^^
...
 848 |     fn validate_blockchain_signature(&self, signature: &[u8], public_key: &[u8]) -> Result<bool, ProofError> {
     |        ^^^^^^^^^^^^^^^^^^^^^^^^^^^^^
...
 867 |     fn verify_merkle_proof(&self, computed_root: &Digest, expected_root: &agglayer_primitives::Digest) -> Result<bool, ProofError> {
     |        ^^^^^^^^^^^^^^^^^^^
...
 901 |     fn extract_blockchain_merkle_proof(&self, computed_root: &Digest, expected_root: &agglayer_primitives::Digest) -> Result<BlockchainMe...
     |        ^^^^^^^^^^^^^^^^^^^^^^^^^^^^^^^
...
 936 |     fn validate_blockchain_proof(&self, proof: &BlockchainMerkleProof) -> Result<bool, ProofError> {
     |        ^^^^^^^^^^^^^^^^^^^^^^^^^
...
 963 |     fn verify_hash_chain(&self, computed_bytes: &[u8], expected_bytes: &[u8]) -> Result<bool, ProofError> {
     |        ^^^^^^^^^^^^^^^^^
...
 991 |     fn verify_timestamp_freshness(&self) -> Result<bool, ProofError> {
     |        ^^^^^^^^^^^^^^^^^^^^^^^^^^
...
1003 |     fn verify_nonce_uniqueness(&self, computed_bytes: &[u8], expected_bytes: &[u8]) -> Result<bool, ProofError> {
     |        ^^^^^^^^^^^^^^^^^^^^^^^
...
1033 |     fn verify_zero_knowledge_proof(&self, computed_root: &Digest, expected_root: &agglayer_primitives::Digest) -> Result<bool, ProofError> {
     |        ^^^^^^^^^^^^^^^^^^^^^^^^^^^
...
1072 |     fn calculate_signature_strength(&self, signature_bytes: &[u8]) -> f64 {
     |        ^^^^^^^^^^^^^^^^^^^^^^^^^^^^
...
1169 |     fn calculate_entropy(&self, data: &[u8]) -> f64 {
     |        ^^^^^^^^^^^^^^^^^
...
1261 |     fn build_merkle_tree(&self, blocks: &[crate::multi_batch_header::MultiBatchHeader<agglayer_primitives::keccak::Keccak256Hasher>], b: ...
     |        ^^^^^^^^^^^^^^^^^
...
1328 |     fn calculate_tree_height(&self, num_blocks: usize, b: usize) -> usize {
     |        ^^^^^^^^^^^^^^^^^^^^^
...
1349 |     fn compute_root_from_blocks(
     |        ^^^^^^^^^^^^^^^^^^^^^^^^

warning: `pessimistic-proof-core` (lib) generated 58 warnings (run `cargo fix --lib -p pessimistic-proof-core` to apply 12 suggestions)
warning: unused import: `rayon::ThreadPoolBuilder`
 --> crates/pessimistic-proof-test-suite/src/bin/ppgen_sabv_lmtr5.rs:6:5
  |
6 | use rayon::ThreadPoolBuilder;
  |     ^^^^^^^^^^^^^^^^^^^^^^^^
  |
  = note: `#[warn(unused_imports)]` on by default

warning: value assigned to `current_state` is never read
   --> crates/pessimistic-proof-test-suite/src/bin/ppgen_sabv_lmtr5.rs:133:9
    |
133 |         current_state = block_state.state_b.clone();
    |         ^^^^^^^^^^^^^
    |
    = help: maybe it is overwritten before being read?
    = note: `#[warn(unused_assignments)]` on by default

warning: unused variable: `vk`
   --> crates/pessimistic-proof-test-suite/src/bin/ppgen_sabv_lmtr5.rs:294:24
    |
294 |             Ok((proof, vk, new_roots)) => {
    |                        ^^ help: if this is intentional, prefix it with an underscore: `_vk`
    |
    = note: `#[warn(unused_variables)]` on by default

warning: unused variable: `new_roots`
   --> crates/pessimistic-proof-test-suite/src/bin/ppgen_sabv_lmtr5.rs:294:28
    |
294 |             Ok((proof, vk, new_roots)) => {
    |                            ^^^^^^^^^ help: if this is intentional, prefix it with an underscore: `_new_roots`

warning: variable does not need to be mutable
  --> crates/pessimistic-proof-test-suite/src/bin/ppgen_sabv_lmtr5.rs:72:9
   |
72 |     let mut state = data::sample_state_00();
   |         ----^^^^^
   |         |
   |         help: remove this `mut`
   |
   = note: `#[warn(unused_mut)]` on by default

warning: `pessimistic-proof-test-suite` (bin "ppgen_sabv_lmtr5") generated 5 warnings (run `cargo fix --bin "ppgen_sabv_lmtr5"` to apply 2 suggestions)
    Finished `release` profile [optimized] target(s) in 1.00s
     Running `target/release/ppgen_sabv_lmtr5 --n-exits 500 --validator-nodes 5 --proof-dir /home/ubuntu/thanhhuyen/proofs/v5/n500_run3`
🔍 SABV5: Starting Algorithm 1 - Verify Aggregated Blocks Integrity
   Input: N=500 blocks, branching_factor=3, validators=5
   📐 Optimal height calculation: log_3(500) + 1 = 7
🎯 V5: Calculated optimal htarget = 7 for N=500, b=3
📊 Computed expected root from 500 ORIGINAL blocks (before rebalancing): 81d47d174ec9221a5202a8819bec0c3e9cf256ec64de5d4accec9d21f5621b5e (height=7)
📊 SABV5: Calculated j* = 6 with variance = 0.0000
✅ Step 1: Optimal sharding size j* = 6 (shard_size = 3^6 = 729)
📦 SABV5: Created 1 shards (0 full + 1 remainder)
✅ Step 2: Partitioned 500 blocks into 1 shards (shard_size = 729)
📡 SABV5: REAL MPC Network - 5 validators broadcast shares, 5 received sufficient shares
🔐 SABV5: REAL Shamir secret sharing - Secret: 0.089076, Reconstructed: 0.089076, Match: true
   Polynomial degree: 2, Shares: 5, Threshold: 3/5
   Validator 4 assigned with share value: 7.644463
✅ Step 3: Secret sharing applied (threshold k=3/5)
📊 Step 4: Rebalancing shards with LMTR4 (Algorithm 2)...
🔧 LMTR4: Starting Algorithm 2 rebalancing for 500 blocks
📊 LMTR4: Initial state - Ni = 500, b = 3, htarget = 7
🔄 LMTR4: Fixed branch imbalance by appending last block - Ni = 501
✅ LMTR4: Rebalancing complete - Final Ni = 501, height = 7
   ✅ Shard 0 (validator 4) - 500 → 501 blocks, height=7
🌳 Step 5a: Building REAL Local CC-MBMT from rebalanced blocks...
   ✅ Validator 4 built REAL local CC-MBMT (shard 0) - 501 blocks → tree height=7
🔗 SABV5: Merged 1 local CC-MBMTs into global CC-MBMT using REAL tree structure
✅ Step 5b: Merged 1 local CC-MBMTs into global root r
✅ Step 6: Computed alternative root r' (from rebalanced blocks) using SAME Merkle tree method as Step 5a
   Using 501 rebalanced blocks, tree height=7
✅ Step 6b: Using r' (from original blocks) = expected_root_from_original_blocks for CHECK 2
🔐 Step 7: Verifying integrity and detecting fraud...
   r  (from merged local trees, rebalanced): c01d6292f57d2d4e673af5822de1aa45b9ee49f947179b76bba81940677c5e4d
   r' (from all rebalanced blocks):           c01d6292f57d2d4e673af5822de1aa45b9ee49f947179b76bba81940677c5e4d
   r' (from original blocks):                 81d47d174ec9221a5202a8819bec0c3e9cf256ec64de5d4accec9d21f5621b5e
   Note: r' (from original) will be compared with r (from rebalanced) in CHECK 2
   ✅ Check 1: r == r' (from rebalanced blocks)? true (internal consistency)
   📊 Block counts: original=500, rebalanced=501
   🔍 Check 2 (rebalancing changed block count):
      • Unique blocks in rebalanced: 500
      • Original blocks: 500
      • All original blocks present: true
      • No extra blocks: true
      • Content preserved: true
   ✅ Check 2: Content preserved (only structure changed) - PASSED
✅ SABV5: Verification PASSED - All checks passed
   ✅ Check 1: r == r' (from rebalanced blocks) - internal consistency verified
   ✅ Check 2: r' (from original blocks) == r (from rebalanced blocks) - rebalancing integrity verified
   ✅ Algorithm integrity: SABV5 + LMTR4 working as designed
   ✅ No fraud detected - blocks are consistent and rebalancing preserved content
2025-11-16T15:00:02.950643Z  INFO prove_core: clk = 0 pc = 0x201504
2025-11-16T15:00:03.117862Z  INFO prove_core: clk = 0 pc = 0x201504
2025-11-16T15:00:03.569288Z  INFO prove_core: clk = 10000000 pc = 0x20885c
2025-11-16T15:00:04.161357Z  INFO prove_core: clk = 20000000 pc = 0x205a38
2025-11-16T15:00:04.918021Z  INFO prove_core: clk = 30000000 pc = 0x2043d0
2025-11-16T15:00:05.187553Z  INFO prove_core:generate main traces: close time.busy=759ms time.idle=6.14µs index=0
2025-11-16T15:00:05.525024Z  INFO prove_core: clk = 40000000 pc = 0x2060cc
2025-11-16T15:00:06.124602Z  INFO prove_core: clk = 50000000 pc = 0x205f04
2025-11-16T15:00:06.836216Z  INFO prove_core: clk = 60000000 pc = 0x2011f0
2025-11-16T15:00:07.041763Z  INFO prove_core:generate main traces: close time.busy=583ms time.idle=5.91µs index=1
2025-11-16T15:00:07.531551Z  INFO prove_core: clk = 70000000 pc = 0x231250
2025-11-16T15:00:08.125679Z  INFO prove_core: clk = 80000000 pc = 0x201234
2025-11-16T15:00:08.808628Z  INFO prove_core: clk = 90000000 pc = 0x231254
2025-11-16T15:00:08.898663Z  INFO prove_core:generate main traces: close time.busy=555ms time.idle=11.0µs index=2
2025-11-16T15:00:09.402494Z  INFO prove_core: clk = 100000000 pc = 0x2313c8
2025-11-16T15:00:09.997738Z  INFO prove_core: clk = 110000000 pc = 0x201238
2025-11-16T15:00:10.582386Z  INFO prove_core: clk = 120000000 pc = 0x2013d8
2025-11-16T15:00:11.166741Z  INFO prove_core: clk = 130000000 pc = 0x231250
2025-11-16T15:00:11.763209Z  INFO prove_core: clk = 140000000 pc = 0x201098
2025-11-16T15:00:13.335554Z  INFO prove_core: clk = 150000000 pc = 0x201228
2025-11-16T15:00:13.927354Z  INFO prove_core: clk = 160000000 pc = 0x2010e4
2025-11-16T15:00:14.514851Z  INFO prove_core: clk = 170000000 pc = 0x23124c
2025-11-16T15:00:15.098604Z  INFO prove_core: clk = 180000000 pc = 0x2312b4
2025-11-16T15:04:35.429517Z  INFO prove_core:generate main traces: close time.busy=523ms time.idle=7.03µs index=3
2025-11-16T15:09:02.950983Z  INFO prove_core: clk = 10000000 pc = 0x20885c
2025-11-16T15:09:04.103029Z  INFO prove_core:generate main traces: close time.busy=658ms time.idle=6.37µs index=4
2025-11-16T15:13:33.158318Z  INFO prove_core:generate main traces: close time.busy=616ms time.idle=7.59µs index=5
2025-11-16T15:17:59.053148Z  INFO prove_core:generate main traces: close time.busy=617ms time.idle=5.96µs index=6
2025-11-16T15:22:23.976159Z  INFO prove_core:generate main traces: close time.busy=583ms time.idle=6.48µs index=7
2025-11-16T15:26:51.693210Z  INFO prove_core:generate main traces: close time.busy=670ms time.idle=6.95µs index=8
2025-11-16T15:31:15.238610Z  INFO prove_core: clk = 20000000 pc = 0x205a38
2025-11-16T15:31:16.693969Z  INFO prove_core:generate main traces: close time.busy=664ms time.idle=6.63µs index=9
2025-11-16T15:35:42.776450Z  INFO prove_core:generate main traces: close time.busy=633ms time.idle=6.02µs index=10
2025-11-16T15:40:09.684658Z  INFO prove_core:generate main traces: close time.busy=638ms time.idle=5.71µs index=11
2025-11-16T15:44:35.230283Z  INFO prove_core:generate main traces: close time.busy=583ms time.idle=6.42µs index=12
2025-11-16T15:49:00.815222Z  INFO prove_core:generate main traces: close time.busy=748ms time.idle=6.73µs index=13
2025-11-16T15:53:23.493430Z  INFO prove_core: clk = 30000000 pc = 0x2043d0
2025-11-16T15:53:25.059295Z  INFO prove_core:generate main traces: close time.busy=658ms time.idle=6.48µs index=14
2025-11-16T15:57:51.772616Z  INFO prove_core:generate main traces: close time.busy=608ms time.idle=7.69µs index=15
2025-11-16T16:02:17.561119Z  INFO prove_core:generate main traces: close time.busy=569ms time.idle=8.38µs index=16
2025-11-16T16:06:43.895682Z  INFO prove_core:generate main traces: close time.busy=632ms time.idle=6.83µs index=17
2025-11-16T16:11:11.832074Z  INFO prove_core:generate main traces: close time.busy=650ms time.idle=6.76µs index=18
2025-11-16T16:15:36.136670Z  INFO prove_core: clk = 40000000 pc = 0x2060cc
2025-11-16T16:15:37.965052Z  INFO prove_core:generate main traces: close time.busy=588ms time.idle=7.88µs index=19
2025-11-16T16:20:04.320037Z  INFO prove_core:generate main traces: close time.busy=639ms time.idle=6.32µs index=20
2025-11-16T16:24:33.374034Z  INFO prove_core:generate main traces: close time.busy=533ms time.idle=6.04µs index=21
2025-11-16T16:28:59.604069Z  INFO prove_core:generate main traces: close time.busy=637ms time.idle=6.41µs index=22
2025-11-16T16:33:22.860466Z  INFO prove_core: clk = 50000000 pc = 0x205f04
2025-11-16T16:33:23.850712Z  INFO prove_core:generate main traces: close time.busy=570ms time.idle=6.95µs index=23
2025-11-16T16:37:49.966667Z  INFO prove_core:generate main traces: close time.busy=527ms time.idle=5.94µs index=24
2025-11-16T16:42:16.078738Z  INFO prove_core:generate main traces: close time.busy=616ms time.idle=5.56µs index=25
2025-11-16T16:46:42.280365Z  INFO prove_core:generate main traces: close time.busy=657ms time.idle=5.95µs index=26
2025-11-16T16:51:05.945289Z  INFO prove_core:generate main traces: close time.busy=555ms time.idle=7.15µs index=27
2025-11-16T16:55:29.935170Z  INFO prove_core: clk = 60000000 pc = 0x2011f0
2025-11-16T16:55:31.250347Z  INFO prove_core:generate main traces: close time.busy=585ms time.idle=6.20µs index=28
2025-11-16T16:59:54.527843Z  INFO prove_core:generate main traces: close time.busy=687ms time.idle=7.41µs index=29
2025-11-16T17:04:19.093118Z  INFO prove_core:generate main traces: close time.busy=613ms time.idle=5.75µs index=30
2025-11-16T17:08:45.432548Z  INFO prove_core:generate main traces: close time.busy=694ms time.idle=17.7µs index=31
2025-11-16T17:13:10.692088Z  INFO prove_core:generate main traces: close time.busy=691ms time.idle=6.72µs index=32
2025-11-16T17:17:37.997944Z  INFO prove_core: clk = 70000000 pc = 0x231250
2025-11-16T17:17:42.332095Z  INFO prove_core:generate main traces: close time.busy=3.14s time.idle=6.01µs index=33
2025-11-16T17:26:36.176257Z  INFO prove_core:generate main traces: close time.busy=2.98s time.idle=7.34µs index=34
2025-11-16T17:32:01.000204Z  INFO prove_core:generate main traces: close time.busy=3.78s time.idle=8.59µs index=35
2025-11-16T17:37:31.278496Z  INFO prove_core:generate main traces: close time.busy=3.58s time.idle=7.32µs index=36
2025-11-16T17:43:04.247751Z  INFO prove_core:generate main traces: close time.busy=3.77s time.idle=8.22µs index=37
2025-11-16T17:48:27.297052Z  INFO prove_core: clk = 80000000 pc = 0x201234
2025-11-16T17:48:34.372173Z  INFO prove_core:generate main traces: close time.busy=5.38s time.idle=6.87µs index=38
2025-11-16T17:58:24.989248Z  INFO prove_core:generate main traces: close time.busy=3.37s time.idle=9.25µs index=39
2025-11-16T18:00:33.272094Z  INFO prove_core:generate main traces: close time.busy=3.97s time.idle=5.62µs index=40
2025-11-16T18:06:04.912902Z  INFO prove_core:generate main traces: close time.busy=3.61s time.idle=6.24µs index=41
2025-11-16T18:11:29.811833Z  INFO prove_core: clk = 90000000 pc = 0x231254
2025-11-16T18:11:36.277982Z  INFO prove_core:generate main traces: close time.busy=5.59s time.idle=10.3µs index=42
2025-11-16T18:21:28.533712Z  INFO prove_core:generate main traces: close time.busy=3.82s time.idle=8.02µs index=43
2025-11-16T18:23:35.947883Z  INFO prove_core:generate main traces: close time.busy=3.64s time.idle=7.25µs index=44
2025-11-16T18:29:04.311241Z  INFO prove_core:generate main traces: close time.busy=3.88s time.idle=6.43µs index=45
2025-11-16T18:34:36.251514Z  INFO prove_core:generate main traces: close time.busy=5.50s time.idle=6.04µs index=46
2025-11-16T18:44:24.831798Z  INFO prove_core: clk = 100000000 pc = 0x2313c8
2025-11-16T18:44:28.879721Z  INFO prove_core:generate main traces: close time.busy=3.21s time.idle=6.13µs index=47
2025-11-16T18:46:36.766297Z  INFO prove_core:generate main traces: close time.busy=3.84s time.idle=6.10µs index=48
2025-11-16T18:52:08.169393Z  INFO prove_core:generate main traces: close time.busy=3.31s time.idle=6.15µs index=49
2025-11-16T18:57:41.594467Z  INFO prove_core:generate main traces: close time.busy=5.47s time.idle=7.58µs index=50
2025-11-16T19:07:31.971137Z  INFO prove_core:generate main traces: close time.busy=3.35s time.idle=7.23µs index=51
2025-11-16T19:09:35.774578Z  INFO prove_core: clk = 110000000 pc = 0x201238
2025-11-16T19:09:40.614146Z  INFO prove_core:generate main traces: close time.busy=3.68s time.idle=5.86µs index=52
2025-11-16T19:15:07.255330Z  INFO prove_core:generate main traces: close time.busy=3.65s time.idle=6.01µs index=53
2025-11-16T19:20:35.185996Z  INFO prove_core:generate main traces: close time.busy=3.23s time.idle=7.18µs index=54
2025-11-16T19:26:08.607643Z  INFO prove_core:generate main traces: close time.busy=5.52s time.idle=7.83µs index=55
2025-11-16T19:36:03.983617Z  INFO prove_core:generate main traces: close time.busy=3.49s time.idle=6.55µs index=56
2025-11-16T19:38:06.572729Z  INFO prove_core: clk = 120000000 pc = 0x2013d8
2025-11-16T19:38:11.311329Z  INFO prove_core:generate main traces: close time.busy=3.51s time.idle=6.40µs index=57
2025-11-16T19:43:40.780976Z  INFO prove_core:generate main traces: close time.busy=3.58s time.idle=6.98µs index=58
2025-11-16T19:49:12.775357Z  INFO prove_core:generate main traces: close time.busy=5.44s time.idle=6.34µs index=59
2025-11-16T19:59:06.402187Z  INFO prove_core:generate main traces: close time.busy=3.54s time.idle=6.58µs index=60
2025-11-16T20:01:09.370472Z  INFO prove_core: clk = 130000000 pc = 0x231250
2025-11-16T20:01:13.647425Z  INFO prove_core:generate main traces: close time.busy=3.76s time.idle=11.1µs index=61
2025-11-16T20:06:42.685443Z  INFO prove_core:generate main traces: close time.busy=3.54s time.idle=6.80µs index=62
2025-11-16T20:12:15.368768Z  INFO prove_core:generate main traces: close time.busy=5.61s time.idle=6.25µs index=63
2025-11-16T20:22:08.263575Z  INFO prove_core:generate main traces: close time.busy=3.53s time.idle=6.37µs index=64
2025-11-16T20:24:15.904042Z  INFO prove_core:generate main traces: close time.busy=3.59s time.idle=6.15µs index=65
2025-11-16T20:29:44.068891Z  INFO prove_core: clk = 140000000 pc = 0x201098
2025-11-16T20:29:48.508837Z  INFO prove_core:generate main traces: close time.busy=3.61s time.idle=6.04µs index=66
2025-11-16T20:35:21.689477Z  INFO prove_core:generate main traces: close time.busy=5.87s time.idle=5.95µs index=67
2025-11-16T20:45:15.078054Z  INFO prove_core:generate main traces: close time.busy=3.56s time.idle=6.35µs index=68
2025-11-16T20:47:22.003971Z  INFO prove_core:generate main traces: close time.busy=3.79s time.idle=7.23µs index=69
2025-11-16T20:52:52.858385Z  INFO prove_core:generate main traces: close time.busy=3.35s time.idle=6.37µs index=70
2025-11-16T20:58:18.998522Z  INFO prove_core: clk = 150000000 pc = 0x201228
2025-11-16T20:58:23.177282Z  INFO prove_core:generate main traces: close time.busy=3.16s time.idle=7.57µs index=71
2025-11-16T21:03:57.056495Z  INFO prove_core:generate main traces: close time.busy=5.34s time.idle=6.46µs index=72
2025-11-16T21:13:52.144294Z  INFO prove_core:generate main traces: close time.busy=3.77s time.idle=6.81µs index=73
2025-11-16T21:16:00.515348Z  INFO prove_core:generate main traces: close time.busy=3.61s time.idle=6.44µs index=74
2025-11-16T21:21:31.580048Z  INFO prove_core:generate main traces: close time.busy=3.36s time.idle=5.76µs index=75
2025-11-16T21:26:58.327428Z  INFO prove_core: clk = 160000000 pc = 0x2010e4
2025-11-16T21:27:05.547935Z  INFO prove_core:generate main traces: close time.busy=5.45s time.idle=8.03µs index=76
2025-11-16T21:37:00.219094Z  INFO prove_core:generate main traces: close time.busy=3.02s time.idle=11.5µs index=77
2025-11-16T21:39:08.286281Z  INFO prove_core:generate main traces: close time.busy=3.63s time.idle=7.03µs index=78
2025-11-16T21:44:37.625666Z  INFO prove_core:generate main traces: close time.busy=3.51s time.idle=9.49µs index=79
2025-11-16T21:50:12.792638Z  INFO prove_core:generate main traces: close time.busy=5.41s time.idle=7.74µs index=80
2025-11-16T22:00:00.140027Z  INFO prove_core: clk = 170000000 pc = 0x23124c
2025-11-16T22:00:06.034518Z  INFO prove_core:generate main traces: close time.busy=4.34s time.idle=8.29µs index=81
2025-11-16T22:02:13.391694Z  INFO prove_core:generate main traces: close time.busy=3.36s time.idle=7.33µs index=82
2025-11-16T22:07:42.171362Z  INFO prove_core:generate main traces: close time.busy=3.58s time.idle=6.67µs index=83
2025-11-16T22:13:11.767746Z  INFO prove_core:generate main traces: close time.busy=3.20s time.idle=7.22µs index=84
2025-11-16T22:18:35.921804Z  INFO prove_core: clk = 180000000 pc = 0x2312b4
2025-11-16T22:18:40.446727Z  INFO prove_core:generate main traces: close time.busy=3.74s time.idle=6.27µs index=85
2025-11-16T22:24:28.563729Z  INFO prove_core:generate main traces: close time.busy=16.3s time.idle=6.78µs index=86
2025-11-16T22:36:51.101836Z  WARN prove_core: High cycle count detected (180M cycles). For better performance, consider using the Succinct Prover Network: https://docs.succinct.xyz/docs/sp1/generating-proofs/prover-network
2025-11-16T22:36:51.110075Z  INFO prove_core: close time.busy=27405s time.idle=2.27s
2025-11-17T06:20:41.408233Z  INFO compress: close time.busy=27828s time.idle=1.54s
2025-11-17T06:21:29.079695Z  INFO shrink:prove_shards: close time.busy=40.1s time.idle=10.6µs
2025-11-17T06:21:29.298744Z  INFO shrink: close time.busy=47.5s time.idle=11.2µs
2025-11-17T06:31:34.218475Z  INFO wrap_bn254:prove_shards: close time.busy=428s time.idle=7.07µs
2025-11-17T06:31:34.464161Z  INFO wrap_bn254:verify: close time.busy=246ms time.idle=4.60µs
2025-11-17T06:31:34.716011Z  INFO wrap_bn254: close time.busy=605s time.idle=13.0µs
[sp1] plonk circuit artifacts already seem to exist at /home/ubuntu/.sp1/circuits/plonk/v5.0.0. if you want to re-download them, delete the directory
2025-11-17T06:31:34.794852Z  INFO wrap_plonk_bn254: Running prove in docker
2025-11-17T06:47:23.134058Z  INFO wrap_plonk_bn254: Running verify in docker
2025-11-17T06:47:23.764596Z  INFO wrap_plonk_bn254: close time.busy=949s time.idle=5.05µs
	Command being timed: "cargo run --release -p pessimistic-proof-test-suite --bin ppgen_sabv_lmtr5 -- --n-exits 500 --validator-nodes 5 --proof-dir /home/ubuntu/thanhhuyen/proofs/v5/n500_run3"
	User time (seconds): 696377.19
	System time (seconds): 22459.82
	Percent of CPU this job got: 1264%
	Elapsed (wall clock) time (h:mm:ss or m:ss): 15:47:34
	Average shared text size (kbytes): 0
	Average unshared data size (kbytes): 0
	Average stack size (kbytes): 0
	Average total size (kbytes): 0
	Maximum resident set size (kbytes): 23630208
	Average resident set size (kbytes): 0
	Major (requiring I/O) page faults: 0
	Minor (reclaiming a frame) page faults: 1731765506
	Voluntary context switches: 32863712
	Involuntary context switches: 18882163
	Swaps: 0
	File system inputs: 128
	File system outputs: 104864
	Socket messages sent: 0
	Socket messages received: 0
	Signals delivered: 0
	Page size (bytes): 4096
	Exit status: 0
