warning: unused import: `keccak::Keccak256Hasher`
 --> crates/pessimistic-proof-core/src/sabv2.rs:2:35
  |
2 | use agglayer_primitives::{Digest, keccak::Keccak256Hasher};
  |                                   ^^^^^^^^^^^^^^^^^^^^^^^
  |
  = note: `#[warn(unused_imports)]` on by default

warning: unused import: `keccak::Keccak256Hasher`
 --> crates/pessimistic-proof-core/src/lmtr2.rs:2:35
  |
2 | use agglayer_primitives::{Digest, keccak::Keccak256Hasher};
  |                                   ^^^^^^^^^^^^^^^^^^^^^^^

warning: unused import: `keccak::Keccak256Hasher`
 --> crates/pessimistic-proof-core/src/sabv3.rs:2:35
  |
2 | use agglayer_primitives::{Digest, keccak::Keccak256Hasher};
  |                                   ^^^^^^^^^^^^^^^^^^^^^^^

warning: unused import: `keccak::Keccak256Hasher`
 --> crates/pessimistic-proof-core/src/lmtr3.rs:2:35
  |
2 | use agglayer_primitives::{Digest, keccak::Keccak256Hasher};
  |                                   ^^^^^^^^^^^^^^^^^^^^^^^

warning: unused import: `keccak::Keccak256Hasher`
 --> crates/pessimistic-proof-core/src/sabv4.rs:2:35
  |
2 | use agglayer_primitives::{Digest, keccak::Keccak256Hasher};
  |                                   ^^^^^^^^^^^^^^^^^^^^^^^

warning: unused import: `keccak::Keccak256Hasher`
 --> crates/pessimistic-proof-core/src/lmtr4.rs:2:35
  |
2 | use agglayer_primitives::{Digest, keccak::Keccak256Hasher};
  |                                   ^^^^^^^^^^^^^^^^^^^^^^^

warning: unused imports: `BridgeExit`, `ImportedBridgeExit`, `NetworkId`, and `TokenInfo`
   --> crates/pessimistic-proof-core/src/lmtr4.rs:245:30
    |
245 |         use unified_bridge::{BridgeExit, ImportedBridgeExit, NetworkId, TokenInfo};
    |                              ^^^^^^^^^^  ^^^^^^^^^^^^^^^^^^  ^^^^^^^^^  ^^^^^^^^^

warning: unused import: `agglayer_primitives::U256`
   --> crates/pessimistic-proof-core/src/lmtr4.rs:247:13
    |
247 |         use agglayer_primitives::U256;
    |             ^^^^^^^^^^^^^^^^^^^^^^^^^

warning: unused import: `crate::nullifier_tree::NullifierPath`
   --> crates/pessimistic-proof-core/src/lmtr4.rs:248:13
    |
248 |         use crate::nullifier_tree::NullifierPath;
    |             ^^^^^^^^^^^^^^^^^^^^^^^^^^^^^^^^^^^^

warning: unused import: `crate::local_balance_tree::LocalBalancePath`
   --> crates/pessimistic-proof-core/src/lmtr4.rs:249:13
    |
249 |         use crate::local_balance_tree::LocalBalancePath;
    |             ^^^^^^^^^^^^^^^^^^^^^^^^^^^^^^^^^^^^^^^^^^^

warning: unused import: `crate::aggchain_proof::AggchainData`
   --> crates/pessimistic-proof-core/src/lmtr4.rs:250:13
    |
250 |         use crate::aggchain_proof::AggchainData;
    |             ^^^^^^^^^^^^^^^^^^^^^^^^^^^^^^^^^^^

warning: unused import: `keccak::Keccak256Hasher`
 --> crates/pessimistic-proof-core/src/sabv5.rs:2:35
  |
2 | use agglayer_primitives::{Digest, keccak::Keccak256Hasher};
  |                                   ^^^^^^^^^^^^^^^^^^^^^^^

warning: unused variable: `branching_factor`
  --> crates/pessimistic-proof-core/src/lmtr.rs:31:9
   |
31 |         branching_factor: usize,
   |         ^^^^^^^^^^^^^^^^ help: if this is intentional, prefix it with an underscore: `_branching_factor`
   |
   = note: `#[warn(unused_variables)]` on by default

warning: unused variable: `block`
  --> crates/pessimistic-proof-core/src/sabv2.rs:72:13
   |
72 |         for block in blocks {
   |             ^^^^^ help: if this is intentional, prefix it with an underscore: `_block`

warning: unused variable: `consensus_result`
  --> crates/pessimistic-proof-core/src/sabv2.rs:79:13
   |
79 |         let consensus_result = self.run_consensus_mechanism(blocks, validator_nodes)?;
   |             ^^^^^^^^^^^^^^^^ help: if this is intentional, prefix it with an underscore: `_consensus_result`

warning: unused variable: `global_root`
  --> crates/pessimistic-proof-core/src/sabv2.rs:63:9
   |
63 |         global_root: &agglayer_primitives::Digest,
   |         ^^^^^^^^^^^ help: if this is intentional, prefix it with an underscore: `_global_root`

warning: unused variable: `computed_hash`
   --> crates/pessimistic-proof-core/src/sabv2.rs:136:13
    |
136 |         let computed_hash = Keccak256::digest(&block_data);
    |             ^^^^^^^^^^^^^ help: if this is intentional, prefix it with an underscore: `_computed_hash`

warning: unused variable: `declared_hash`
   --> crates/pessimistic-proof-core/src/sabv2.rs:139:13
    |
139 |         let declared_hash = self.get_block_declared_hash(block)?;
    |             ^^^^^^^^^^^^^ help: if this is intentional, prefix it with an underscore: `_declared_hash`

warning: unused variable: `block`
   --> crates/pessimistic-proof-core/src/sabv2.rs:229:32
    |
229 |     fn get_block_height(&self, block: &crate::multi_batch_header::MultiBatchHeader<agglayer_primitives::keccak::Keccak256Hasher>) -> Resu...
    |                                ^^^^^ help: if this is intentional, prefix it with an underscore: `_block`

warning: unused variable: `block`
   --> crates/pessimistic-proof-core/src/sabv2.rs:241:39
    |
241 |     fn get_block_declared_hash(&self, block: &crate::multi_batch_header::MultiBatchHeader<agglayer_primitives::keccak::Keccak256Hasher>) ...
    |                                       ^^^^^ help: if this is intentional, prefix it with an underscore: `_block`

warning: unused variable: `block`
   --> crates/pessimistic-proof-core/src/sabv2.rs:247:32
    |
247 |     fn get_block_signer(&self, block: &crate::multi_batch_header::MultiBatchHeader<agglayer_primitives::keccak::Keccak256Hasher>) -> Resu...
    |                                ^^^^^ help: if this is intentional, prefix it with an underscore: `_block`

warning: unused variable: `block`
   --> crates/pessimistic-proof-core/src/sabv2.rs:257:35
    |
257 |     fn get_block_signature(&self, block: &crate::multi_batch_header::MultiBatchHeader<agglayer_primitives::keccak::Keccak256Hasher>) -> R...
    |                                   ^^^^^ help: if this is intentional, prefix it with an underscore: `_block`

warning: unused variable: `hash`
   --> crates/pessimistic-proof-core/src/sabv2.rs:274:13
    |
274 |         let hash = Keccak256::digest(&block_data);
    |             ^^^^ help: if this is intentional, prefix it with an underscore: `_hash`

warning: unused variable: `block`
   --> crates/pessimistic-proof-core/src/sabv2.rs:295:35
    |
295 |     fn estimate_block_size(&self, block: &crate::multi_batch_header::MultiBatchHeader<agglayer_primitives::keccak::Keccak256Hasher>) -> R...
    |                                   ^^^^^ help: if this is intentional, prefix it with an underscore: `_block`

warning: unused variable: `i`
   --> crates/pessimistic-proof-core/src/lmtr2.rs:144:14
    |
144 |         for (i, block) in blocks.iter().enumerate() {
    |              ^ help: if this is intentional, prefix it with an underscore: `_i`

warning: unused variable: `leaf_hash`
   --> crates/pessimistic-proof-core/src/lmtr2.rs:146:17
    |
146 |             let leaf_hash = Keccak256::digest(&block_data);
    |                 ^^^^^^^^^ help: if this is intentional, prefix it with an underscore: `_leaf_hash`

warning: unused variable: `current_efficiency`
   --> crates/pessimistic-proof-core/src/lmtr2.rs:179:13
    |
179 |         let current_efficiency = self.calculate_tree_efficiency(num_blocks, branching_factor)?;
    |             ^^^^^^^^^^^^^^^^^^ help: if this is intentional, prefix it with an underscore: `_current_efficiency`

warning: unused variable: `new_hash`
   --> crates/pessimistic-proof-core/src/lmtr2.rs:229:21
    |
229 |                 let new_hash = Keccak256::digest(&optimized_data);
    |                     ^^^^^^^^ help: if this is intentional, prefix it with an underscore: `_new_hash`

warning: unused variable: `optimal_config`
   --> crates/pessimistic-proof-core/src/lmtr2.rs:217:9
    |
217 |         optimal_config: &OptimalConfig,
    |         ^^^^^^^^^^^^^^ help: if this is intentional, prefix it with an underscore: `_optimal_config`

warning: unused variable: `parent_hash`
   --> crates/pessimistic-proof-core/src/lmtr2.rs:312:21
    |
312 |                 let parent_hash = Keccak256::digest(&parent_data);
    |                     ^^^^^^^^^^^ help: if this is intentional, prefix it with an underscore: `_parent_hash`

warning: unused variable: `tree`
   --> crates/pessimistic-proof-core/src/lmtr2.rs:399:136
    |
399 | ...ves::keccak::Keccak256Hasher>, tree: &MerkleTree) -> Result<crate::multi_batch_header::MultiBatchHeader<agglayer_primitives::keccak::K...
    |                                   ^^^^ help: if this is intentional, prefix it with an underscore: `_tree`

warning: unused variable: `j_star`
   --> crates/pessimistic-proof-core/src/sabv3.rs:306:9
    |
306 |         j_star: usize,
    |         ^^^^^^ help: if this is intentional, prefix it with an underscore: `_j_star`

warning: unused variable: `j_star`
   --> crates/pessimistic-proof-core/src/sabv4.rs:496:9
    |
496 |         j_star: usize,
    |         ^^^^^^ help: if this is intentional, prefix it with an underscore: `_j_star`

warning: unused variable: `expected_root`
   --> crates/pessimistic-proof-core/src/sabv4.rs:603:72
    |
603 | ...mputed_root: &Digest, expected_root: &agglayer_primitives::Digest, signature: &agglayer_primitives::Signature, signer: &agglayer_primi...
    |                          ^^^^^^^^^^^^^ help: if this is intentional, prefix it with an underscore: `_expected_root`

warning: unused variable: `expected_bytes`
   --> crates/pessimistic-proof-core/src/sabv4.rs:744:56
    |
744 |     fn verify_hash_chain(&self, computed_bytes: &[u8], expected_bytes: &[u8]) -> Result<bool, ProofError> {
    |                                                        ^^^^^^^^^^^^^^ help: if this is intentional, prefix it with an underscore: `_expected_bytes`

warning: unused variable: `global_root`
   --> crates/pessimistic-proof-core/src/sabv5.rs:138:9
    |
138 |         global_root: &agglayer_primitives::Digest,
    |         ^^^^^^^^^^^ help: if this is intentional, prefix it with an underscore: `_global_root`

warning: value assigned to `local_trees` is never read
   --> crates/pessimistic-proof-core/src/sabv5.rs:702:17
    |
702 |         let mut local_trees = Vec::new();
    |                 ^^^^^^^^^^^
    |
    = help: maybe it is overwritten before being read?
    = note: `#[warn(unused_assignments)]` on by default

warning: unused variable: `j_star`
   --> crates/pessimistic-proof-core/src/sabv5.rs:699:9
    |
699 |         j_star: usize,
    |         ^^^^^^ help: if this is intentional, prefix it with an underscore: `_j_star`

warning: unused variable: `expected_root`
   --> crates/pessimistic-proof-core/src/sabv5.rs:822:72
    |
822 | ...mputed_root: &Digest, expected_root: &agglayer_primitives::Digest, signature: &agglayer_primitives::Signature, signer: &agglayer_primi...
    |                          ^^^^^^^^^^^^^ help: if this is intentional, prefix it with an underscore: `_expected_root`

warning: unused variable: `expected_bytes`
   --> crates/pessimistic-proof-core/src/sabv5.rs:963:56
    |
963 |     fn verify_hash_chain(&self, computed_bytes: &[u8], expected_bytes: &[u8]) -> Result<bool, ProofError> {
    |                                                        ^^^^^^^^^^^^^^ help: if this is intentional, prefix it with an underscore: `_expected_bytes`

warning: field `config` is never read
  --> crates/pessimistic-proof-core/src/sabv.rs:13:5
   |
12 | pub struct SabvAlgorithm {
   |            ------------- field in this struct
13 |     config: SabvConfig,
   |     ^^^^^^
   |
   = note: `SabvAlgorithm` has derived impls for the traits `Clone` and `Debug`, but these are intentionally ignored during dead code analysis
   = note: `#[warn(dead_code)]` on by default

warning: field `config` is never read
  --> crates/pessimistic-proof-core/src/lmtr.rs:12:5
   |
11 | pub struct LmtrAlgorithm {
   |            ------------- field in this struct
12 |     config: LmtrConfig,
   |     ^^^^^^
   |
   = note: `LmtrAlgorithm` has derived impls for the traits `Clone` and `Debug`, but these are intentionally ignored during dead code analysis

warning: fields `config` and `consensus_messages` are never read
  --> crates/pessimistic-proof-core/src/sabv2.rs:34:5
   |
33 | pub struct Sabv2Algorithm {
   |            -------------- fields in this struct
34 |     config: Sabv2Config,
   |     ^^^^^^
35 |     validators: Vec<ValidatorNode>,
36 |     consensus_messages: HashMap<Digest, Vec<ConsensusMessage>>,
   |     ^^^^^^^^^^^^^^^^^^
   |
   = note: `Sabv2Algorithm` has derived impls for the traits `Clone` and `Debug`, but these are intentionally ignored during dead code analysis

warning: multiple methods are never used
   --> crates/pessimistic-proof-core/src/sabv2.rs:89:8
    |
 39 | impl Sabv2Algorithm {
    | ------------------- methods in this implementation
...
 89 |     fn validate_block_cryptography(
    |        ^^^^^^^^^^^^^^^^^^^^^^^^^^^
...
112 |     fn verify_merkle_tree_structure(
    |        ^^^^^^^^^^^^^^^^^^^^^^^^^^^^
...
130 |     fn verify_hash_integrity(
    |        ^^^^^^^^^^^^^^^^^^^^^
...
149 |     fn verify_signature_validity(
    |        ^^^^^^^^^^^^^^^^^^^^^^^^^
...
204 |     fn verify_consensus_threshold(
    |        ^^^^^^^^^^^^^^^^^^^^^^^^^^
...
222 |     fn calculate_optimal_height(&self, block: &crate::multi_batch_header::MultiBatchHeader<agglayer_primitives::keccak::Keccak256Hasher>)...
    |        ^^^^^^^^^^^^^^^^^^^^^^^^
...
229 |     fn get_block_height(&self, block: &crate::multi_batch_header::MultiBatchHeader<agglayer_primitives::keccak::Keccak256Hasher>) -> Resu...
    |        ^^^^^^^^^^^^^^^^
...
241 |     fn get_block_declared_hash(&self, block: &crate::multi_batch_header::MultiBatchHeader<agglayer_primitives::keccak::Keccak256Hasher>) ...
    |        ^^^^^^^^^^^^^^^^^^^^^^^
...
247 |     fn get_block_signer(&self, block: &crate::multi_batch_header::MultiBatchHeader<agglayer_primitives::keccak::Keccak256Hasher>) -> Resu...
    |        ^^^^^^^^^^^^^^^^
...
252 |     fn get_block_message(&self, block: &crate::multi_batch_header::MultiBatchHeader<agglayer_primitives::keccak::Keccak256Hasher>) -> Res...
    |        ^^^^^^^^^^^^^^^^^
...
257 |     fn get_block_signature(&self, block: &crate::multi_batch_header::MultiBatchHeader<agglayer_primitives::keccak::Keccak256Hasher>) -> R...
    |        ^^^^^^^^^^^^^^^^^^^
...
262 |     fn compute_expected_signature(&self, signer: &str, message: &[u8]) -> Result<String, ProofError> {
    |        ^^^^^^^^^^^^^^^^^^^^^^^^^^
...
295 |     fn estimate_block_size(&self, block: &crate::multi_batch_header::MultiBatchHeader<agglayer_primitives::keccak::Keccak256Hasher>) -> R...
    |        ^^^^^^^^^^^^^^^^^^^

warning: field `tree_cache` is never read
  --> crates/pessimistic-proof-core/src/lmtr2.rs:53:5
   |
51 | pub struct Lmtr2Algorithm {
   |            -------------- field in this struct
52 |     config: Lmtr2Config,
53 |     tree_cache: HashMap<Digest, MerkleTree>,
   |     ^^^^^^^^^^
   |
   = note: `Lmtr2Algorithm` has derived impls for the traits `Clone` and `Debug`, but these are intentionally ignored during dead code analysis

warning: fields `branching_factor` and `rebalancing_cost` are never read
   --> crates/pessimistic-proof-core/src/lmtr2.rs:415:5
    |
413 | struct OptimalConfig {
    |        ------------- fields in this struct
414 |     optimal_height: usize,
415 |     branching_factor: usize,
    |     ^^^^^^^^^^^^^^^^
416 |     expected_efficiency: f64,
417 |     rebalancing_cost: u64,
    |     ^^^^^^^^^^^^^^^^
    |
    = note: `OptimalConfig` has derived impls for the traits `Clone` and `Debug`, but these are intentionally ignored during dead code analysis

warning: field `validators` is never read
  --> crates/pessimistic-proof-core/src/sabv3.rs:41:5
   |
39 | pub struct Sabv3Algorithm {
   |            -------------- field in this struct
40 |     config: Sabv3Config,
41 |     validators: Vec<ValidatorNode>,
   |     ^^^^^^^^^^
   |
   = note: `Sabv3Algorithm` has derived impls for the traits `Clone` and `Debug`, but these are intentionally ignored during dead code analysis

warning: struct `BlockchainMerkleProof` is never constructed
  --> crates/pessimistic-proof-core/src/sabv4.rs:38:8
   |
38 | struct BlockchainMerkleProof {
   |        ^^^^^^^^^^^^^^^^^^^^^

warning: fields `shard_index` and `round` are never read
  --> crates/pessimistic-proof-core/src/sabv4.rs:50:9
   |
47 | struct MPCShareMessage {
   |        --------------- fields in this struct
...
50 |     pub shard_index: usize,
   |         ^^^^^^^^^^^
51 |     pub share: (f64, f64), // (x, y) = share point
52 |     pub round: u64,
   |         ^^^^^
   |
   = note: `MPCShareMessage` has derived impls for the traits `Clone` and `Debug`, but these are intentionally ignored during dead code analysis

warning: field `consensus_reached` is never read
  --> crates/pessimistic-proof-core/src/sabv4.rs:60:9
   |
57 | struct MPCNetworkState {
   |        --------------- field in this struct
...
60 |     pub consensus_reached: bool,
   |         ^^^^^^^^^^^^^^^^^
   |
   = note: `MPCNetworkState` has a derived impl for the trait `Debug`, but this is intentionally ignored during dead code analysis

warning: field `validators` is never read
  --> crates/pessimistic-proof-core/src/sabv4.rs:67:5
   |
65 | pub struct Sabv4Algorithm {
   |            -------------- field in this struct
66 |     config: Sabv4Config,
67 |     validators: Vec<ValidatorNode>,
   |     ^^^^^^^^^^
   |
   = note: `Sabv4Algorithm` has a derived impl for the trait `Debug`, but this is intentionally ignored during dead code analysis

warning: multiple methods are never used
    --> crates/pessimistic-proof-core/src/sabv4.rs:493:8
     |
  71 | impl Sabv4Algorithm {
     | ------------------- methods in this implementation
...
 493 |     fn construct_local_cc_mbmt(
     |        ^^^^^^^^^^^^^^^^^^^^^^^
...
 564 |     fn verify_integrity_with_blocks(&self, computed_root: &Digest, expected_root: &agglayer_primitives::Digest, blocks: &[crate::multi_ba...
     |        ^^^^^^^^^^^^^^^^^^^^^^^^^^^^
...
 603 |     fn verify_blockchain_signature_real(&self, computed_root: &Digest, expected_root: &agglayer_primitives::Digest, signature: &agglayer_...
     |        ^^^^^^^^^^^^^^^^^^^^^^^^^^^^^^^^
...
 618 |     fn extract_blockchain_public_key(&self, computed_bytes: &[u8]) -> Result<Vec<u8>, ProofError> {
     |        ^^^^^^^^^^^^^^^^^^^^^^^^^^^^^
...
 629 |     fn validate_blockchain_signature(&self, signature: &[u8], public_key: &[u8]) -> Result<bool, ProofError> {
     |        ^^^^^^^^^^^^^^^^^^^^^^^^^^^^^
...
 648 |     fn verify_merkle_proof(&self, computed_root: &Digest, expected_root: &agglayer_primitives::Digest) -> Result<bool, ProofError> {
     |        ^^^^^^^^^^^^^^^^^^^
...
 682 |     fn extract_blockchain_merkle_proof(&self, computed_root: &Digest, expected_root: &agglayer_primitives::Digest) -> Result<BlockchainMe...
     |        ^^^^^^^^^^^^^^^^^^^^^^^^^^^^^^^
...
 717 |     fn validate_blockchain_proof(&self, proof: &BlockchainMerkleProof) -> Result<bool, ProofError> {
     |        ^^^^^^^^^^^^^^^^^^^^^^^^^
...
 744 |     fn verify_hash_chain(&self, computed_bytes: &[u8], expected_bytes: &[u8]) -> Result<bool, ProofError> {
     |        ^^^^^^^^^^^^^^^^^
...
 772 |     fn verify_timestamp_freshness(&self) -> Result<bool, ProofError> {
     |        ^^^^^^^^^^^^^^^^^^^^^^^^^^
...
 784 |     fn verify_nonce_uniqueness(&self, computed_bytes: &[u8], expected_bytes: &[u8]) -> Result<bool, ProofError> {
     |        ^^^^^^^^^^^^^^^^^^^^^^^
...
 814 |     fn verify_zero_knowledge_proof(&self, computed_root: &Digest, expected_root: &agglayer_primitives::Digest) -> Result<bool, ProofError> {
     |        ^^^^^^^^^^^^^^^^^^^^^^^^^^^
...
 853 |     fn calculate_signature_strength(&self, signature_bytes: &[u8]) -> f64 {
     |        ^^^^^^^^^^^^^^^^^^^^^^^^^^^^
...
 950 |     fn calculate_entropy(&self, data: &[u8]) -> f64 {
     |        ^^^^^^^^^^^^^^^^^
...
 970 |     fn compute_shard_hash(&self, blocks: &[crate::multi_batch_header::MultiBatchHeader<agglayer_primitives::keccak::Keccak256Hasher>]) ->...
     |        ^^^^^^^^^^^^^^^^^^
...
1037 |     fn build_merkle_tree(&self, blocks: &[crate::multi_batch_header::MultiBatchHeader<agglayer_primitives::keccak::Keccak256Hasher>], b: ...
     |        ^^^^^^^^^^^^^^^^^
...
1104 |     fn calculate_tree_height(&self, num_blocks: usize, b: usize) -> usize {
     |        ^^^^^^^^^^^^^^^^^^^^^
...
1113 |     fn compute_root_from_blocks(
     |        ^^^^^^^^^^^^^^^^^^^^^^^^

warning: method `reconstruct_block_from_bytes` is never used
   --> crates/pessimistic-proof-core/src/lmtr4.rs:241:8
    |
 27 | impl Lmtr4Algorithm {
    | ------------------- method in this implementation
...
241 |     fn reconstruct_block_from_bytes(&self, bytes: &[u8]) -> Result<crate::multi_batch_header::MultiBatchHeader<agglayer_primitives::kecca...
    |        ^^^^^^^^^^^^^^^^^^^^^^^^^^^^

warning: struct `BlockchainMerkleProof` is never constructed
  --> crates/pessimistic-proof-core/src/sabv5.rs:48:8
   |
48 | struct BlockchainMerkleProof {
   |        ^^^^^^^^^^^^^^^^^^^^^

warning: fields `shard_index` and `round` are never read
  --> crates/pessimistic-proof-core/src/sabv5.rs:60:9
   |
57 | struct MPCShareMessage {
   |        --------------- fields in this struct
...
60 |     pub shard_index: usize,
   |         ^^^^^^^^^^^
61 |     pub share: (f64, f64), // (x, y) = share point
62 |     pub round: u64,
   |         ^^^^^
   |
   = note: `MPCShareMessage` has derived impls for the traits `Clone` and `Debug`, but these are intentionally ignored during dead code analysis

warning: field `consensus_reached` is never read
  --> crates/pessimistic-proof-core/src/sabv5.rs:70:9
   |
67 | struct MPCNetworkState {
   |        --------------- field in this struct
...
70 |     pub consensus_reached: bool,
   |         ^^^^^^^^^^^^^^^^^
   |
   = note: `MPCNetworkState` has a derived impl for the trait `Debug`, but this is intentionally ignored during dead code analysis

warning: field `validators` is never read
  --> crates/pessimistic-proof-core/src/sabv5.rs:77:5
   |
75 | pub struct Sabv5Algorithm {
   |            -------------- field in this struct
76 |     config: Sabv5Config,
77 |     validators: Vec<ValidatorNode>,
   |     ^^^^^^^^^^
   |
   = note: `Sabv5Algorithm` has a derived impl for the trait `Debug`, but this is intentionally ignored during dead code analysis

warning: multiple methods are never used
    --> crates/pessimistic-proof-core/src/sabv5.rs:696:8
     |
  81 | impl Sabv5Algorithm {
     | ------------------- methods in this implementation
...
 696 |     fn construct_local_cc_mbmt(
     |        ^^^^^^^^^^^^^^^^^^^^^^^
...
 774 |     fn verify_integrity_with_blocks(&self, computed_root: &Digest, expected_root: &agglayer_primitives::Digest, blocks: &[crate::multi_ba...
     |        ^^^^^^^^^^^^^^^^^^^^^^^^^^^^
...
 822 |     fn verify_blockchain_signature_real(&self, computed_root: &Digest, expected_root: &agglayer_primitives::Digest, signature: &agglayer_...
     |        ^^^^^^^^^^^^^^^^^^^^^^^^^^^^^^^^
...
 837 |     fn extract_blockchain_public_key(&self, computed_bytes: &[u8]) -> Result<Vec<u8>, ProofError> {
     |        ^^^^^^^^^^^^^^^^^^^^^^^^^^^^^
...
 848 |     fn validate_blockchain_signature(&self, signature: &[u8], public_key: &[u8]) -> Result<bool, ProofError> {
     |        ^^^^^^^^^^^^^^^^^^^^^^^^^^^^^
...
 867 |     fn verify_merkle_proof(&self, computed_root: &Digest, expected_root: &agglayer_primitives::Digest) -> Result<bool, ProofError> {
     |        ^^^^^^^^^^^^^^^^^^^
...
 901 |     fn extract_blockchain_merkle_proof(&self, computed_root: &Digest, expected_root: &agglayer_primitives::Digest) -> Result<BlockchainMe...
     |        ^^^^^^^^^^^^^^^^^^^^^^^^^^^^^^^
...
 936 |     fn validate_blockchain_proof(&self, proof: &BlockchainMerkleProof) -> Result<bool, ProofError> {
     |        ^^^^^^^^^^^^^^^^^^^^^^^^^
...
 963 |     fn verify_hash_chain(&self, computed_bytes: &[u8], expected_bytes: &[u8]) -> Result<bool, ProofError> {
     |        ^^^^^^^^^^^^^^^^^
...
 991 |     fn verify_timestamp_freshness(&self) -> Result<bool, ProofError> {
     |        ^^^^^^^^^^^^^^^^^^^^^^^^^^
...
1003 |     fn verify_nonce_uniqueness(&self, computed_bytes: &[u8], expected_bytes: &[u8]) -> Result<bool, ProofError> {
     |        ^^^^^^^^^^^^^^^^^^^^^^^
...
1033 |     fn verify_zero_knowledge_proof(&self, computed_root: &Digest, expected_root: &agglayer_primitives::Digest) -> Result<bool, ProofError> {
     |        ^^^^^^^^^^^^^^^^^^^^^^^^^^^
...
1072 |     fn calculate_signature_strength(&self, signature_bytes: &[u8]) -> f64 {
     |        ^^^^^^^^^^^^^^^^^^^^^^^^^^^^
...
1169 |     fn calculate_entropy(&self, data: &[u8]) -> f64 {
     |        ^^^^^^^^^^^^^^^^^
...
1261 |     fn build_merkle_tree(&self, blocks: &[crate::multi_batch_header::MultiBatchHeader<agglayer_primitives::keccak::Keccak256Hasher>], b: ...
     |        ^^^^^^^^^^^^^^^^^
...
1328 |     fn calculate_tree_height(&self, num_blocks: usize, b: usize) -> usize {
     |        ^^^^^^^^^^^^^^^^^^^^^
...
1349 |     fn compute_root_from_blocks(
     |        ^^^^^^^^^^^^^^^^^^^^^^^^

warning: `pessimistic-proof-core` (lib) generated 58 warnings (run `cargo fix --lib -p pessimistic-proof-core` to apply 12 suggestions)
warning: unused import: `rayon::ThreadPoolBuilder`
 --> crates/pessimistic-proof-test-suite/src/bin/ppgen_sabv_lmtr5.rs:6:5
  |
6 | use rayon::ThreadPoolBuilder;
  |     ^^^^^^^^^^^^^^^^^^^^^^^^
  |
  = note: `#[warn(unused_imports)]` on by default

warning: value assigned to `current_state` is never read
   --> crates/pessimistic-proof-test-suite/src/bin/ppgen_sabv_lmtr5.rs:133:9
    |
133 |         current_state = block_state.state_b.clone();
    |         ^^^^^^^^^^^^^
    |
    = help: maybe it is overwritten before being read?
    = note: `#[warn(unused_assignments)]` on by default

warning: unused variable: `vk`
   --> crates/pessimistic-proof-test-suite/src/bin/ppgen_sabv_lmtr5.rs:294:24
    |
294 |             Ok((proof, vk, new_roots)) => {
    |                        ^^ help: if this is intentional, prefix it with an underscore: `_vk`
    |
    = note: `#[warn(unused_variables)]` on by default

warning: unused variable: `new_roots`
   --> crates/pessimistic-proof-test-suite/src/bin/ppgen_sabv_lmtr5.rs:294:28
    |
294 |             Ok((proof, vk, new_roots)) => {
    |                            ^^^^^^^^^ help: if this is intentional, prefix it with an underscore: `_new_roots`

warning: variable does not need to be mutable
  --> crates/pessimistic-proof-test-suite/src/bin/ppgen_sabv_lmtr5.rs:72:9
   |
72 |     let mut state = data::sample_state_00();
   |         ----^^^^^
   |         |
   |         help: remove this `mut`
   |
   = note: `#[warn(unused_mut)]` on by default

warning: `pessimistic-proof-test-suite` (bin "ppgen_sabv_lmtr5") generated 5 warnings (run `cargo fix --bin "ppgen_sabv_lmtr5"` to apply 2 suggestions)
    Finished `release` profile [optimized] target(s) in 0.92s
     Running `target/release/ppgen_sabv_lmtr5 --n-exits 700 --validator-nodes 5 --proof-dir /home/ubuntu/thanhhuyen/proofs/v5/n700_run3`
🔍 SABV5: Starting Algorithm 1 - Verify Aggregated Blocks Integrity
   Input: N=700 blocks, branching_factor=3, validators=5
   📐 Optimal height calculation: log_3(700) + 1 = 7
🎯 V5: Calculated optimal htarget = 7 for N=700, b=3
📊 Computed expected root from 700 ORIGINAL blocks (before rebalancing): cd171baeeb5178336aa422b303f9a546ba2aabbd3843eddee9392b062c3c8ed6 (height=7)
📊 SABV5: Calculated j* = 6 with variance = 0.0000
✅ Step 1: Optimal sharding size j* = 6 (shard_size = 3^6 = 729)
📦 SABV5: Created 1 shards (0 full + 1 remainder)
✅ Step 2: Partitioned 700 blocks into 1 shards (shard_size = 729)
📡 SABV5: REAL MPC Network - 5 validators broadcast shares, 5 received sufficient shares
🔐 SABV5: REAL Shamir secret sharing - Secret: 0.519176, Reconstructed: 0.519176, Match: true
   Polynomial degree: 2, Shares: 5, Threshold: 3/5
   Validator 4 assigned with share value: 29.669922
✅ Step 3: Secret sharing applied (threshold k=3/5)
📊 Step 4: Rebalancing shards with LMTR4 (Algorithm 2)...
🔧 LMTR4: Starting Algorithm 2 rebalancing for 700 blocks
📊 LMTR4: Initial state - Ni = 700, b = 3, htarget = 7
🔄 LMTR4: Fixed branch imbalance by appending last block - Ni = 701
🔄 LMTR4: Fixed branch imbalance by appending last block - Ni = 702
✅ LMTR4: Rebalancing complete - Final Ni = 702, height = 7
   ✅ Shard 0 (validator 4) - 700 → 702 blocks, height=7
🌳 Step 5a: Building REAL Local CC-MBMT from rebalanced blocks...
   ✅ Validator 4 built REAL local CC-MBMT (shard 0) - 702 blocks → tree height=7
🔗 SABV5: Merged 1 local CC-MBMTs into global CC-MBMT using REAL tree structure
✅ Step 5b: Merged 1 local CC-MBMTs into global root r
✅ Step 6: Computed alternative root r' (from rebalanced blocks) using SAME Merkle tree method as Step 5a
   Using 702 rebalanced blocks, tree height=7
✅ Step 6b: Using r' (from original blocks) = expected_root_from_original_blocks for CHECK 2
🔐 Step 7: Verifying integrity and detecting fraud...
   r  (from merged local trees, rebalanced): 7985f2683c15ccef7ed245afba78cf397ce5d8290188e29be6567b6f01c081de
   r' (from all rebalanced blocks):           7985f2683c15ccef7ed245afba78cf397ce5d8290188e29be6567b6f01c081de
   r' (from original blocks):                 cd171baeeb5178336aa422b303f9a546ba2aabbd3843eddee9392b062c3c8ed6
   Note: r' (from original) will be compared with r (from rebalanced) in CHECK 2
   ✅ Check 1: r == r' (from rebalanced blocks)? true (internal consistency)
   📊 Block counts: original=700, rebalanced=702
   🔍 Check 2 (rebalancing changed block count):
      • Unique blocks in rebalanced: 700
      • Original blocks: 700
      • All original blocks present: true
      • No extra blocks: true
      • Content preserved: true
   ✅ Check 2: Content preserved (only structure changed) - PASSED
✅ SABV5: Verification PASSED - All checks passed
   ✅ Check 1: r == r' (from rebalanced blocks) - internal consistency verified
   ✅ Check 2: r' (from original blocks) == r (from rebalanced blocks) - rebalancing integrity verified
   ✅ Algorithm integrity: SABV5 + LMTR4 working as designed
   ✅ No fraud detected - blocks are consistent and rebalancing preserved content
2025-11-17T06:47:39.312908Z  INFO prove_core: clk = 0 pc = 0x201504
2025-11-17T06:47:39.487335Z  INFO prove_core: clk = 0 pc = 0x201504
2025-11-17T06:47:39.930790Z  INFO prove_core: clk = 10000000 pc = 0x20439c
2025-11-17T06:47:40.518061Z  INFO prove_core: clk = 20000000 pc = 0x206288
2025-11-17T06:47:41.112347Z  INFO prove_core: clk = 30000000 pc = 0x204398
2025-11-17T06:47:41.625764Z  INFO prove_core:generate main traces: close time.busy=775ms time.idle=5.21µs index=0
2025-11-17T06:47:41.759044Z  INFO prove_core: clk = 40000000 pc = 0x204394
2025-11-17T06:47:42.347707Z  INFO prove_core: clk = 50000000 pc = 0x2043c0
2025-11-17T06:47:42.961137Z  INFO prove_core: clk = 60000000 pc = 0x20123c
2025-11-17T06:47:43.500935Z  INFO prove_core:generate main traces: close time.busy=611ms time.idle=5.63µs index=1
2025-11-17T06:47:43.657157Z  INFO prove_core: clk = 70000000 pc = 0x206260
2025-11-17T06:47:44.257886Z  INFO prove_core: clk = 80000000 pc = 0x205f74
2025-11-17T06:47:44.856896Z  INFO prove_core: clk = 90000000 pc = 0x2043d0
2025-11-17T06:47:45.461353Z  INFO prove_core: clk = 100000000 pc = 0x231240
2025-11-17T06:47:45.488648Z  INFO prove_core:generate main traces: close time.busy=544ms time.idle=5.49µs index=2
2025-11-17T06:47:46.061133Z  INFO prove_core: clk = 110000000 pc = 0x201248
2025-11-17T06:47:46.646553Z  INFO prove_core: clk = 120000000 pc = 0x231240
2025-11-17T06:47:47.226576Z  INFO prove_core: clk = 130000000 pc = 0x21b6d0
2025-11-17T06:47:47.807276Z  INFO prove_core: clk = 140000000 pc = 0x23124c
2025-11-17T06:47:48.402802Z  INFO prove_core: clk = 150000000 pc = 0x231250
2025-11-17T06:47:49.972275Z  INFO prove_core: clk = 160000000 pc = 0x20121c
2025-11-17T06:47:50.768869Z  INFO prove_core: clk = 170000000 pc = 0x201244
2025-11-17T06:47:51.356245Z  INFO prove_core: clk = 180000000 pc = 0x231254
2025-11-17T06:47:51.947050Z  INFO prove_core: clk = 190000000 pc = 0x21bd80
2025-11-17T06:47:52.621693Z  INFO prove_core: clk = 200000000 pc = 0x231240
2025-11-17T06:47:53.617681Z  INFO prove_core: clk = 210000000 pc = 0x20123c
2025-11-17T06:47:54.334057Z  INFO prove_core: clk = 220000000 pc = 0x201224
2025-11-17T06:47:55.180724Z  INFO prove_core: clk = 230000000 pc = 0x2313e4
2025-11-17T06:47:55.765057Z  INFO prove_core: clk = 240000000 pc = 0x231244
2025-11-17T06:47:56.365556Z  INFO prove_core: clk = 250000000 pc = 0x2313bc
2025-11-17T06:52:10.421714Z  INFO prove_core:generate main traces: close time.busy=651ms time.idle=6.63µs index=3
2025-11-17T06:56:32.587565Z  INFO prove_core: clk = 10000000 pc = 0x20439c
2025-11-17T06:56:33.723919Z  INFO prove_core:generate main traces: close time.busy=639ms time.idle=5.61µs index=4
2025-11-17T07:01:04.130524Z  INFO prove_core:generate main traces: close time.busy=632ms time.idle=6.13µs index=5
2025-11-17T07:05:29.709755Z  INFO prove_core:generate main traces: close time.busy=634ms time.idle=6.38µs index=6
2025-11-17T07:09:54.706643Z  INFO prove_core:generate main traces: close time.busy=637ms time.idle=6.69µs index=7
2025-11-17T07:14:19.301383Z  INFO prove_core:generate main traces: close time.busy=646ms time.idle=8.08µs index=8
2025-11-17T07:18:41.156151Z  INFO prove_core: clk = 20000000 pc = 0x206288
2025-11-17T07:18:42.514462Z  INFO prove_core:generate main traces: close time.busy=629ms time.idle=7.99µs index=9
2025-11-17T07:23:08.653995Z  INFO prove_core:generate main traces: close time.busy=665ms time.idle=8.34µs index=10
2025-11-17T07:27:33.636539Z  INFO prove_core:generate main traces: close time.busy=688ms time.idle=5.77µs index=11
2025-11-17T07:31:59.398343Z  INFO prove_core:generate main traces: close time.busy=743ms time.idle=6.31µs index=12
2025-11-17T07:36:22.998117Z  INFO prove_core:generate main traces: close time.busy=690ms time.idle=7.83µs index=13
2025-11-17T07:40:45.775279Z  INFO prove_core: clk = 30000000 pc = 0x204398
2025-11-17T07:40:47.235035Z  INFO prove_core:generate main traces: close time.busy=598ms time.idle=5.81µs index=14
2025-11-17T07:45:11.937097Z  INFO prove_core:generate main traces: close time.busy=543ms time.idle=7.70µs index=15
2025-11-17T07:49:35.800988Z  INFO prove_core:generate main traces: close time.busy=645ms time.idle=7.87µs index=16
2025-11-17T07:54:00.328145Z  INFO prove_core:generate main traces: close time.busy=600ms time.idle=7.46µs index=17
2025-11-17T07:58:29.006628Z  INFO prove_core:generate main traces: close time.busy=586ms time.idle=9.19µs index=18
2025-11-17T08:02:49.077870Z  INFO prove_core: clk = 40000000 pc = 0x204394
2025-11-17T08:02:50.835000Z  INFO prove_core:generate main traces: close time.busy=528ms time.idle=7.30µs index=19
2025-11-17T08:07:16.428589Z  INFO prove_core:generate main traces: close time.busy=648ms time.idle=7.75µs index=20
2025-11-17T08:11:42.238638Z  INFO prove_core:generate main traces: close time.busy=583ms time.idle=9.56µs index=21
2025-11-17T08:16:08.095508Z  INFO prove_core:generate main traces: close time.busy=614ms time.idle=7.11µs index=22
2025-11-17T08:20:31.270743Z  INFO prove_core: clk = 50000000 pc = 0x2043c0
2025-11-17T08:20:32.432879Z  INFO prove_core:generate main traces: close time.busy=692ms time.idle=6.60µs index=23
2025-11-17T08:24:56.027965Z  INFO prove_core:generate main traces: close time.busy=700ms time.idle=5.82µs index=24
2025-11-17T08:29:20.997786Z  INFO prove_core:generate main traces: close time.busy=681ms time.idle=5.67µs index=25
2025-11-17T08:33:47.787864Z  INFO prove_core:generate main traces: close time.busy=658ms time.idle=6.93µs index=26
2025-11-17T08:38:09.406274Z  INFO prove_core:generate main traces: close time.busy=603ms time.idle=5.98µs index=27
2025-11-17T08:42:34.305759Z  INFO prove_core: clk = 60000000 pc = 0x20123c
2025-11-17T08:42:35.638595Z  INFO prove_core:generate main traces: close time.busy=630ms time.idle=7.07µs index=28
2025-11-17T08:47:01.565861Z  INFO prove_core:generate main traces: close time.busy=668ms time.idle=7.36µs index=29
2025-11-17T08:51:26.194633Z  INFO prove_core:generate main traces: close time.busy=604ms time.idle=7.01µs index=30
2025-11-17T08:55:52.348730Z  INFO prove_core:generate main traces: close time.busy=643ms time.idle=8.92µs index=31
2025-11-17T09:00:20.097610Z  INFO prove_core:generate main traces: close time.busy=597ms time.idle=7.32µs index=32
2025-11-17T09:04:44.381220Z  INFO prove_core: clk = 70000000 pc = 0x206260
2025-11-17T09:04:45.853476Z  INFO prove_core:generate main traces: close time.busy=585ms time.idle=6.27µs index=33
2025-11-17T09:09:09.569888Z  INFO prove_core:generate main traces: close time.busy=583ms time.idle=7.36µs index=34
2025-11-17T09:13:33.390889Z  INFO prove_core:generate main traces: close time.busy=650ms time.idle=7.67µs index=35
2025-11-17T09:17:58.730513Z  INFO prove_core:generate main traces: close time.busy=630ms time.idle=10.4µs index=36
2025-11-17T09:22:25.633134Z  INFO prove_core:generate main traces: close time.busy=636ms time.idle=7.04µs index=37
2025-11-17T09:26:48.126352Z  INFO prove_core: clk = 80000000 pc = 0x205f74
2025-11-17T09:26:49.917468Z  INFO prove_core:generate main traces: close time.busy=584ms time.idle=7.56µs index=38
2025-11-17T09:31:18.857833Z  INFO prove_core:generate main traces: close time.busy=642ms time.idle=10.6µs index=39
2025-11-17T09:35:45.085029Z  INFO prove_core:generate main traces: close time.busy=683ms time.idle=8.71µs index=40
2025-11-17T09:40:11.772429Z  INFO prove_core:generate main traces: close time.busy=647ms time.idle=7.99µs index=41
2025-11-17T09:44:38.359053Z  INFO prove_core: clk = 90000000 pc = 0x2043d0
2025-11-17T09:44:39.398567Z  INFO prove_core:generate main traces: close time.busy=645ms time.idle=11.4µs index=42
2025-11-17T09:49:07.956301Z  INFO prove_core:generate main traces: close time.busy=561ms time.idle=7.84µs index=43
2025-11-17T09:53:33.756776Z  INFO prove_core:generate main traces: close time.busy=645ms time.idle=5.76µs index=44
2025-11-17T09:57:58.608910Z  INFO prove_core:generate main traces: close time.busy=587ms time.idle=5.98µs index=45
2025-11-17T10:02:23.964974Z  INFO prove_core:generate main traces: close time.busy=911ms time.idle=11.9µs index=46
2025-11-17T10:06:46.398379Z  INFO prove_core: clk = 100000000 pc = 0x231240
2025-11-17T10:06:50.326598Z  INFO prove_core:generate main traces: close time.busy=3.08s time.idle=5.91µs index=47
2025-11-17T10:16:01.611543Z  INFO prove_core:generate main traces: close time.busy=5.16s time.idle=6.36µs index=48
2025-11-17T10:25:55.093744Z  INFO prove_core:generate main traces: close time.busy=3.55s time.idle=9.93µs index=49
2025-11-17T10:28:02.115266Z  INFO prove_core:generate main traces: close time.busy=3.57s time.idle=10.0µs index=50
2025-11-17T10:33:34.425664Z  INFO prove_core:generate main traces: close time.busy=3.63s time.idle=6.72µs index=51
2025-11-17T10:39:00.153003Z  INFO prove_core: clk = 110000000 pc = 0x201248
2025-11-17T10:39:04.592733Z  INFO prove_core:generate main traces: close time.busy=3.35s time.idle=7.02µs index=52
2025-11-17T10:44:37.158409Z  INFO prove_core:generate main traces: close time.busy=5.45s time.idle=8.27µs index=53
2025-11-17T10:54:27.615412Z  INFO prove_core:generate main traces: close time.busy=3.48s time.idle=8.58µs index=54
2025-11-17T10:56:35.050617Z  INFO prove_core:generate main traces: close time.busy=3.50s time.idle=7.74µs index=55
2025-11-17T11:02:01.771766Z  INFO prove_core:generate main traces: close time.busy=3.46s time.idle=7.33µs index=56
2025-11-17T11:07:27.129917Z  INFO prove_core: clk = 120000000 pc = 0x231240
2025-11-17T11:07:34.558488Z  INFO prove_core:generate main traces: close time.busy=5.47s time.idle=8.16µs index=57
2025-11-17T11:17:32.106434Z  INFO prove_core:generate main traces: close time.busy=3.38s time.idle=6.56µs index=58
2025-11-17T11:19:39.262358Z  INFO prove_core:generate main traces: close time.busy=3.76s time.idle=6.38µs index=59
2025-11-17T11:25:08.443272Z  INFO prove_core:generate main traces: close time.busy=3.57s time.idle=6.51µs index=60
2025-11-17T11:31:37.040504Z  INFO prove_core: clk = 130000000 pc = 0x21b6d0
2025-11-17T11:31:52.898664Z  INFO prove_core:generate main traces: close time.busy=11.1s time.idle=5.43µs index=61
2025-11-17T11:51:52.345734Z  INFO prove_core:generate main traces: close time.busy=8.79s time.idle=6.05µs index=62
2025-11-17T11:56:14.034843Z  INFO prove_core:generate main traces: close time.busy=7.96s time.idle=5.98µs index=63
2025-11-17T12:07:07.227071Z  INFO prove_core:generate main traces: close time.busy=5.06s time.idle=5.96µs index=64
2025-11-17T12:18:16.964590Z  INFO prove_core:generate main traces: close time.busy=11.4s time.idle=5.88µs index=65
2025-11-17T12:39:31.148666Z  INFO prove_core: clk = 140000000 pc = 0x23124c
2025-11-17T12:39:46.391892Z  INFO prove_core:generate main traces: close time.busy=10.3s time.idle=6.00µs index=66
2025-11-17T12:45:13.813534Z  INFO prove_core:generate main traces: close time.busy=8.87s time.idle=5.55µs index=67
2025-11-17T12:57:48.425976Z  INFO prove_core:generate main traces: close time.busy=3.61s time.idle=6.09µs index=68
2025-11-17T13:03:15.097021Z  INFO prove_core:generate main traces: close time.busy=3.53s time.idle=6.12µs index=69
2025-11-17T13:08:46.543830Z  INFO prove_core:generate main traces: close time.busy=5.69s time.idle=8.98µs index=70
2025-11-17T13:18:30.596926Z  INFO prove_core: clk = 150000000 pc = 0x231250
2025-11-17T13:18:35.061235Z  INFO prove_core:generate main traces: close time.busy=3.40s time.idle=6.29µs index=71
2025-11-17T13:20:43.111433Z  INFO prove_core:generate main traces: close time.busy=3.62s time.idle=6.68µs index=72
2025-11-17T13:26:09.931068Z  INFO prove_core:generate main traces: close time.busy=3.74s time.idle=15.6µs index=73
2025-11-17T13:31:43.402845Z  INFO prove_core:generate main traces: close time.busy=5.46s time.idle=7.24µs index=74
2025-11-17T13:41:36.894261Z  INFO prove_core:generate main traces: close time.busy=3.52s time.idle=11.1µs index=75
2025-11-17T13:43:40.587964Z  INFO prove_core: clk = 160000000 pc = 0x20121c
2025-11-17T13:43:45.323531Z  INFO prove_core:generate main traces: close time.busy=3.33s time.idle=7.21µs index=76
2025-11-17T13:49:15.867014Z  INFO prove_core:generate main traces: close time.busy=3.77s time.idle=7.28µs index=77
2025-11-17T13:54:47.737601Z  INFO prove_core:generate main traces: close time.busy=5.68s time.idle=6.31µs index=78
2025-11-17T14:04:36.464711Z  INFO prove_core:generate main traces: close time.busy=3.44s time.idle=8.21µs index=79
2025-11-17T14:06:42.921036Z  INFO prove_core:generate main traces: close time.busy=3.77s time.idle=11.6µs index=80
2025-11-17T14:12:03.613031Z  INFO prove_core: clk = 170000000 pc = 0x201244
2025-11-17T14:12:08.484079Z  INFO prove_core:generate main traces: close time.busy=3.36s time.idle=7.12µs index=81
2025-11-17T14:17:41.932842Z  INFO prove_core:generate main traces: close time.busy=6.01s time.idle=7.58µs index=82
2025-11-17T14:27:26.461570Z  INFO prove_core:generate main traces: close time.busy=2.59s time.idle=7.60µs index=83
2025-11-17T14:29:34.355586Z  INFO prove_core:generate main traces: close time.busy=3.90s time.idle=6.81µs index=84
2025-11-17T14:34:57.552990Z  INFO prove_core: clk = 180000000 pc = 0x231254
2025-11-17T14:35:01.863248Z  INFO prove_core:generate main traces: close time.busy=3.59s time.idle=8.14µs index=85
2025-11-17T14:40:26.933291Z  INFO prove_core:generate main traces: close time.busy=3.60s time.idle=7.80µs index=86
2025-11-17T14:45:57.852039Z  INFO prove_core:generate main traces: close time.busy=6.01s time.idle=7.86µs index=87
2025-11-17T14:55:45.910965Z  INFO prove_core:generate main traces: close time.busy=3.59s time.idle=7.71µs index=88
2025-11-17T14:57:52.419436Z  INFO prove_core:generate main traces: close time.busy=3.66s time.idle=6.14µs index=89
2025-11-17T15:03:12.347028Z  INFO prove_core: clk = 190000000 pc = 0x21bd80
2025-11-17T15:03:17.257440Z  INFO prove_core:generate main traces: close time.busy=3.97s time.idle=7.20µs index=90
2025-11-17T15:08:43.253806Z  INFO prove_core:generate main traces: close time.busy=5.45s time.idle=8.03µs index=91
2025-11-17T15:18:27.998444Z  INFO prove_core:generate main traces: close time.busy=3.54s time.idle=6.45µs index=92
2025-11-17T15:20:39.264585Z  INFO prove_core:generate main traces: close time.busy=3.38s time.idle=9.41µs index=93
2025-11-17T15:26:08.015763Z  INFO prove_core:generate main traces: close time.busy=3.72s time.idle=8.04µs index=94
2025-11-17T15:31:30.794070Z  INFO prove_core: clk = 200000000 pc = 0x231240
2025-11-17T15:31:37.865323Z  INFO prove_core:generate main traces: close time.busy=5.67s time.idle=8.18µs index=95
2025-11-17T15:41:27.878003Z  INFO prove_core:generate main traces: close time.busy=3.73s time.idle=6.61µs index=96
2025-11-17T15:43:34.290606Z  INFO prove_core:generate main traces: close time.busy=3.48s time.idle=5.96µs index=97
2025-11-17T15:49:01.428627Z  INFO prove_core:generate main traces: close time.busy=4.13s time.idle=24.4µs index=98
2025-11-17T15:54:29.808709Z  INFO prove_core:generate main traces: close time.busy=5.36s time.idle=20.5µs index=99
2025-11-17T16:04:15.262283Z  INFO prove_core: clk = 210000000 pc = 0x20123c
2025-11-17T16:04:20.028969Z  INFO prove_core:generate main traces: close time.busy=3.38s time.idle=5.95µs index=100
2025-11-17T16:06:28.621444Z  INFO prove_core:generate main traces: close time.busy=3.83s time.idle=9.07µs index=101
2025-11-17T16:15:20.933723Z  INFO prove_core:generate main traces: close time.busy=7.52s time.idle=6.12µs index=102
2025-11-17T16:24:10.317570Z  INFO prove_core:generate main traces: close time.busy=5.22s time.idle=5.75µs index=103
2025-11-17T16:33:51.846183Z  INFO prove_core: clk = 220000000 pc = 0x201224
2025-11-17T16:34:05.611990Z  INFO prove_core:generate main traces: close time.busy=10.2s time.idle=6.00µs index=104
2025-11-17T16:50:56.203105Z  INFO prove_core:generate main traces: close time.busy=7.06s time.idle=7.11µs index=105
2025-11-17T16:54:22.347816Z  INFO prove_core:generate main traces: close time.busy=4.46s time.idle=5.89µs index=106
