warning: unused import: `keccak::Keccak256Hasher`
 --> crates/pessimistic-proof-core/src/sabv2.rs:2:35
  |
2 | use agglayer_primitives::{Digest, keccak::Keccak256Hasher};
  |                                   ^^^^^^^^^^^^^^^^^^^^^^^
  |
  = note: `#[warn(unused_imports)]` on by default

warning: unused import: `keccak::Keccak256Hasher`
 --> crates/pessimistic-proof-core/src/lmtr2.rs:2:35
  |
2 | use agglayer_primitives::{Digest, keccak::Keccak256Hasher};
  |                                   ^^^^^^^^^^^^^^^^^^^^^^^

warning: unused import: `keccak::Keccak256Hasher`
 --> crates/pessimistic-proof-core/src/sabv3.rs:2:35
  |
2 | use agglayer_primitives::{Digest, keccak::Keccak256Hasher};
  |                                   ^^^^^^^^^^^^^^^^^^^^^^^

warning: unused import: `keccak::Keccak256Hasher`
 --> crates/pessimistic-proof-core/src/lmtr3.rs:2:35
  |
2 | use agglayer_primitives::{Digest, keccak::Keccak256Hasher};
  |                                   ^^^^^^^^^^^^^^^^^^^^^^^

warning: unused import: `keccak::Keccak256Hasher`
 --> crates/pessimistic-proof-core/src/sabv4.rs:2:35
  |
2 | use agglayer_primitives::{Digest, keccak::Keccak256Hasher};
  |                                   ^^^^^^^^^^^^^^^^^^^^^^^

warning: unused import: `keccak::Keccak256Hasher`
 --> crates/pessimistic-proof-core/src/lmtr4.rs:2:35
  |
2 | use agglayer_primitives::{Digest, keccak::Keccak256Hasher};
  |                                   ^^^^^^^^^^^^^^^^^^^^^^^

warning: unused imports: `BridgeExit`, `ImportedBridgeExit`, `NetworkId`, and `TokenInfo`
   --> crates/pessimistic-proof-core/src/lmtr4.rs:245:30
    |
245 |         use unified_bridge::{BridgeExit, ImportedBridgeExit, NetworkId, TokenInfo};
    |                              ^^^^^^^^^^  ^^^^^^^^^^^^^^^^^^  ^^^^^^^^^  ^^^^^^^^^

warning: unused import: `agglayer_primitives::U256`
   --> crates/pessimistic-proof-core/src/lmtr4.rs:247:13
    |
247 |         use agglayer_primitives::U256;
    |             ^^^^^^^^^^^^^^^^^^^^^^^^^

warning: unused import: `crate::nullifier_tree::NullifierPath`
   --> crates/pessimistic-proof-core/src/lmtr4.rs:248:13
    |
248 |         use crate::nullifier_tree::NullifierPath;
    |             ^^^^^^^^^^^^^^^^^^^^^^^^^^^^^^^^^^^^

warning: unused import: `crate::local_balance_tree::LocalBalancePath`
   --> crates/pessimistic-proof-core/src/lmtr4.rs:249:13
    |
249 |         use crate::local_balance_tree::LocalBalancePath;
    |             ^^^^^^^^^^^^^^^^^^^^^^^^^^^^^^^^^^^^^^^^^^^

warning: unused import: `crate::aggchain_proof::AggchainData`
   --> crates/pessimistic-proof-core/src/lmtr4.rs:250:13
    |
250 |         use crate::aggchain_proof::AggchainData;
    |             ^^^^^^^^^^^^^^^^^^^^^^^^^^^^^^^^^^^

warning: unused import: `keccak::Keccak256Hasher`
 --> crates/pessimistic-proof-core/src/sabv5.rs:2:35
  |
2 | use agglayer_primitives::{Digest, keccak::Keccak256Hasher};
  |                                   ^^^^^^^^^^^^^^^^^^^^^^^

warning: unused variable: `branching_factor`
  --> crates/pessimistic-proof-core/src/lmtr.rs:31:9
   |
31 |         branching_factor: usize,
   |         ^^^^^^^^^^^^^^^^ help: if this is intentional, prefix it with an underscore: `_branching_factor`
   |
   = note: `#[warn(unused_variables)]` on by default

warning: unused variable: `block`
  --> crates/pessimistic-proof-core/src/sabv2.rs:72:13
   |
72 |         for block in blocks {
   |             ^^^^^ help: if this is intentional, prefix it with an underscore: `_block`

warning: unused variable: `consensus_result`
  --> crates/pessimistic-proof-core/src/sabv2.rs:79:13
   |
79 |         let consensus_result = self.run_consensus_mechanism(blocks, validator_nodes)?;
   |             ^^^^^^^^^^^^^^^^ help: if this is intentional, prefix it with an underscore: `_consensus_result`

warning: unused variable: `global_root`
  --> crates/pessimistic-proof-core/src/sabv2.rs:63:9
   |
63 |         global_root: &agglayer_primitives::Digest,
   |         ^^^^^^^^^^^ help: if this is intentional, prefix it with an underscore: `_global_root`

warning: unused variable: `computed_hash`
   --> crates/pessimistic-proof-core/src/sabv2.rs:136:13
    |
136 |         let computed_hash = Keccak256::digest(&block_data);
    |             ^^^^^^^^^^^^^ help: if this is intentional, prefix it with an underscore: `_computed_hash`

warning: unused variable: `declared_hash`
   --> crates/pessimistic-proof-core/src/sabv2.rs:139:13
    |
139 |         let declared_hash = self.get_block_declared_hash(block)?;
    |             ^^^^^^^^^^^^^ help: if this is intentional, prefix it with an underscore: `_declared_hash`

warning: unused variable: `block`
   --> crates/pessimistic-proof-core/src/sabv2.rs:229:32
    |
229 |     fn get_block_height(&self, block: &crate::multi_batch_header::MultiBatchHeader<agglayer_primitives::keccak::Keccak256Hasher>) -> Resu...
    |                                ^^^^^ help: if this is intentional, prefix it with an underscore: `_block`

warning: unused variable: `block`
   --> crates/pessimistic-proof-core/src/sabv2.rs:241:39
    |
241 |     fn get_block_declared_hash(&self, block: &crate::multi_batch_header::MultiBatchHeader<agglayer_primitives::keccak::Keccak256Hasher>) ...
    |                                       ^^^^^ help: if this is intentional, prefix it with an underscore: `_block`

warning: unused variable: `block`
   --> crates/pessimistic-proof-core/src/sabv2.rs:247:32
    |
247 |     fn get_block_signer(&self, block: &crate::multi_batch_header::MultiBatchHeader<agglayer_primitives::keccak::Keccak256Hasher>) -> Resu...
    |                                ^^^^^ help: if this is intentional, prefix it with an underscore: `_block`

warning: unused variable: `block`
   --> crates/pessimistic-proof-core/src/sabv2.rs:257:35
    |
257 |     fn get_block_signature(&self, block: &crate::multi_batch_header::MultiBatchHeader<agglayer_primitives::keccak::Keccak256Hasher>) -> R...
    |                                   ^^^^^ help: if this is intentional, prefix it with an underscore: `_block`

warning: unused variable: `hash`
   --> crates/pessimistic-proof-core/src/sabv2.rs:274:13
    |
274 |         let hash = Keccak256::digest(&block_data);
    |             ^^^^ help: if this is intentional, prefix it with an underscore: `_hash`

warning: unused variable: `block`
   --> crates/pessimistic-proof-core/src/sabv2.rs:295:35
    |
295 |     fn estimate_block_size(&self, block: &crate::multi_batch_header::MultiBatchHeader<agglayer_primitives::keccak::Keccak256Hasher>) -> R...
    |                                   ^^^^^ help: if this is intentional, prefix it with an underscore: `_block`

warning: unused variable: `i`
   --> crates/pessimistic-proof-core/src/lmtr2.rs:144:14
    |
144 |         for (i, block) in blocks.iter().enumerate() {
    |              ^ help: if this is intentional, prefix it with an underscore: `_i`

warning: unused variable: `leaf_hash`
   --> crates/pessimistic-proof-core/src/lmtr2.rs:146:17
    |
146 |             let leaf_hash = Keccak256::digest(&block_data);
    |                 ^^^^^^^^^ help: if this is intentional, prefix it with an underscore: `_leaf_hash`

warning: unused variable: `current_efficiency`
   --> crates/pessimistic-proof-core/src/lmtr2.rs:179:13
    |
179 |         let current_efficiency = self.calculate_tree_efficiency(num_blocks, branching_factor)?;
    |             ^^^^^^^^^^^^^^^^^^ help: if this is intentional, prefix it with an underscore: `_current_efficiency`

warning: unused variable: `new_hash`
   --> crates/pessimistic-proof-core/src/lmtr2.rs:229:21
    |
229 |                 let new_hash = Keccak256::digest(&optimized_data);
    |                     ^^^^^^^^ help: if this is intentional, prefix it with an underscore: `_new_hash`

warning: unused variable: `optimal_config`
   --> crates/pessimistic-proof-core/src/lmtr2.rs:217:9
    |
217 |         optimal_config: &OptimalConfig,
    |         ^^^^^^^^^^^^^^ help: if this is intentional, prefix it with an underscore: `_optimal_config`

warning: unused variable: `parent_hash`
   --> crates/pessimistic-proof-core/src/lmtr2.rs:312:21
    |
312 |                 let parent_hash = Keccak256::digest(&parent_data);
    |                     ^^^^^^^^^^^ help: if this is intentional, prefix it with an underscore: `_parent_hash`

warning: unused variable: `tree`
   --> crates/pessimistic-proof-core/src/lmtr2.rs:399:136
    |
399 | ...ves::keccak::Keccak256Hasher>, tree: &MerkleTree) -> Result<crate::multi_batch_header::MultiBatchHeader<agglayer_primitives::keccak::K...
    |                                   ^^^^ help: if this is intentional, prefix it with an underscore: `_tree`

warning: unused variable: `j_star`
   --> crates/pessimistic-proof-core/src/sabv3.rs:306:9
    |
306 |         j_star: usize,
    |         ^^^^^^ help: if this is intentional, prefix it with an underscore: `_j_star`

warning: unused variable: `j_star`
   --> crates/pessimistic-proof-core/src/sabv4.rs:496:9
    |
496 |         j_star: usize,
    |         ^^^^^^ help: if this is intentional, prefix it with an underscore: `_j_star`

warning: unused variable: `expected_root`
   --> crates/pessimistic-proof-core/src/sabv4.rs:603:72
    |
603 | ...mputed_root: &Digest, expected_root: &agglayer_primitives::Digest, signature: &agglayer_primitives::Signature, signer: &agglayer_primi...
    |                          ^^^^^^^^^^^^^ help: if this is intentional, prefix it with an underscore: `_expected_root`

warning: unused variable: `expected_bytes`
   --> crates/pessimistic-proof-core/src/sabv4.rs:744:56
    |
744 |     fn verify_hash_chain(&self, computed_bytes: &[u8], expected_bytes: &[u8]) -> Result<bool, ProofError> {
    |                                                        ^^^^^^^^^^^^^^ help: if this is intentional, prefix it with an underscore: `_expected_bytes`

warning: unused variable: `global_root`
   --> crates/pessimistic-proof-core/src/sabv5.rs:138:9
    |
138 |         global_root: &agglayer_primitives::Digest,
    |         ^^^^^^^^^^^ help: if this is intentional, prefix it with an underscore: `_global_root`

warning: value assigned to `local_trees` is never read
   --> crates/pessimistic-proof-core/src/sabv5.rs:702:17
    |
702 |         let mut local_trees = Vec::new();
    |                 ^^^^^^^^^^^
    |
    = help: maybe it is overwritten before being read?
    = note: `#[warn(unused_assignments)]` on by default

warning: unused variable: `j_star`
   --> crates/pessimistic-proof-core/src/sabv5.rs:699:9
    |
699 |         j_star: usize,
    |         ^^^^^^ help: if this is intentional, prefix it with an underscore: `_j_star`

warning: unused variable: `expected_root`
   --> crates/pessimistic-proof-core/src/sabv5.rs:822:72
    |
822 | ...mputed_root: &Digest, expected_root: &agglayer_primitives::Digest, signature: &agglayer_primitives::Signature, signer: &agglayer_primi...
    |                          ^^^^^^^^^^^^^ help: if this is intentional, prefix it with an underscore: `_expected_root`

warning: unused variable: `expected_bytes`
   --> crates/pessimistic-proof-core/src/sabv5.rs:963:56
    |
963 |     fn verify_hash_chain(&self, computed_bytes: &[u8], expected_bytes: &[u8]) -> Result<bool, ProofError> {
    |                                                        ^^^^^^^^^^^^^^ help: if this is intentional, prefix it with an underscore: `_expected_bytes`

warning: field `config` is never read
  --> crates/pessimistic-proof-core/src/sabv.rs:13:5
   |
12 | pub struct SabvAlgorithm {
   |            ------------- field in this struct
13 |     config: SabvConfig,
   |     ^^^^^^
   |
   = note: `SabvAlgorithm` has derived impls for the traits `Clone` and `Debug`, but these are intentionally ignored during dead code analysis
   = note: `#[warn(dead_code)]` on by default

warning: field `config` is never read
  --> crates/pessimistic-proof-core/src/lmtr.rs:12:5
   |
11 | pub struct LmtrAlgorithm {
   |            ------------- field in this struct
12 |     config: LmtrConfig,
   |     ^^^^^^
   |
   = note: `LmtrAlgorithm` has derived impls for the traits `Clone` and `Debug`, but these are intentionally ignored during dead code analysis

warning: fields `config` and `consensus_messages` are never read
  --> crates/pessimistic-proof-core/src/sabv2.rs:34:5
   |
33 | pub struct Sabv2Algorithm {
   |            -------------- fields in this struct
34 |     config: Sabv2Config,
   |     ^^^^^^
35 |     validators: Vec<ValidatorNode>,
36 |     consensus_messages: HashMap<Digest, Vec<ConsensusMessage>>,
   |     ^^^^^^^^^^^^^^^^^^
   |
   = note: `Sabv2Algorithm` has derived impls for the traits `Clone` and `Debug`, but these are intentionally ignored during dead code analysis

warning: multiple methods are never used
   --> crates/pessimistic-proof-core/src/sabv2.rs:89:8
    |
 39 | impl Sabv2Algorithm {
    | ------------------- methods in this implementation
...
 89 |     fn validate_block_cryptography(
    |        ^^^^^^^^^^^^^^^^^^^^^^^^^^^
...
112 |     fn verify_merkle_tree_structure(
    |        ^^^^^^^^^^^^^^^^^^^^^^^^^^^^
...
130 |     fn verify_hash_integrity(
    |        ^^^^^^^^^^^^^^^^^^^^^
...
149 |     fn verify_signature_validity(
    |        ^^^^^^^^^^^^^^^^^^^^^^^^^
...
204 |     fn verify_consensus_threshold(
    |        ^^^^^^^^^^^^^^^^^^^^^^^^^^
...
222 |     fn calculate_optimal_height(&self, block: &crate::multi_batch_header::MultiBatchHeader<agglayer_primitives::keccak::Keccak256Hasher>)...
    |        ^^^^^^^^^^^^^^^^^^^^^^^^
...
229 |     fn get_block_height(&self, block: &crate::multi_batch_header::MultiBatchHeader<agglayer_primitives::keccak::Keccak256Hasher>) -> Resu...
    |        ^^^^^^^^^^^^^^^^
...
241 |     fn get_block_declared_hash(&self, block: &crate::multi_batch_header::MultiBatchHeader<agglayer_primitives::keccak::Keccak256Hasher>) ...
    |        ^^^^^^^^^^^^^^^^^^^^^^^
...
247 |     fn get_block_signer(&self, block: &crate::multi_batch_header::MultiBatchHeader<agglayer_primitives::keccak::Keccak256Hasher>) -> Resu...
    |        ^^^^^^^^^^^^^^^^
...
252 |     fn get_block_message(&self, block: &crate::multi_batch_header::MultiBatchHeader<agglayer_primitives::keccak::Keccak256Hasher>) -> Res...
    |        ^^^^^^^^^^^^^^^^^
...
257 |     fn get_block_signature(&self, block: &crate::multi_batch_header::MultiBatchHeader<agglayer_primitives::keccak::Keccak256Hasher>) -> R...
    |        ^^^^^^^^^^^^^^^^^^^
...
262 |     fn compute_expected_signature(&self, signer: &str, message: &[u8]) -> Result<String, ProofError> {
    |        ^^^^^^^^^^^^^^^^^^^^^^^^^^
...
295 |     fn estimate_block_size(&self, block: &crate::multi_batch_header::MultiBatchHeader<agglayer_primitives::keccak::Keccak256Hasher>) -> R...
    |        ^^^^^^^^^^^^^^^^^^^

warning: field `tree_cache` is never read
  --> crates/pessimistic-proof-core/src/lmtr2.rs:53:5
   |
51 | pub struct Lmtr2Algorithm {
   |            -------------- field in this struct
52 |     config: Lmtr2Config,
53 |     tree_cache: HashMap<Digest, MerkleTree>,
   |     ^^^^^^^^^^
   |
   = note: `Lmtr2Algorithm` has derived impls for the traits `Clone` and `Debug`, but these are intentionally ignored during dead code analysis

warning: fields `branching_factor` and `rebalancing_cost` are never read
   --> crates/pessimistic-proof-core/src/lmtr2.rs:415:5
    |
413 | struct OptimalConfig {
    |        ------------- fields in this struct
414 |     optimal_height: usize,
415 |     branching_factor: usize,
    |     ^^^^^^^^^^^^^^^^
416 |     expected_efficiency: f64,
417 |     rebalancing_cost: u64,
    |     ^^^^^^^^^^^^^^^^
    |
    = note: `OptimalConfig` has derived impls for the traits `Clone` and `Debug`, but these are intentionally ignored during dead code analysis

warning: field `validators` is never read
  --> crates/pessimistic-proof-core/src/sabv3.rs:41:5
   |
39 | pub struct Sabv3Algorithm {
   |            -------------- field in this struct
40 |     config: Sabv3Config,
41 |     validators: Vec<ValidatorNode>,
   |     ^^^^^^^^^^
   |
   = note: `Sabv3Algorithm` has derived impls for the traits `Clone` and `Debug`, but these are intentionally ignored during dead code analysis

warning: struct `BlockchainMerkleProof` is never constructed
  --> crates/pessimistic-proof-core/src/sabv4.rs:38:8
   |
38 | struct BlockchainMerkleProof {
   |        ^^^^^^^^^^^^^^^^^^^^^

warning: fields `shard_index` and `round` are never read
  --> crates/pessimistic-proof-core/src/sabv4.rs:50:9
   |
47 | struct MPCShareMessage {
   |        --------------- fields in this struct
...
50 |     pub shard_index: usize,
   |         ^^^^^^^^^^^
51 |     pub share: (f64, f64), // (x, y) = share point
52 |     pub round: u64,
   |         ^^^^^
   |
   = note: `MPCShareMessage` has derived impls for the traits `Clone` and `Debug`, but these are intentionally ignored during dead code analysis

warning: field `consensus_reached` is never read
  --> crates/pessimistic-proof-core/src/sabv4.rs:60:9
   |
57 | struct MPCNetworkState {
   |        --------------- field in this struct
...
60 |     pub consensus_reached: bool,
   |         ^^^^^^^^^^^^^^^^^
   |
   = note: `MPCNetworkState` has a derived impl for the trait `Debug`, but this is intentionally ignored during dead code analysis

warning: field `validators` is never read
  --> crates/pessimistic-proof-core/src/sabv4.rs:67:5
   |
65 | pub struct Sabv4Algorithm {
   |            -------------- field in this struct
66 |     config: Sabv4Config,
67 |     validators: Vec<ValidatorNode>,
   |     ^^^^^^^^^^
   |
   = note: `Sabv4Algorithm` has a derived impl for the trait `Debug`, but this is intentionally ignored during dead code analysis

warning: multiple methods are never used
    --> crates/pessimistic-proof-core/src/sabv4.rs:493:8
     |
  71 | impl Sabv4Algorithm {
     | ------------------- methods in this implementation
...
 493 |     fn construct_local_cc_mbmt(
     |        ^^^^^^^^^^^^^^^^^^^^^^^
...
 564 |     fn verify_integrity_with_blocks(&self, computed_root: &Digest, expected_root: &agglayer_primitives::Digest, blocks: &[crate::multi_ba...
     |        ^^^^^^^^^^^^^^^^^^^^^^^^^^^^
...
 603 |     fn verify_blockchain_signature_real(&self, computed_root: &Digest, expected_root: &agglayer_primitives::Digest, signature: &agglayer_...
     |        ^^^^^^^^^^^^^^^^^^^^^^^^^^^^^^^^
...
 618 |     fn extract_blockchain_public_key(&self, computed_bytes: &[u8]) -> Result<Vec<u8>, ProofError> {
     |        ^^^^^^^^^^^^^^^^^^^^^^^^^^^^^
...
 629 |     fn validate_blockchain_signature(&self, signature: &[u8], public_key: &[u8]) -> Result<bool, ProofError> {
     |        ^^^^^^^^^^^^^^^^^^^^^^^^^^^^^
...
 648 |     fn verify_merkle_proof(&self, computed_root: &Digest, expected_root: &agglayer_primitives::Digest) -> Result<bool, ProofError> {
     |        ^^^^^^^^^^^^^^^^^^^
...
 682 |     fn extract_blockchain_merkle_proof(&self, computed_root: &Digest, expected_root: &agglayer_primitives::Digest) -> Result<BlockchainMe...
     |        ^^^^^^^^^^^^^^^^^^^^^^^^^^^^^^^
...
 717 |     fn validate_blockchain_proof(&self, proof: &BlockchainMerkleProof) -> Result<bool, ProofError> {
     |        ^^^^^^^^^^^^^^^^^^^^^^^^^
...
 744 |     fn verify_hash_chain(&self, computed_bytes: &[u8], expected_bytes: &[u8]) -> Result<bool, ProofError> {
     |        ^^^^^^^^^^^^^^^^^
...
 772 |     fn verify_timestamp_freshness(&self) -> Result<bool, ProofError> {
     |        ^^^^^^^^^^^^^^^^^^^^^^^^^^
...
 784 |     fn verify_nonce_uniqueness(&self, computed_bytes: &[u8], expected_bytes: &[u8]) -> Result<bool, ProofError> {
     |        ^^^^^^^^^^^^^^^^^^^^^^^
...
 814 |     fn verify_zero_knowledge_proof(&self, computed_root: &Digest, expected_root: &agglayer_primitives::Digest) -> Result<bool, ProofError> {
     |        ^^^^^^^^^^^^^^^^^^^^^^^^^^^
...
 853 |     fn calculate_signature_strength(&self, signature_bytes: &[u8]) -> f64 {
     |        ^^^^^^^^^^^^^^^^^^^^^^^^^^^^
...
 950 |     fn calculate_entropy(&self, data: &[u8]) -> f64 {
     |        ^^^^^^^^^^^^^^^^^
...
 970 |     fn compute_shard_hash(&self, blocks: &[crate::multi_batch_header::MultiBatchHeader<agglayer_primitives::keccak::Keccak256Hasher>]) ->...
     |        ^^^^^^^^^^^^^^^^^^
...
1037 |     fn build_merkle_tree(&self, blocks: &[crate::multi_batch_header::MultiBatchHeader<agglayer_primitives::keccak::Keccak256Hasher>], b: ...
     |        ^^^^^^^^^^^^^^^^^
...
1104 |     fn calculate_tree_height(&self, num_blocks: usize, b: usize) -> usize {
     |        ^^^^^^^^^^^^^^^^^^^^^
...
1113 |     fn compute_root_from_blocks(
     |        ^^^^^^^^^^^^^^^^^^^^^^^^

warning: method `reconstruct_block_from_bytes` is never used
   --> crates/pessimistic-proof-core/src/lmtr4.rs:241:8
    |
 27 | impl Lmtr4Algorithm {
    | ------------------- method in this implementation
...
241 |     fn reconstruct_block_from_bytes(&self, bytes: &[u8]) -> Result<crate::multi_batch_header::MultiBatchHeader<agglayer_primitives::kecca...
    |        ^^^^^^^^^^^^^^^^^^^^^^^^^^^^

warning: struct `BlockchainMerkleProof` is never constructed
  --> crates/pessimistic-proof-core/src/sabv5.rs:48:8
   |
48 | struct BlockchainMerkleProof {
   |        ^^^^^^^^^^^^^^^^^^^^^

warning: fields `shard_index` and `round` are never read
  --> crates/pessimistic-proof-core/src/sabv5.rs:60:9
   |
57 | struct MPCShareMessage {
   |        --------------- fields in this struct
...
60 |     pub shard_index: usize,
   |         ^^^^^^^^^^^
61 |     pub share: (f64, f64), // (x, y) = share point
62 |     pub round: u64,
   |         ^^^^^
   |
   = note: `MPCShareMessage` has derived impls for the traits `Clone` and `Debug`, but these are intentionally ignored during dead code analysis

warning: field `consensus_reached` is never read
  --> crates/pessimistic-proof-core/src/sabv5.rs:70:9
   |
67 | struct MPCNetworkState {
   |        --------------- field in this struct
...
70 |     pub consensus_reached: bool,
   |         ^^^^^^^^^^^^^^^^^
   |
   = note: `MPCNetworkState` has a derived impl for the trait `Debug`, but this is intentionally ignored during dead code analysis

warning: field `validators` is never read
  --> crates/pessimistic-proof-core/src/sabv5.rs:77:5
   |
75 | pub struct Sabv5Algorithm {
   |            -------------- field in this struct
76 |     config: Sabv5Config,
77 |     validators: Vec<ValidatorNode>,
   |     ^^^^^^^^^^
   |
   = note: `Sabv5Algorithm` has a derived impl for the trait `Debug`, but this is intentionally ignored during dead code analysis

warning: multiple methods are never used
    --> crates/pessimistic-proof-core/src/sabv5.rs:696:8
     |
  81 | impl Sabv5Algorithm {
     | ------------------- methods in this implementation
...
 696 |     fn construct_local_cc_mbmt(
     |        ^^^^^^^^^^^^^^^^^^^^^^^
...
 774 |     fn verify_integrity_with_blocks(&self, computed_root: &Digest, expected_root: &agglayer_primitives::Digest, blocks: &[crate::multi_ba...
     |        ^^^^^^^^^^^^^^^^^^^^^^^^^^^^
...
 822 |     fn verify_blockchain_signature_real(&self, computed_root: &Digest, expected_root: &agglayer_primitives::Digest, signature: &agglayer_...
     |        ^^^^^^^^^^^^^^^^^^^^^^^^^^^^^^^^
...
 837 |     fn extract_blockchain_public_key(&self, computed_bytes: &[u8]) -> Result<Vec<u8>, ProofError> {
     |        ^^^^^^^^^^^^^^^^^^^^^^^^^^^^^
...
 848 |     fn validate_blockchain_signature(&self, signature: &[u8], public_key: &[u8]) -> Result<bool, ProofError> {
     |        ^^^^^^^^^^^^^^^^^^^^^^^^^^^^^
...
 867 |     fn verify_merkle_proof(&self, computed_root: &Digest, expected_root: &agglayer_primitives::Digest) -> Result<bool, ProofError> {
     |        ^^^^^^^^^^^^^^^^^^^
...
 901 |     fn extract_blockchain_merkle_proof(&self, computed_root: &Digest, expected_root: &agglayer_primitives::Digest) -> Result<BlockchainMe...
     |        ^^^^^^^^^^^^^^^^^^^^^^^^^^^^^^^
...
 936 |     fn validate_blockchain_proof(&self, proof: &BlockchainMerkleProof) -> Result<bool, ProofError> {
     |        ^^^^^^^^^^^^^^^^^^^^^^^^^
...
 963 |     fn verify_hash_chain(&self, computed_bytes: &[u8], expected_bytes: &[u8]) -> Result<bool, ProofError> {
     |        ^^^^^^^^^^^^^^^^^
...
 991 |     fn verify_timestamp_freshness(&self) -> Result<bool, ProofError> {
     |        ^^^^^^^^^^^^^^^^^^^^^^^^^^
...
1003 |     fn verify_nonce_uniqueness(&self, computed_bytes: &[u8], expected_bytes: &[u8]) -> Result<bool, ProofError> {
     |        ^^^^^^^^^^^^^^^^^^^^^^^
...
1033 |     fn verify_zero_knowledge_proof(&self, computed_root: &Digest, expected_root: &agglayer_primitives::Digest) -> Result<bool, ProofError> {
     |        ^^^^^^^^^^^^^^^^^^^^^^^^^^^
...
1072 |     fn calculate_signature_strength(&self, signature_bytes: &[u8]) -> f64 {
     |        ^^^^^^^^^^^^^^^^^^^^^^^^^^^^
...
1169 |     fn calculate_entropy(&self, data: &[u8]) -> f64 {
     |        ^^^^^^^^^^^^^^^^^
...
1261 |     fn build_merkle_tree(&self, blocks: &[crate::multi_batch_header::MultiBatchHeader<agglayer_primitives::keccak::Keccak256Hasher>], b: ...
     |        ^^^^^^^^^^^^^^^^^
...
1328 |     fn calculate_tree_height(&self, num_blocks: usize, b: usize) -> usize {
     |        ^^^^^^^^^^^^^^^^^^^^^
...
1349 |     fn compute_root_from_blocks(
     |        ^^^^^^^^^^^^^^^^^^^^^^^^

warning: `pessimistic-proof-core` (lib) generated 58 warnings (run `cargo fix --lib -p pessimistic-proof-core` to apply 12 suggestions)
warning: unused import: `rayon::ThreadPoolBuilder`
 --> crates/pessimistic-proof-test-suite/src/bin/ppgen_sabv_lmtr5.rs:6:5
  |
6 | use rayon::ThreadPoolBuilder;
  |     ^^^^^^^^^^^^^^^^^^^^^^^^
  |
  = note: `#[warn(unused_imports)]` on by default

warning: value assigned to `current_state` is never read
   --> crates/pessimistic-proof-test-suite/src/bin/ppgen_sabv_lmtr5.rs:133:9
    |
133 |         current_state = block_state.state_b.clone();
    |         ^^^^^^^^^^^^^
    |
    = help: maybe it is overwritten before being read?
    = note: `#[warn(unused_assignments)]` on by default

warning: unused variable: `vk`
   --> crates/pessimistic-proof-test-suite/src/bin/ppgen_sabv_lmtr5.rs:294:24
    |
294 |             Ok((proof, vk, new_roots)) => {
    |                        ^^ help: if this is intentional, prefix it with an underscore: `_vk`
    |
    = note: `#[warn(unused_variables)]` on by default

warning: unused variable: `new_roots`
   --> crates/pessimistic-proof-test-suite/src/bin/ppgen_sabv_lmtr5.rs:294:28
    |
294 |             Ok((proof, vk, new_roots)) => {
    |                            ^^^^^^^^^ help: if this is intentional, prefix it with an underscore: `_new_roots`

warning: variable does not need to be mutable
  --> crates/pessimistic-proof-test-suite/src/bin/ppgen_sabv_lmtr5.rs:72:9
   |
72 |     let mut state = data::sample_state_00();
   |         ----^^^^^
   |         |
   |         help: remove this `mut`
   |
   = note: `#[warn(unused_mut)]` on by default

warning: `pessimistic-proof-test-suite` (bin "ppgen_sabv_lmtr5") generated 5 warnings (run `cargo fix --bin "ppgen_sabv_lmtr5"` to apply 2 suggestions)
    Finished `release` profile [optimized] target(s) in 0.99s
     Running `target/release/ppgen_sabv_lmtr5 --n-exits 500 --validator-nodes 5 --proof-dir /home/ubuntu/thanhhuyen/proofs/v5/n500_run1`
🔍 SABV5: Starting Algorithm 1 - Verify Aggregated Blocks Integrity
   Input: N=500 blocks, branching_factor=3, validators=5
   📐 Optimal height calculation: log_3(500) + 1 = 7
🎯 V5: Calculated optimal htarget = 7 for N=500, b=3
📊 Computed expected root from 500 ORIGINAL blocks (before rebalancing): bd63656bf1a1e37023fd1c839a7511318400314c6cc220078f9226ac80d5d5c5 (height=7)
📊 SABV5: Calculated j* = 6 with variance = 0.0000
✅ Step 1: Optimal sharding size j* = 6 (shard_size = 3^6 = 729)
📦 SABV5: Created 1 shards (0 full + 1 remainder)
✅ Step 2: Partitioned 500 blocks into 1 shards (shard_size = 729)
📡 SABV5: REAL MPC Network - 5 validators broadcast shares, 5 received sufficient shares
🔐 SABV5: REAL Shamir secret sharing - Secret: 0.933316, Reconstructed: 0.933316, Match: true
   Polynomial degree: 2, Shares: 5, Threshold: 3/5
   Validator 4 assigned with share value: -0.061076
✅ Step 3: Secret sharing applied (threshold k=3/5)
📊 Step 4: Rebalancing shards with LMTR4 (Algorithm 2)...
🔧 LMTR4: Starting Algorithm 2 rebalancing for 500 blocks
📊 LMTR4: Initial state - Ni = 500, b = 3, htarget = 7
🔄 LMTR4: Fixed branch imbalance by appending last block - Ni = 501
✅ LMTR4: Rebalancing complete - Final Ni = 501, height = 7
   ✅ Shard 0 (validator 4) - 500 → 501 blocks, height=7
🌳 Step 5a: Building REAL Local CC-MBMT from rebalanced blocks...
   ✅ Validator 4 built REAL local CC-MBMT (shard 0) - 501 blocks → tree height=7
🔗 SABV5: Merged 1 local CC-MBMTs into global CC-MBMT using REAL tree structure
✅ Step 5b: Merged 1 local CC-MBMTs into global root r
✅ Step 6: Computed alternative root r' (from rebalanced blocks) using SAME Merkle tree method as Step 5a
   Using 501 rebalanced blocks, tree height=7
✅ Step 6b: Using r' (from original blocks) = expected_root_from_original_blocks for CHECK 2
🔐 Step 7: Verifying integrity and detecting fraud...
   r  (from merged local trees, rebalanced): 4d8d478d83614f2deab8014875e0de43d531b8869438d12cd2b4ff06d018f142
   r' (from all rebalanced blocks):           4d8d478d83614f2deab8014875e0de43d531b8869438d12cd2b4ff06d018f142
   r' (from original blocks):                 bd63656bf1a1e37023fd1c839a7511318400314c6cc220078f9226ac80d5d5c5
   Note: r' (from original) will be compared with r (from rebalanced) in CHECK 2
   ✅ Check 1: r == r' (from rebalanced blocks)? true (internal consistency)
   📊 Block counts: original=500, rebalanced=501
   🔍 Check 2 (rebalancing changed block count):
      • Unique blocks in rebalanced: 500
      • Original blocks: 500
      • All original blocks present: true
      • No extra blocks: true
      • Content preserved: true
   ✅ Check 2: Content preserved (only structure changed) - PASSED
✅ SABV5: Verification PASSED - All checks passed
   ✅ Check 1: r == r' (from rebalanced blocks) - internal consistency verified
   ✅ Check 2: r' (from original blocks) == r (from rebalanced blocks) - rebalancing integrity verified
   ✅ Algorithm integrity: SABV5 + LMTR4 working as designed
   ✅ No fraud detected - blocks are consistent and rebalancing preserved content
2025-11-12T22:08:18.285208Z  INFO prove_core: clk = 0 pc = 0x201504
2025-11-12T22:08:18.467874Z  INFO prove_core: clk = 0 pc = 0x201504
2025-11-12T22:08:18.917606Z  INFO prove_core: clk = 10000000 pc = 0x20885c
2025-11-12T22:08:19.510784Z  INFO prove_core: clk = 20000000 pc = 0x205a38
2025-11-12T22:08:20.233825Z  INFO prove_core: clk = 30000000 pc = 0x2043d0
2025-11-12T22:08:20.518656Z  INFO prove_core:generate main traces: close time.busy=722ms time.idle=5.78µs index=0
2025-11-12T22:08:20.852371Z  INFO prove_core: clk = 40000000 pc = 0x2060cc
2025-11-12T22:08:21.452078Z  INFO prove_core: clk = 50000000 pc = 0x205f04
2025-11-12T22:08:22.242578Z  INFO prove_core: clk = 60000000 pc = 0x2011f0
2025-11-12T22:08:22.384429Z  INFO prove_core:generate main traces: close time.busy=598ms time.idle=7.20µs index=1
2025-11-12T22:08:22.893079Z  INFO prove_core: clk = 70000000 pc = 0x231250
2025-11-12T22:08:23.647939Z  INFO prove_core: clk = 80000000 pc = 0x201234
2025-11-12T22:08:24.336259Z  INFO prove_core: clk = 90000000 pc = 0x231254
2025-11-12T22:08:24.391263Z  INFO prove_core:generate main traces: close time.busy=600ms time.idle=6.45µs index=2
2025-11-12T22:08:24.945616Z  INFO prove_core: clk = 100000000 pc = 0x2313c8
2025-11-12T22:08:25.588601Z  INFO prove_core: clk = 110000000 pc = 0x201238
2025-11-12T22:08:26.176518Z  INFO prove_core: clk = 120000000 pc = 0x2013d8
2025-11-12T22:08:26.763987Z  INFO prove_core: clk = 130000000 pc = 0x231250
2025-11-12T22:08:27.400456Z  INFO prove_core: clk = 140000000 pc = 0x201098
2025-11-12T22:08:29.109928Z  INFO prove_core: clk = 150000000 pc = 0x201228
2025-11-12T22:08:29.702672Z  INFO prove_core: clk = 160000000 pc = 0x2010e4
2025-11-12T22:08:30.293538Z  INFO prove_core: clk = 170000000 pc = 0x23124c
2025-11-12T22:08:30.882069Z  INFO prove_core: clk = 180000000 pc = 0x2312b4
2025-11-12T22:12:54.553758Z  INFO prove_core:generate main traces: close time.busy=663ms time.idle=5.88µs index=3
2025-11-12T22:17:18.554546Z  INFO prove_core: clk = 10000000 pc = 0x20885c
2025-11-12T22:17:19.708937Z  INFO prove_core:generate main traces: close time.busy=694ms time.idle=7.16µs index=4
2025-11-12T22:21:47.206859Z  INFO prove_core:generate main traces: close time.busy=608ms time.idle=6.26µs index=5
2025-11-12T22:26:15.187250Z  INFO prove_core:generate main traces: close time.busy=695ms time.idle=7.10µs index=6
2025-11-12T22:30:42.067355Z  INFO prove_core:generate main traces: close time.busy=624ms time.idle=7.65µs index=7
2025-11-12T22:35:07.319357Z  INFO prove_core:generate main traces: close time.busy=749ms time.idle=7.81µs index=8
2025-11-12T22:39:31.375379Z  INFO prove_core: clk = 20000000 pc = 0x205a38
2025-11-12T22:39:32.784238Z  INFO prove_core:generate main traces: close time.busy=681ms time.idle=6.85µs index=9
2025-11-12T22:43:55.530154Z  INFO prove_core:generate main traces: close time.busy=629ms time.idle=8.12µs index=10
2025-11-12T22:48:21.908292Z  INFO prove_core:generate main traces: close time.busy=679ms time.idle=8.26µs index=11
2025-11-12T22:52:45.808082Z  INFO prove_core:generate main traces: close time.busy=612ms time.idle=8.48µs index=12
2025-11-12T22:57:14.012327Z  INFO prove_core:generate main traces: close time.busy=668ms time.idle=7.65µs index=13
2025-11-12T23:01:35.910417Z  INFO prove_core: clk = 30000000 pc = 0x2043d0
2025-11-12T23:01:37.560568Z  INFO prove_core:generate main traces: close time.busy=651ms time.idle=7.45µs index=14
2025-11-12T23:06:03.540018Z  INFO prove_core:generate main traces: close time.busy=591ms time.idle=7.73µs index=15
2025-11-12T23:10:26.876608Z  INFO prove_core:generate main traces: close time.busy=668ms time.idle=6.85µs index=16
2025-11-12T23:14:51.979364Z  INFO prove_core:generate main traces: close time.busy=611ms time.idle=7.76µs index=17
2025-11-12T23:19:17.058469Z  INFO prove_core:generate main traces: close time.busy=557ms time.idle=7.66µs index=18
2025-11-12T23:23:39.199187Z  INFO prove_core: clk = 40000000 pc = 0x2060cc
2025-11-12T23:23:41.103835Z  INFO prove_core:generate main traces: close time.busy=626ms time.idle=7.53µs index=19
2025-11-12T23:28:04.527306Z  INFO prove_core:generate main traces: close time.busy=611ms time.idle=8.62µs index=20
2025-11-12T23:32:30.417550Z  INFO prove_core:generate main traces: close time.busy=673ms time.idle=8.32µs index=21
2025-11-12T23:36:55.884219Z  INFO prove_core:generate main traces: close time.busy=577ms time.idle=7.60µs index=22
2025-11-12T23:41:19.602885Z  INFO prove_core: clk = 50000000 pc = 0x205f04
2025-11-12T23:41:20.632868Z  INFO prove_core:generate main traces: close time.busy=611ms time.idle=6.71µs index=23
2025-11-12T23:45:45.709686Z  INFO prove_core:generate main traces: close time.busy=618ms time.idle=8.47µs index=24
2025-11-12T23:50:09.710538Z  INFO prove_core:generate main traces: close time.busy=705ms time.idle=7.89µs index=25
2025-11-12T23:54:33.665757Z  INFO prove_core:generate main traces: close time.busy=680ms time.idle=7.11µs index=26
2025-11-12T23:58:59.341079Z  INFO prove_core:generate main traces: close time.busy=700ms time.idle=8.99µs index=27
2025-11-13T00:03:23.684790Z  INFO prove_core: clk = 60000000 pc = 0x2011f0
2025-11-13T00:03:25.125460Z  INFO prove_core:generate main traces: close time.busy=647ms time.idle=8.38µs index=28
2025-11-13T00:07:47.216168Z  INFO prove_core:generate main traces: close time.busy=649ms time.idle=7.32µs index=29
2025-11-13T00:12:13.033314Z  INFO prove_core:generate main traces: close time.busy=600ms time.idle=7.32µs index=30
2025-11-13T00:16:38.060830Z  INFO prove_core:generate main traces: close time.busy=572ms time.idle=7.62µs index=31
2025-11-13T00:21:02.022927Z  INFO prove_core:generate main traces: close time.busy=653ms time.idle=7.16µs index=32
2025-11-13T00:25:25.329058Z  INFO prove_core: clk = 70000000 pc = 0x231250
2025-11-13T00:25:29.838725Z  INFO prove_core:generate main traces: close time.busy=3.37s time.idle=8.01µs index=33
2025-11-13T00:34:21.963491Z  INFO prove_core:generate main traces: close time.busy=2.75s time.idle=7.85µs index=34
2025-11-13T00:39:43.303336Z  INFO prove_core:generate main traces: close time.busy=3.76s time.idle=6.94µs index=35
2025-11-13T00:45:12.033577Z  INFO prove_core:generate main traces: close time.busy=3.54s time.idle=8.82µs index=36
2025-11-13T00:50:38.121856Z  INFO prove_core:generate main traces: close time.busy=3.59s time.idle=8.43µs index=37
2025-11-13T00:55:59.771356Z  INFO prove_core: clk = 80000000 pc = 0x201234
2025-11-13T00:56:07.512139Z  INFO prove_core:generate main traces: close time.busy=5.87s time.idle=7.37µs index=38
2025-11-13T01:06:00.704838Z  INFO prove_core:generate main traces: close time.busy=3.21s time.idle=8.08µs index=39
2025-11-13T01:08:07.479231Z  INFO prove_core:generate main traces: close time.busy=3.26s time.idle=7.93µs index=40
2025-11-13T01:13:33.384026Z  INFO prove_core:generate main traces: close time.busy=3.61s time.idle=7.26µs index=41
2025-11-13T01:18:59.097482Z  INFO prove_core: clk = 90000000 pc = 0x231254
2025-11-13T01:19:05.922172Z  INFO prove_core:generate main traces: close time.busy=5.63s time.idle=8.36µs index=42
2025-11-13T01:28:56.425895Z  INFO prove_core:generate main traces: close time.busy=3.54s time.idle=9.15µs index=43
2025-11-13T01:31:03.838845Z  INFO prove_core:generate main traces: close time.busy=3.44s time.idle=7.09µs index=44
2025-11-13T01:36:31.641145Z  INFO prove_core:generate main traces: close time.busy=2.95s time.idle=6.83µs index=45
2025-11-13T01:42:02.679068Z  INFO prove_core:generate main traces: close time.busy=5.51s time.idle=30.5µs index=46
2025-11-13T01:51:48.157439Z  INFO prove_core: clk = 100000000 pc = 0x2313c8
2025-11-13T01:51:52.192395Z  INFO prove_core:generate main traces: close time.busy=3.20s time.idle=7.66µs index=47
2025-11-13T01:53:59.781331Z  INFO prove_core:generate main traces: close time.busy=3.38s time.idle=6.96µs index=48
2025-11-13T01:59:28.618713Z  INFO prove_core:generate main traces: close time.busy=3.25s time.idle=7.70µs index=49
2025-11-13T02:04:59.659575Z  INFO prove_core:generate main traces: close time.busy=5.49s time.idle=6.80µs index=50
2025-11-13T02:14:48.023070Z  INFO prove_core:generate main traces: close time.busy=3.65s time.idle=8.06µs index=51
2025-11-13T02:16:49.623657Z  INFO prove_core: clk = 110000000 pc = 0x201238
2025-11-13T02:16:54.490248Z  INFO prove_core:generate main traces: close time.busy=3.70s time.idle=6.80µs index=52
2025-11-13T02:22:23.943120Z  INFO prove_core:generate main traces: close time.busy=3.73s time.idle=6.18µs index=53
2025-11-13T02:27:50.270870Z  INFO prove_core:generate main traces: close time.busy=3.56s time.idle=8.52µs index=54
2025-11-13T02:33:21.101937Z  INFO prove_core:generate main traces: close time.busy=5.36s time.idle=7.64µs index=55
2025-11-13T02:43:13.248308Z  INFO prove_core:generate main traces: close time.busy=3.66s time.idle=8.45µs index=56
2025-11-13T02:45:16.570851Z  INFO prove_core: clk = 120000000 pc = 0x2013d8
2025-11-13T02:45:21.723457Z  INFO prove_core:generate main traces: close time.busy=3.82s time.idle=6.78µs index=57
2025-11-13T02:50:46.885295Z  INFO prove_core:generate main traces: close time.busy=3.27s time.idle=7.18µs index=58
2025-11-13T02:56:20.052596Z  INFO prove_core:generate main traces: close time.busy=5.93s time.idle=8.29µs index=59
2025-11-13T03:06:13.076893Z  INFO prove_core:generate main traces: close time.busy=3.46s time.idle=8.84µs index=60
2025-11-13T03:08:17.197279Z  INFO prove_core: clk = 130000000 pc = 0x231250
2025-11-13T03:08:21.502902Z  INFO prove_core:generate main traces: close time.busy=3.70s time.idle=6.88µs index=61
2025-11-13T03:13:51.684584Z  INFO prove_core:generate main traces: close time.busy=3.54s time.idle=8.35µs index=62
2025-11-13T03:19:24.399830Z  INFO prove_core:generate main traces: close time.busy=5.39s time.idle=8.41µs index=63
2025-11-13T03:29:18.304584Z  INFO prove_core:generate main traces: close time.busy=3.80s time.idle=7.71µs index=64
2025-11-13T03:31:26.423515Z  INFO prove_core:generate main traces: close time.busy=3.61s time.idle=8.11µs index=65
2025-11-13T03:36:51.168435Z  INFO prove_core: clk = 140000000 pc = 0x201098
2025-11-13T03:36:55.417387Z  INFO prove_core:generate main traces: close time.busy=3.45s time.idle=7.11µs index=66
2025-11-13T03:42:25.454633Z  INFO prove_core:generate main traces: close time.busy=5.78s time.idle=12.2µs index=67
2025-11-13T03:52:17.084733Z  INFO prove_core:generate main traces: close time.busy=3.44s time.idle=8.06µs index=68
2025-11-13T03:54:24.817389Z  INFO prove_core:generate main traces: close time.busy=3.29s time.idle=8.47µs index=69
2025-11-13T03:59:54.003005Z  INFO prove_core:generate main traces: close time.busy=3.78s time.idle=7.76µs index=70
2025-11-13T04:05:19.927426Z  INFO prove_core: clk = 150000000 pc = 0x201228
2025-11-13T04:05:24.621626Z  INFO prove_core:generate main traces: close time.busy=3.61s time.idle=6.80µs index=71
2025-11-13T04:10:56.626119Z  INFO prove_core:generate main traces: close time.busy=5.91s time.idle=8.76µs index=72
2025-11-13T04:20:49.066735Z  INFO prove_core:generate main traces: close time.busy=3.24s time.idle=7.81µs index=73
2025-11-13T04:22:58.355774Z  INFO prove_core:generate main traces: close time.busy=3.93s time.idle=8.07µs index=74
2025-11-13T04:28:28.153552Z  INFO prove_core:generate main traces: close time.busy=3.87s time.idle=8.41µs index=75
2025-11-13T04:33:52.960854Z  INFO prove_core: clk = 160000000 pc = 0x2010e4
2025-11-13T04:34:00.312575Z  INFO prove_core:generate main traces: close time.busy=5.47s time.idle=7.66µs index=76
2025-11-13T04:43:54.788400Z  INFO prove_core:generate main traces: close time.busy=3.26s time.idle=7.58µs index=77
2025-11-13T04:46:03.592431Z  INFO prove_core:generate main traces: close time.busy=3.42s time.idle=7.81µs index=78
2025-11-13T04:51:36.072097Z  INFO prove_core:generate main traces: close time.busy=3.56s time.idle=7.17µs index=79
2025-11-13T04:57:08.313539Z  INFO prove_core:generate main traces: close time.busy=5.50s time.idle=6.50µs index=80
2025-11-13T05:06:56.874234Z  INFO prove_core: clk = 170000000 pc = 0x23124c
2025-11-13T05:07:01.904707Z  INFO prove_core:generate main traces: close time.busy=3.35s time.idle=6.50µs index=81
2025-11-13T05:09:10.839156Z  INFO prove_core:generate main traces: close time.busy=3.60s time.idle=7.57µs index=82
2025-11-13T05:14:39.823803Z  INFO prove_core:generate main traces: close time.busy=3.56s time.idle=7.03µs index=83
2025-11-13T05:20:07.802619Z  INFO prove_core:generate main traces: close time.busy=3.10s time.idle=9.23µs index=84
2025-11-13T05:25:31.657878Z  INFO prove_core: clk = 180000000 pc = 0x2312b4
2025-11-13T05:25:35.956695Z  INFO prove_core:generate main traces: close time.busy=3.44s time.idle=6.67µs index=85
2025-11-13T05:31:24.498847Z  INFO prove_core:generate main traces: close time.busy=16.0s time.idle=7.43µs index=86
2025-11-13T05:43:48.365900Z  WARN prove_core: High cycle count detected (180M cycles). For better performance, consider using the Succinct Prover Network: https://docs.succinct.xyz/docs/sp1/generating-proofs/prover-network
2025-11-13T05:43:48.370765Z  INFO prove_core: close time.busy=27328s time.idle=2.27s
2025-11-13T13:29:29.745435Z  INFO compress: close time.busy=27940s time.idle=1.60s
2025-11-13T13:30:17.487828Z  INFO shrink:prove_shards: close time.busy=40.0s time.idle=11.1µs
2025-11-13T13:30:17.808776Z  INFO shrink: close time.busy=47.6s time.idle=14.6µs
2025-11-13T13:40:22.791449Z  INFO wrap_bn254:prove_shards: close time.busy=428s time.idle=32.0µs
2025-11-13T13:40:23.041476Z  INFO wrap_bn254:verify: close time.busy=250ms time.idle=4.80µs
2025-11-13T13:40:23.360701Z  INFO wrap_bn254: close time.busy=606s time.idle=10.4µs
[sp1] plonk circuit artifacts already seem to exist at /home/ubuntu/.sp1/circuits/plonk/v5.0.0. if you want to re-download them, delete the directory
2025-11-13T13:40:23.565134Z  INFO wrap_plonk_bn254: Running prove in docker
2025-11-13T13:56:13.307996Z  INFO wrap_plonk_bn254: Running verify in docker
2025-11-13T13:56:13.891169Z  INFO wrap_plonk_bn254: close time.busy=951s time.idle=5.85µs
	Command being timed: "cargo run --release -p pessimistic-proof-test-suite --bin ppgen_sabv_lmtr5 -- --n-exits 500 --validator-nodes 5 --proof-dir /home/ubuntu/thanhhuyen/proofs/v5/n500_run1"
	User time (seconds): 697021.65
	System time (seconds): 23086.38
	Percent of CPU this job got: 1265%
	Elapsed (wall clock) time (h:mm:ss or m:ss): 15:48:09
	Average shared text size (kbytes): 0
	Average unshared data size (kbytes): 0
	Average stack size (kbytes): 0
	Average total size (kbytes): 0
	Maximum resident set size (kbytes): 23564460
	Average resident set size (kbytes): 0
	Major (requiring I/O) page faults: 0
	Minor (reclaiming a frame) page faults: 1777843325
	Voluntary context switches: 35885168
	Involuntary context switches: 19656377
	Swaps: 0
	File system inputs: 504
	File system outputs: 104864
	Socket messages sent: 0
	Socket messages received: 0
	Signals delivered: 0
	Page size (bytes): 4096
	Exit status: 0
