warning: unused import: `keccak::Keccak256Hasher`
 --> crates/pessimistic-proof-core/src/sabv2.rs:2:35
  |
2 | use agglayer_primitives::{Digest, keccak::Keccak256Hasher};
  |                                   ^^^^^^^^^^^^^^^^^^^^^^^
  |
  = note: `#[warn(unused_imports)]` on by default

warning: unused import: `keccak::Keccak256Hasher`
 --> crates/pessimistic-proof-core/src/lmtr2.rs:2:35
  |
2 | use agglayer_primitives::{Digest, keccak::Keccak256Hasher};
  |                                   ^^^^^^^^^^^^^^^^^^^^^^^

warning: unused import: `keccak::Keccak256Hasher`
 --> crates/pessimistic-proof-core/src/sabv3.rs:2:35
  |
2 | use agglayer_primitives::{Digest, keccak::Keccak256Hasher};
  |                                   ^^^^^^^^^^^^^^^^^^^^^^^

warning: unused import: `keccak::Keccak256Hasher`
 --> crates/pessimistic-proof-core/src/lmtr3.rs:2:35
  |
2 | use agglayer_primitives::{Digest, keccak::Keccak256Hasher};
  |                                   ^^^^^^^^^^^^^^^^^^^^^^^

warning: unused import: `keccak::Keccak256Hasher`
 --> crates/pessimistic-proof-core/src/sabv4.rs:2:35
  |
2 | use agglayer_primitives::{Digest, keccak::Keccak256Hasher};
  |                                   ^^^^^^^^^^^^^^^^^^^^^^^

warning: unused import: `keccak::Keccak256Hasher`
 --> crates/pessimistic-proof-core/src/lmtr4.rs:2:35
  |
2 | use agglayer_primitives::{Digest, keccak::Keccak256Hasher};
  |                                   ^^^^^^^^^^^^^^^^^^^^^^^

warning: unused imports: `BridgeExit`, `ImportedBridgeExit`, `NetworkId`, and `TokenInfo`
   --> crates/pessimistic-proof-core/src/lmtr4.rs:245:30
    |
245 |         use unified_bridge::{BridgeExit, ImportedBridgeExit, NetworkId, TokenInfo};
    |                              ^^^^^^^^^^  ^^^^^^^^^^^^^^^^^^  ^^^^^^^^^  ^^^^^^^^^

warning: unused import: `agglayer_primitives::U256`
   --> crates/pessimistic-proof-core/src/lmtr4.rs:247:13
    |
247 |         use agglayer_primitives::U256;
    |             ^^^^^^^^^^^^^^^^^^^^^^^^^

warning: unused import: `crate::nullifier_tree::NullifierPath`
   --> crates/pessimistic-proof-core/src/lmtr4.rs:248:13
    |
248 |         use crate::nullifier_tree::NullifierPath;
    |             ^^^^^^^^^^^^^^^^^^^^^^^^^^^^^^^^^^^^

warning: unused import: `crate::local_balance_tree::LocalBalancePath`
   --> crates/pessimistic-proof-core/src/lmtr4.rs:249:13
    |
249 |         use crate::local_balance_tree::LocalBalancePath;
    |             ^^^^^^^^^^^^^^^^^^^^^^^^^^^^^^^^^^^^^^^^^^^

warning: unused import: `crate::aggchain_proof::AggchainData`
   --> crates/pessimistic-proof-core/src/lmtr4.rs:250:13
    |
250 |         use crate::aggchain_proof::AggchainData;
    |             ^^^^^^^^^^^^^^^^^^^^^^^^^^^^^^^^^^^

warning: unused import: `keccak::Keccak256Hasher`
 --> crates/pessimistic-proof-core/src/sabv5.rs:2:35
  |
2 | use agglayer_primitives::{Digest, keccak::Keccak256Hasher};
  |                                   ^^^^^^^^^^^^^^^^^^^^^^^

warning: unused variable: `branching_factor`
  --> crates/pessimistic-proof-core/src/lmtr.rs:31:9
   |
31 |         branching_factor: usize,
   |         ^^^^^^^^^^^^^^^^ help: if this is intentional, prefix it with an underscore: `_branching_factor`
   |
   = note: `#[warn(unused_variables)]` on by default

warning: unused variable: `block`
  --> crates/pessimistic-proof-core/src/sabv2.rs:72:13
   |
72 |         for block in blocks {
   |             ^^^^^ help: if this is intentional, prefix it with an underscore: `_block`

warning: unused variable: `consensus_result`
  --> crates/pessimistic-proof-core/src/sabv2.rs:79:13
   |
79 |         let consensus_result = self.run_consensus_mechanism(blocks, validator_nodes)?;
   |             ^^^^^^^^^^^^^^^^ help: if this is intentional, prefix it with an underscore: `_consensus_result`

warning: unused variable: `global_root`
  --> crates/pessimistic-proof-core/src/sabv2.rs:63:9
   |
63 |         global_root: &agglayer_primitives::Digest,
   |         ^^^^^^^^^^^ help: if this is intentional, prefix it with an underscore: `_global_root`

warning: unused variable: `computed_hash`
   --> crates/pessimistic-proof-core/src/sabv2.rs:136:13
    |
136 |         let computed_hash = Keccak256::digest(&block_data);
    |             ^^^^^^^^^^^^^ help: if this is intentional, prefix it with an underscore: `_computed_hash`

warning: unused variable: `declared_hash`
   --> crates/pessimistic-proof-core/src/sabv2.rs:139:13
    |
139 |         let declared_hash = self.get_block_declared_hash(block)?;
    |             ^^^^^^^^^^^^^ help: if this is intentional, prefix it with an underscore: `_declared_hash`

warning: unused variable: `block`
   --> crates/pessimistic-proof-core/src/sabv2.rs:229:32
    |
229 |     fn get_block_height(&self, block: &crate::multi_batch_header::MultiBatchHeader<agglayer_primitives::keccak::Keccak256Hasher>) -> Resu...
    |                                ^^^^^ help: if this is intentional, prefix it with an underscore: `_block`

warning: unused variable: `block`
   --> crates/pessimistic-proof-core/src/sabv2.rs:241:39
    |
241 |     fn get_block_declared_hash(&self, block: &crate::multi_batch_header::MultiBatchHeader<agglayer_primitives::keccak::Keccak256Hasher>) ...
    |                                       ^^^^^ help: if this is intentional, prefix it with an underscore: `_block`

warning: unused variable: `block`
   --> crates/pessimistic-proof-core/src/sabv2.rs:247:32
    |
247 |     fn get_block_signer(&self, block: &crate::multi_batch_header::MultiBatchHeader<agglayer_primitives::keccak::Keccak256Hasher>) -> Resu...
    |                                ^^^^^ help: if this is intentional, prefix it with an underscore: `_block`

warning: unused variable: `block`
   --> crates/pessimistic-proof-core/src/sabv2.rs:257:35
    |
257 |     fn get_block_signature(&self, block: &crate::multi_batch_header::MultiBatchHeader<agglayer_primitives::keccak::Keccak256Hasher>) -> R...
    |                                   ^^^^^ help: if this is intentional, prefix it with an underscore: `_block`

warning: unused variable: `hash`
   --> crates/pessimistic-proof-core/src/sabv2.rs:274:13
    |
274 |         let hash = Keccak256::digest(&block_data);
    |             ^^^^ help: if this is intentional, prefix it with an underscore: `_hash`

warning: unused variable: `block`
   --> crates/pessimistic-proof-core/src/sabv2.rs:295:35
    |
295 |     fn estimate_block_size(&self, block: &crate::multi_batch_header::MultiBatchHeader<agglayer_primitives::keccak::Keccak256Hasher>) -> R...
    |                                   ^^^^^ help: if this is intentional, prefix it with an underscore: `_block`

warning: unused variable: `i`
   --> crates/pessimistic-proof-core/src/lmtr2.rs:144:14
    |
144 |         for (i, block) in blocks.iter().enumerate() {
    |              ^ help: if this is intentional, prefix it with an underscore: `_i`

warning: unused variable: `leaf_hash`
   --> crates/pessimistic-proof-core/src/lmtr2.rs:146:17
    |
146 |             let leaf_hash = Keccak256::digest(&block_data);
    |                 ^^^^^^^^^ help: if this is intentional, prefix it with an underscore: `_leaf_hash`

warning: unused variable: `current_efficiency`
   --> crates/pessimistic-proof-core/src/lmtr2.rs:179:13
    |
179 |         let current_efficiency = self.calculate_tree_efficiency(num_blocks, branching_factor)?;
    |             ^^^^^^^^^^^^^^^^^^ help: if this is intentional, prefix it with an underscore: `_current_efficiency`

warning: unused variable: `new_hash`
   --> crates/pessimistic-proof-core/src/lmtr2.rs:229:21
    |
229 |                 let new_hash = Keccak256::digest(&optimized_data);
    |                     ^^^^^^^^ help: if this is intentional, prefix it with an underscore: `_new_hash`

warning: unused variable: `optimal_config`
   --> crates/pessimistic-proof-core/src/lmtr2.rs:217:9
    |
217 |         optimal_config: &OptimalConfig,
    |         ^^^^^^^^^^^^^^ help: if this is intentional, prefix it with an underscore: `_optimal_config`

warning: unused variable: `parent_hash`
   --> crates/pessimistic-proof-core/src/lmtr2.rs:312:21
    |
312 |                 let parent_hash = Keccak256::digest(&parent_data);
    |                     ^^^^^^^^^^^ help: if this is intentional, prefix it with an underscore: `_parent_hash`

warning: unused variable: `tree`
   --> crates/pessimistic-proof-core/src/lmtr2.rs:399:136
    |
399 | ...ves::keccak::Keccak256Hasher>, tree: &MerkleTree) -> Result<crate::multi_batch_header::MultiBatchHeader<agglayer_primitives::keccak::K...
    |                                   ^^^^ help: if this is intentional, prefix it with an underscore: `_tree`

warning: unused variable: `j_star`
   --> crates/pessimistic-proof-core/src/sabv3.rs:306:9
    |
306 |         j_star: usize,
    |         ^^^^^^ help: if this is intentional, prefix it with an underscore: `_j_star`

warning: unused variable: `j_star`
   --> crates/pessimistic-proof-core/src/sabv4.rs:496:9
    |
496 |         j_star: usize,
    |         ^^^^^^ help: if this is intentional, prefix it with an underscore: `_j_star`

warning: unused variable: `expected_root`
   --> crates/pessimistic-proof-core/src/sabv4.rs:603:72
    |
603 | ...mputed_root: &Digest, expected_root: &agglayer_primitives::Digest, signature: &agglayer_primitives::Signature, signer: &agglayer_primi...
    |                          ^^^^^^^^^^^^^ help: if this is intentional, prefix it with an underscore: `_expected_root`

warning: unused variable: `expected_bytes`
   --> crates/pessimistic-proof-core/src/sabv4.rs:744:56
    |
744 |     fn verify_hash_chain(&self, computed_bytes: &[u8], expected_bytes: &[u8]) -> Result<bool, ProofError> {
    |                                                        ^^^^^^^^^^^^^^ help: if this is intentional, prefix it with an underscore: `_expected_bytes`

warning: unused variable: `global_root`
   --> crates/pessimistic-proof-core/src/sabv5.rs:138:9
    |
138 |         global_root: &agglayer_primitives::Digest,
    |         ^^^^^^^^^^^ help: if this is intentional, prefix it with an underscore: `_global_root`

warning: value assigned to `local_trees` is never read
   --> crates/pessimistic-proof-core/src/sabv5.rs:702:17
    |
702 |         let mut local_trees = Vec::new();
    |                 ^^^^^^^^^^^
    |
    = help: maybe it is overwritten before being read?
    = note: `#[warn(unused_assignments)]` on by default

warning: unused variable: `j_star`
   --> crates/pessimistic-proof-core/src/sabv5.rs:699:9
    |
699 |         j_star: usize,
    |         ^^^^^^ help: if this is intentional, prefix it with an underscore: `_j_star`

warning: unused variable: `expected_root`
   --> crates/pessimistic-proof-core/src/sabv5.rs:822:72
    |
822 | ...mputed_root: &Digest, expected_root: &agglayer_primitives::Digest, signature: &agglayer_primitives::Signature, signer: &agglayer_primi...
    |                          ^^^^^^^^^^^^^ help: if this is intentional, prefix it with an underscore: `_expected_root`

warning: unused variable: `expected_bytes`
   --> crates/pessimistic-proof-core/src/sabv5.rs:963:56
    |
963 |     fn verify_hash_chain(&self, computed_bytes: &[u8], expected_bytes: &[u8]) -> Result<bool, ProofError> {
    |                                                        ^^^^^^^^^^^^^^ help: if this is intentional, prefix it with an underscore: `_expected_bytes`

warning: field `config` is never read
  --> crates/pessimistic-proof-core/src/sabv.rs:13:5
   |
12 | pub struct SabvAlgorithm {
   |            ------------- field in this struct
13 |     config: SabvConfig,
   |     ^^^^^^
   |
   = note: `SabvAlgorithm` has derived impls for the traits `Clone` and `Debug`, but these are intentionally ignored during dead code analysis
   = note: `#[warn(dead_code)]` on by default

warning: field `config` is never read
  --> crates/pessimistic-proof-core/src/lmtr.rs:12:5
   |
11 | pub struct LmtrAlgorithm {
   |            ------------- field in this struct
12 |     config: LmtrConfig,
   |     ^^^^^^
   |
   = note: `LmtrAlgorithm` has derived impls for the traits `Clone` and `Debug`, but these are intentionally ignored during dead code analysis

warning: fields `config` and `consensus_messages` are never read
  --> crates/pessimistic-proof-core/src/sabv2.rs:34:5
   |
33 | pub struct Sabv2Algorithm {
   |            -------------- fields in this struct
34 |     config: Sabv2Config,
   |     ^^^^^^
35 |     validators: Vec<ValidatorNode>,
36 |     consensus_messages: HashMap<Digest, Vec<ConsensusMessage>>,
   |     ^^^^^^^^^^^^^^^^^^
   |
   = note: `Sabv2Algorithm` has derived impls for the traits `Clone` and `Debug`, but these are intentionally ignored during dead code analysis

warning: multiple methods are never used
   --> crates/pessimistic-proof-core/src/sabv2.rs:89:8
    |
 39 | impl Sabv2Algorithm {
    | ------------------- methods in this implementation
...
 89 |     fn validate_block_cryptography(
    |        ^^^^^^^^^^^^^^^^^^^^^^^^^^^
...
112 |     fn verify_merkle_tree_structure(
    |        ^^^^^^^^^^^^^^^^^^^^^^^^^^^^
...
130 |     fn verify_hash_integrity(
    |        ^^^^^^^^^^^^^^^^^^^^^
...
149 |     fn verify_signature_validity(
    |        ^^^^^^^^^^^^^^^^^^^^^^^^^
...
204 |     fn verify_consensus_threshold(
    |        ^^^^^^^^^^^^^^^^^^^^^^^^^^
...
222 |     fn calculate_optimal_height(&self, block: &crate::multi_batch_header::MultiBatchHeader<agglayer_primitives::keccak::Keccak256Hasher>)...
    |        ^^^^^^^^^^^^^^^^^^^^^^^^
...
229 |     fn get_block_height(&self, block: &crate::multi_batch_header::MultiBatchHeader<agglayer_primitives::keccak::Keccak256Hasher>) -> Resu...
    |        ^^^^^^^^^^^^^^^^
...
241 |     fn get_block_declared_hash(&self, block: &crate::multi_batch_header::MultiBatchHeader<agglayer_primitives::keccak::Keccak256Hasher>) ...
    |        ^^^^^^^^^^^^^^^^^^^^^^^
...
247 |     fn get_block_signer(&self, block: &crate::multi_batch_header::MultiBatchHeader<agglayer_primitives::keccak::Keccak256Hasher>) -> Resu...
    |        ^^^^^^^^^^^^^^^^
...
252 |     fn get_block_message(&self, block: &crate::multi_batch_header::MultiBatchHeader<agglayer_primitives::keccak::Keccak256Hasher>) -> Res...
    |        ^^^^^^^^^^^^^^^^^
...
257 |     fn get_block_signature(&self, block: &crate::multi_batch_header::MultiBatchHeader<agglayer_primitives::keccak::Keccak256Hasher>) -> R...
    |        ^^^^^^^^^^^^^^^^^^^
...
262 |     fn compute_expected_signature(&self, signer: &str, message: &[u8]) -> Result<String, ProofError> {
    |        ^^^^^^^^^^^^^^^^^^^^^^^^^^
...
295 |     fn estimate_block_size(&self, block: &crate::multi_batch_header::MultiBatchHeader<agglayer_primitives::keccak::Keccak256Hasher>) -> R...
    |        ^^^^^^^^^^^^^^^^^^^

warning: field `tree_cache` is never read
  --> crates/pessimistic-proof-core/src/lmtr2.rs:53:5
   |
51 | pub struct Lmtr2Algorithm {
   |            -------------- field in this struct
52 |     config: Lmtr2Config,
53 |     tree_cache: HashMap<Digest, MerkleTree>,
   |     ^^^^^^^^^^
   |
   = note: `Lmtr2Algorithm` has derived impls for the traits `Clone` and `Debug`, but these are intentionally ignored during dead code analysis

warning: fields `branching_factor` and `rebalancing_cost` are never read
   --> crates/pessimistic-proof-core/src/lmtr2.rs:415:5
    |
413 | struct OptimalConfig {
    |        ------------- fields in this struct
414 |     optimal_height: usize,
415 |     branching_factor: usize,
    |     ^^^^^^^^^^^^^^^^
416 |     expected_efficiency: f64,
417 |     rebalancing_cost: u64,
    |     ^^^^^^^^^^^^^^^^
    |
    = note: `OptimalConfig` has derived impls for the traits `Clone` and `Debug`, but these are intentionally ignored during dead code analysis

warning: field `validators` is never read
  --> crates/pessimistic-proof-core/src/sabv3.rs:41:5
   |
39 | pub struct Sabv3Algorithm {
   |            -------------- field in this struct
40 |     config: Sabv3Config,
41 |     validators: Vec<ValidatorNode>,
   |     ^^^^^^^^^^
   |
   = note: `Sabv3Algorithm` has derived impls for the traits `Clone` and `Debug`, but these are intentionally ignored during dead code analysis

warning: struct `BlockchainMerkleProof` is never constructed
  --> crates/pessimistic-proof-core/src/sabv4.rs:38:8
   |
38 | struct BlockchainMerkleProof {
   |        ^^^^^^^^^^^^^^^^^^^^^

warning: fields `shard_index` and `round` are never read
  --> crates/pessimistic-proof-core/src/sabv4.rs:50:9
   |
47 | struct MPCShareMessage {
   |        --------------- fields in this struct
...
50 |     pub shard_index: usize,
   |         ^^^^^^^^^^^
51 |     pub share: (f64, f64), // (x, y) = share point
52 |     pub round: u64,
   |         ^^^^^
   |
   = note: `MPCShareMessage` has derived impls for the traits `Clone` and `Debug`, but these are intentionally ignored during dead code analysis

warning: field `consensus_reached` is never read
  --> crates/pessimistic-proof-core/src/sabv4.rs:60:9
   |
57 | struct MPCNetworkState {
   |        --------------- field in this struct
...
60 |     pub consensus_reached: bool,
   |         ^^^^^^^^^^^^^^^^^
   |
   = note: `MPCNetworkState` has a derived impl for the trait `Debug`, but this is intentionally ignored during dead code analysis

warning: field `validators` is never read
  --> crates/pessimistic-proof-core/src/sabv4.rs:67:5
   |
65 | pub struct Sabv4Algorithm {
   |            -------------- field in this struct
66 |     config: Sabv4Config,
67 |     validators: Vec<ValidatorNode>,
   |     ^^^^^^^^^^
   |
   = note: `Sabv4Algorithm` has a derived impl for the trait `Debug`, but this is intentionally ignored during dead code analysis

warning: multiple methods are never used
    --> crates/pessimistic-proof-core/src/sabv4.rs:493:8
     |
  71 | impl Sabv4Algorithm {
     | ------------------- methods in this implementation
...
 493 |     fn construct_local_cc_mbmt(
     |        ^^^^^^^^^^^^^^^^^^^^^^^
...
 564 |     fn verify_integrity_with_blocks(&self, computed_root: &Digest, expected_root: &agglayer_primitives::Digest, blocks: &[crate::multi_ba...
     |        ^^^^^^^^^^^^^^^^^^^^^^^^^^^^
...
 603 |     fn verify_blockchain_signature_real(&self, computed_root: &Digest, expected_root: &agglayer_primitives::Digest, signature: &agglayer_...
     |        ^^^^^^^^^^^^^^^^^^^^^^^^^^^^^^^^
...
 618 |     fn extract_blockchain_public_key(&self, computed_bytes: &[u8]) -> Result<Vec<u8>, ProofError> {
     |        ^^^^^^^^^^^^^^^^^^^^^^^^^^^^^
...
 629 |     fn validate_blockchain_signature(&self, signature: &[u8], public_key: &[u8]) -> Result<bool, ProofError> {
     |        ^^^^^^^^^^^^^^^^^^^^^^^^^^^^^
...
 648 |     fn verify_merkle_proof(&self, computed_root: &Digest, expected_root: &agglayer_primitives::Digest) -> Result<bool, ProofError> {
     |        ^^^^^^^^^^^^^^^^^^^
...
 682 |     fn extract_blockchain_merkle_proof(&self, computed_root: &Digest, expected_root: &agglayer_primitives::Digest) -> Result<BlockchainMe...
     |        ^^^^^^^^^^^^^^^^^^^^^^^^^^^^^^^
...
 717 |     fn validate_blockchain_proof(&self, proof: &BlockchainMerkleProof) -> Result<bool, ProofError> {
     |        ^^^^^^^^^^^^^^^^^^^^^^^^^
...
 744 |     fn verify_hash_chain(&self, computed_bytes: &[u8], expected_bytes: &[u8]) -> Result<bool, ProofError> {
     |        ^^^^^^^^^^^^^^^^^
...
 772 |     fn verify_timestamp_freshness(&self) -> Result<bool, ProofError> {
     |        ^^^^^^^^^^^^^^^^^^^^^^^^^^
...
 784 |     fn verify_nonce_uniqueness(&self, computed_bytes: &[u8], expected_bytes: &[u8]) -> Result<bool, ProofError> {
     |        ^^^^^^^^^^^^^^^^^^^^^^^
...
 814 |     fn verify_zero_knowledge_proof(&self, computed_root: &Digest, expected_root: &agglayer_primitives::Digest) -> Result<bool, ProofError> {
     |        ^^^^^^^^^^^^^^^^^^^^^^^^^^^
...
 853 |     fn calculate_signature_strength(&self, signature_bytes: &[u8]) -> f64 {
     |        ^^^^^^^^^^^^^^^^^^^^^^^^^^^^
...
 950 |     fn calculate_entropy(&self, data: &[u8]) -> f64 {
     |        ^^^^^^^^^^^^^^^^^
...
 970 |     fn compute_shard_hash(&self, blocks: &[crate::multi_batch_header::MultiBatchHeader<agglayer_primitives::keccak::Keccak256Hasher>]) ->...
     |        ^^^^^^^^^^^^^^^^^^
...
1037 |     fn build_merkle_tree(&self, blocks: &[crate::multi_batch_header::MultiBatchHeader<agglayer_primitives::keccak::Keccak256Hasher>], b: ...
     |        ^^^^^^^^^^^^^^^^^
...
1104 |     fn calculate_tree_height(&self, num_blocks: usize, b: usize) -> usize {
     |        ^^^^^^^^^^^^^^^^^^^^^
...
1113 |     fn compute_root_from_blocks(
     |        ^^^^^^^^^^^^^^^^^^^^^^^^

warning: method `reconstruct_block_from_bytes` is never used
   --> crates/pessimistic-proof-core/src/lmtr4.rs:241:8
    |
 27 | impl Lmtr4Algorithm {
    | ------------------- method in this implementation
...
241 |     fn reconstruct_block_from_bytes(&self, bytes: &[u8]) -> Result<crate::multi_batch_header::MultiBatchHeader<agglayer_primitives::kecca...
    |        ^^^^^^^^^^^^^^^^^^^^^^^^^^^^

warning: struct `BlockchainMerkleProof` is never constructed
  --> crates/pessimistic-proof-core/src/sabv5.rs:48:8
   |
48 | struct BlockchainMerkleProof {
   |        ^^^^^^^^^^^^^^^^^^^^^

warning: fields `shard_index` and `round` are never read
  --> crates/pessimistic-proof-core/src/sabv5.rs:60:9
   |
57 | struct MPCShareMessage {
   |        --------------- fields in this struct
...
60 |     pub shard_index: usize,
   |         ^^^^^^^^^^^
61 |     pub share: (f64, f64), // (x, y) = share point
62 |     pub round: u64,
   |         ^^^^^
   |
   = note: `MPCShareMessage` has derived impls for the traits `Clone` and `Debug`, but these are intentionally ignored during dead code analysis

warning: field `consensus_reached` is never read
  --> crates/pessimistic-proof-core/src/sabv5.rs:70:9
   |
67 | struct MPCNetworkState {
   |        --------------- field in this struct
...
70 |     pub consensus_reached: bool,
   |         ^^^^^^^^^^^^^^^^^
   |
   = note: `MPCNetworkState` has a derived impl for the trait `Debug`, but this is intentionally ignored during dead code analysis

warning: field `validators` is never read
  --> crates/pessimistic-proof-core/src/sabv5.rs:77:5
   |
75 | pub struct Sabv5Algorithm {
   |            -------------- field in this struct
76 |     config: Sabv5Config,
77 |     validators: Vec<ValidatorNode>,
   |     ^^^^^^^^^^
   |
   = note: `Sabv5Algorithm` has a derived impl for the trait `Debug`, but this is intentionally ignored during dead code analysis

warning: multiple methods are never used
    --> crates/pessimistic-proof-core/src/sabv5.rs:696:8
     |
  81 | impl Sabv5Algorithm {
     | ------------------- methods in this implementation
...
 696 |     fn construct_local_cc_mbmt(
     |        ^^^^^^^^^^^^^^^^^^^^^^^
...
 774 |     fn verify_integrity_with_blocks(&self, computed_root: &Digest, expected_root: &agglayer_primitives::Digest, blocks: &[crate::multi_ba...
     |        ^^^^^^^^^^^^^^^^^^^^^^^^^^^^
...
 822 |     fn verify_blockchain_signature_real(&self, computed_root: &Digest, expected_root: &agglayer_primitives::Digest, signature: &agglayer_...
     |        ^^^^^^^^^^^^^^^^^^^^^^^^^^^^^^^^
...
 837 |     fn extract_blockchain_public_key(&self, computed_bytes: &[u8]) -> Result<Vec<u8>, ProofError> {
     |        ^^^^^^^^^^^^^^^^^^^^^^^^^^^^^
...
 848 |     fn validate_blockchain_signature(&self, signature: &[u8], public_key: &[u8]) -> Result<bool, ProofError> {
     |        ^^^^^^^^^^^^^^^^^^^^^^^^^^^^^
...
 867 |     fn verify_merkle_proof(&self, computed_root: &Digest, expected_root: &agglayer_primitives::Digest) -> Result<bool, ProofError> {
     |        ^^^^^^^^^^^^^^^^^^^
...
 901 |     fn extract_blockchain_merkle_proof(&self, computed_root: &Digest, expected_root: &agglayer_primitives::Digest) -> Result<BlockchainMe...
     |        ^^^^^^^^^^^^^^^^^^^^^^^^^^^^^^^
...
 936 |     fn validate_blockchain_proof(&self, proof: &BlockchainMerkleProof) -> Result<bool, ProofError> {
     |        ^^^^^^^^^^^^^^^^^^^^^^^^^
...
 963 |     fn verify_hash_chain(&self, computed_bytes: &[u8], expected_bytes: &[u8]) -> Result<bool, ProofError> {
     |        ^^^^^^^^^^^^^^^^^
...
 991 |     fn verify_timestamp_freshness(&self) -> Result<bool, ProofError> {
     |        ^^^^^^^^^^^^^^^^^^^^^^^^^^
...
1003 |     fn verify_nonce_uniqueness(&self, computed_bytes: &[u8], expected_bytes: &[u8]) -> Result<bool, ProofError> {
     |        ^^^^^^^^^^^^^^^^^^^^^^^
...
1033 |     fn verify_zero_knowledge_proof(&self, computed_root: &Digest, expected_root: &agglayer_primitives::Digest) -> Result<bool, ProofError> {
     |        ^^^^^^^^^^^^^^^^^^^^^^^^^^^
...
1072 |     fn calculate_signature_strength(&self, signature_bytes: &[u8]) -> f64 {
     |        ^^^^^^^^^^^^^^^^^^^^^^^^^^^^
...
1169 |     fn calculate_entropy(&self, data: &[u8]) -> f64 {
     |        ^^^^^^^^^^^^^^^^^
...
1261 |     fn build_merkle_tree(&self, blocks: &[crate::multi_batch_header::MultiBatchHeader<agglayer_primitives::keccak::Keccak256Hasher>], b: ...
     |        ^^^^^^^^^^^^^^^^^
...
1328 |     fn calculate_tree_height(&self, num_blocks: usize, b: usize) -> usize {
     |        ^^^^^^^^^^^^^^^^^^^^^
...
1349 |     fn compute_root_from_blocks(
     |        ^^^^^^^^^^^^^^^^^^^^^^^^

warning: `pessimistic-proof-core` (lib) generated 58 warnings (run `cargo fix --lib -p pessimistic-proof-core` to apply 12 suggestions)
warning: unused import: `rayon::ThreadPoolBuilder`
 --> crates/pessimistic-proof-test-suite/src/bin/ppgen_sabv_lmtr5.rs:6:5
  |
6 | use rayon::ThreadPoolBuilder;
  |     ^^^^^^^^^^^^^^^^^^^^^^^^
  |
  = note: `#[warn(unused_imports)]` on by default

warning: value assigned to `current_state` is never read
   --> crates/pessimistic-proof-test-suite/src/bin/ppgen_sabv_lmtr5.rs:133:9
    |
133 |         current_state = block_state.state_b.clone();
    |         ^^^^^^^^^^^^^
    |
    = help: maybe it is overwritten before being read?
    = note: `#[warn(unused_assignments)]` on by default

warning: unused variable: `vk`
   --> crates/pessimistic-proof-test-suite/src/bin/ppgen_sabv_lmtr5.rs:294:24
    |
294 |             Ok((proof, vk, new_roots)) => {
    |                        ^^ help: if this is intentional, prefix it with an underscore: `_vk`
    |
    = note: `#[warn(unused_variables)]` on by default

warning: unused variable: `new_roots`
   --> crates/pessimistic-proof-test-suite/src/bin/ppgen_sabv_lmtr5.rs:294:28
    |
294 |             Ok((proof, vk, new_roots)) => {
    |                            ^^^^^^^^^ help: if this is intentional, prefix it with an underscore: `_new_roots`

warning: variable does not need to be mutable
  --> crates/pessimistic-proof-test-suite/src/bin/ppgen_sabv_lmtr5.rs:72:9
   |
72 |     let mut state = data::sample_state_00();
   |         ----^^^^^
   |         |
   |         help: remove this `mut`
   |
   = note: `#[warn(unused_mut)]` on by default

warning: `pessimistic-proof-test-suite` (bin "ppgen_sabv_lmtr5") generated 5 warnings (run `cargo fix --bin "ppgen_sabv_lmtr5"` to apply 2 suggestions)
    Finished `release` profile [optimized] target(s) in 0.96s
     Running `target/release/ppgen_sabv_lmtr5 --n-exits 500 --validator-nodes 5 --proof-dir /home/ubuntu/thanhhuyen/proofs/v5/n500_run2`
🔍 SABV5: Starting Algorithm 1 - Verify Aggregated Blocks Integrity
   Input: N=500 blocks, branching_factor=3, validators=5
   📐 Optimal height calculation: log_3(500) + 1 = 7
🎯 V5: Calculated optimal htarget = 7 for N=500, b=3
📊 Computed expected root from 500 ORIGINAL blocks (before rebalancing): 997c455272c0bb8ff4d52ff4e2e6709a58f8e8ecd69cf238f25de9af4a7c00df (height=7)
📊 SABV5: Calculated j* = 6 with variance = 0.0000
✅ Step 1: Optimal sharding size j* = 6 (shard_size = 3^6 = 729)
📦 SABV5: Created 1 shards (0 full + 1 remainder)
✅ Step 2: Partitioned 500 blocks into 1 shards (shard_size = 729)
📡 SABV5: REAL MPC Network - 5 validators broadcast shares, 5 received sufficient shares
🔐 SABV5: REAL Shamir secret sharing - Secret: 0.100109, Reconstructed: 0.100109, Match: true
   Polynomial degree: 2, Shares: 5, Threshold: 3/5
   Validator 4 assigned with share value: -24.603829
✅ Step 3: Secret sharing applied (threshold k=3/5)
📊 Step 4: Rebalancing shards with LMTR4 (Algorithm 2)...
🔧 LMTR4: Starting Algorithm 2 rebalancing for 500 blocks
📊 LMTR4: Initial state - Ni = 500, b = 3, htarget = 7
🔄 LMTR4: Fixed branch imbalance by appending last block - Ni = 501
✅ LMTR4: Rebalancing complete - Final Ni = 501, height = 7
   ✅ Shard 0 (validator 4) - 500 → 501 blocks, height=7
🌳 Step 5a: Building REAL Local CC-MBMT from rebalanced blocks...
   ✅ Validator 4 built REAL local CC-MBMT (shard 0) - 501 blocks → tree height=7
🔗 SABV5: Merged 1 local CC-MBMTs into global CC-MBMT using REAL tree structure
✅ Step 5b: Merged 1 local CC-MBMTs into global root r
✅ Step 6: Computed alternative root r' (from rebalanced blocks) using SAME Merkle tree method as Step 5a
   Using 501 rebalanced blocks, tree height=7
✅ Step 6b: Using r' (from original blocks) = expected_root_from_original_blocks for CHECK 2
🔐 Step 7: Verifying integrity and detecting fraud...
   r  (from merged local trees, rebalanced): 204946522d7cce0f04d7e2c14b8c25782e712060b59d2e46abdb29570c355070
   r' (from all rebalanced blocks):           204946522d7cce0f04d7e2c14b8c25782e712060b59d2e46abdb29570c355070
   r' (from original blocks):                 997c455272c0bb8ff4d52ff4e2e6709a58f8e8ecd69cf238f25de9af4a7c00df
   Note: r' (from original) will be compared with r (from rebalanced) in CHECK 2
   ✅ Check 1: r == r' (from rebalanced blocks)? true (internal consistency)
   📊 Block counts: original=500, rebalanced=501
   🔍 Check 2 (rebalancing changed block count):
      • Unique blocks in rebalanced: 500
      • Original blocks: 500
      • All original blocks present: true
      • No extra blocks: true
      • Content preserved: true
   ✅ Check 2: Content preserved (only structure changed) - PASSED
✅ SABV5: Verification PASSED - All checks passed
   ✅ Check 1: r == r' (from rebalanced blocks) - internal consistency verified
   ✅ Check 2: r' (from original blocks) == r (from rebalanced blocks) - rebalancing integrity verified
   ✅ Algorithm integrity: SABV5 + LMTR4 working as designed
   ✅ No fraud detected - blocks are consistent and rebalancing preserved content
2025-11-14T18:27:29.876790Z  INFO prove_core: clk = 0 pc = 0x201504
2025-11-14T18:27:30.072265Z  INFO prove_core: clk = 0 pc = 0x201504
2025-11-14T18:27:30.529783Z  INFO prove_core: clk = 10000000 pc = 0x20885c
2025-11-14T18:27:31.135193Z  INFO prove_core: clk = 20000000 pc = 0x205a38
2025-11-14T18:27:31.838732Z  INFO prove_core: clk = 30000000 pc = 0x2043d0
2025-11-14T18:27:32.193632Z  INFO prove_core:generate main traces: close time.busy=791ms time.idle=6.82µs index=0
2025-11-14T18:27:32.542994Z  INFO prove_core: clk = 40000000 pc = 0x2060cc
2025-11-14T18:27:33.144867Z  INFO prove_core: clk = 50000000 pc = 0x205f04
2025-11-14T18:27:33.745270Z  INFO prove_core: clk = 60000000 pc = 0x2011f0
2025-11-14T18:27:33.949982Z  INFO prove_core:generate main traces: close time.busy=550ms time.idle=6.60µs index=1
2025-11-14T18:27:34.342675Z  INFO prove_core: clk = 70000000 pc = 0x231250
2025-11-14T18:27:34.928867Z  INFO prove_core: clk = 80000000 pc = 0x201234
2025-11-14T18:27:35.528791Z  INFO prove_core: clk = 90000000 pc = 0x231254
2025-11-14T18:27:35.935305Z  INFO prove_core:generate main traces: close time.busy=524ms time.idle=6.52µs index=2
2025-11-14T18:27:36.119172Z  INFO prove_core: clk = 100000000 pc = 0x2313c8
2025-11-14T18:27:36.965813Z  INFO prove_core: clk = 110000000 pc = 0x201238
2025-11-14T18:27:37.558654Z  INFO prove_core: clk = 120000000 pc = 0x2013d8
2025-11-14T18:27:38.154780Z  INFO prove_core: clk = 130000000 pc = 0x231250
2025-11-14T18:27:38.772005Z  INFO prove_core: clk = 140000000 pc = 0x201098
2025-11-14T18:27:39.366172Z  INFO prove_core: clk = 150000000 pc = 0x201228
2025-11-14T18:27:40.772647Z  INFO prove_core: clk = 160000000 pc = 0x2010e4
2025-11-14T18:27:41.361289Z  INFO prove_core: clk = 170000000 pc = 0x23124c
2025-11-14T18:27:41.947820Z  INFO prove_core: clk = 180000000 pc = 0x2312b4
2025-11-14T18:32:00.073771Z  INFO prove_core:generate main traces: close time.busy=567ms time.idle=6.40µs index=3
2025-11-14T18:36:27.263137Z  INFO prove_core: clk = 10000000 pc = 0x20885c
2025-11-14T18:36:28.448947Z  INFO prove_core:generate main traces: close time.busy=719ms time.idle=7.34µs index=4
2025-11-14T18:40:55.041947Z  INFO prove_core:generate main traces: close time.busy=647ms time.idle=7.64µs index=5
2025-11-14T18:45:19.391651Z  INFO prove_core:generate main traces: close time.busy=605ms time.idle=7.43µs index=6
2025-11-14T18:49:45.263875Z  INFO prove_core:generate main traces: close time.busy=628ms time.idle=7.14µs index=7
2025-11-14T18:54:10.027156Z  INFO prove_core:generate main traces: close time.busy=699ms time.idle=6.62µs index=8
2025-11-14T18:58:34.281678Z  INFO prove_core: clk = 20000000 pc = 0x205a38
2025-11-14T18:58:35.555953Z  INFO prove_core:generate main traces: close time.busy=578ms time.idle=5.66µs index=9
2025-11-14T19:03:02.048837Z  INFO prove_core:generate main traces: close time.busy=628ms time.idle=13.7µs index=10
2025-11-14T19:07:26.982116Z  INFO prove_core:generate main traces: close time.busy=615ms time.idle=7.44µs index=11
2025-11-14T19:11:51.406267Z  INFO prove_core:generate main traces: close time.busy=593ms time.idle=6.53µs index=12
2025-11-14T19:16:20.042730Z  INFO prove_core:generate main traces: close time.busy=550ms time.idle=6.76µs index=13
2025-11-14T19:20:43.230323Z  INFO prove_core: clk = 30000000 pc = 0x2043d0
2025-11-14T19:20:44.911754Z  INFO prove_core:generate main traces: close time.busy=673ms time.idle=6.44µs index=14
2025-11-14T19:25:08.124123Z  INFO prove_core:generate main traces: close time.busy=551ms time.idle=6.00µs index=15
2025-11-14T19:29:35.246524Z  INFO prove_core:generate main traces: close time.busy=643ms time.idle=5.67µs index=16
2025-11-14T19:33:58.460311Z  INFO prove_core:generate main traces: close time.busy=750ms time.idle=6.95µs index=17
2025-11-14T19:38:19.354197Z  INFO prove_core:generate main traces: close time.busy=510ms time.idle=6.91µs index=18
2025-11-14T19:42:41.105581Z  INFO prove_core: clk = 40000000 pc = 0x2060cc
2025-11-14T19:42:42.907939Z  INFO prove_core:generate main traces: close time.busy=559ms time.idle=7.14µs index=19
2025-11-14T19:47:06.190467Z  INFO prove_core:generate main traces: close time.busy=570ms time.idle=6.25µs index=20
2025-11-14T19:51:28.170372Z  INFO prove_core:generate main traces: close time.busy=613ms time.idle=6.42µs index=21
2025-11-14T19:55:52.927890Z  INFO prove_core:generate main traces: close time.busy=624ms time.idle=6.63µs index=22
2025-11-14T20:00:14.185865Z  INFO prove_core: clk = 50000000 pc = 0x205f04
2025-11-14T20:00:15.268723Z  INFO prove_core:generate main traces: close time.busy=612ms time.idle=6.93µs index=23
2025-11-14T20:04:39.849879Z  INFO prove_core:generate main traces: close time.busy=575ms time.idle=6.23µs index=24
2025-11-14T20:09:02.454367Z  INFO prove_core:generate main traces: close time.busy=664ms time.idle=8.34µs index=25
2025-11-14T20:13:23.630295Z  INFO prove_core:generate main traces: close time.busy=596ms time.idle=10.6µs index=26
2025-11-14T20:17:44.803070Z  INFO prove_core:generate main traces: close time.busy=653ms time.idle=6.23µs index=27
2025-11-14T20:22:05.517086Z  INFO prove_core: clk = 60000000 pc = 0x2011f0
2025-11-14T20:22:06.785943Z  INFO prove_core:generate main traces: close time.busy=619ms time.idle=6.11µs index=28
2025-11-14T20:26:29.730779Z  INFO prove_core:generate main traces: close time.busy=592ms time.idle=6.65µs index=29
2025-11-14T20:30:55.653201Z  INFO prove_core:generate main traces: close time.busy=592ms time.idle=7.56µs index=30
2025-11-14T20:35:21.458741Z  INFO prove_core:generate main traces: close time.busy=571ms time.idle=6.90µs index=31
2025-11-14T20:39:43.624571Z  INFO prove_core:generate main traces: close time.busy=504ms time.idle=40.7µs index=32
2025-11-14T20:44:08.022017Z  INFO prove_core: clk = 70000000 pc = 0x231250
2025-11-14T20:44:12.110053Z  INFO prove_core:generate main traces: close time.busy=2.98s time.idle=6.57µs index=33
2025-11-14T20:53:06.817740Z  INFO prove_core:generate main traces: close time.busy=3.11s time.idle=6.58µs index=34
2025-11-14T20:58:24.420482Z  INFO prove_core:generate main traces: close time.busy=3.25s time.idle=7.59µs index=35
2025-11-14T21:03:52.599250Z  INFO prove_core:generate main traces: close time.busy=3.83s time.idle=7.89µs index=36
2025-11-14T21:09:21.207134Z  INFO prove_core:generate main traces: close time.busy=3.51s time.idle=8.48µs index=37
2025-11-14T21:14:42.931954Z  INFO prove_core: clk = 80000000 pc = 0x201234
2025-11-14T21:14:50.296341Z  INFO prove_core:generate main traces: close time.busy=5.52s time.idle=8.23µs index=38
2025-11-14T21:24:38.303525Z  INFO prove_core:generate main traces: close time.busy=3.30s time.idle=8.71µs index=39
2025-11-14T21:26:46.881232Z  INFO prove_core:generate main traces: close time.busy=4.49s time.idle=7.69µs index=40
2025-11-14T21:32:12.748749Z  INFO prove_core:generate main traces: close time.busy=3.56s time.idle=7.60µs index=41
2025-11-14T21:37:34.596819Z  INFO prove_core: clk = 90000000 pc = 0x231254
2025-11-14T21:37:41.663034Z  INFO prove_core:generate main traces: close time.busy=5.88s time.idle=7.93µs index=42
2025-11-14T21:47:30.260576Z  INFO prove_core:generate main traces: close time.busy=3.20s time.idle=7.06µs index=43
2025-11-14T21:49:37.503799Z  INFO prove_core:generate main traces: close time.busy=3.83s time.idle=7.52µs index=44
2025-11-14T21:55:02.105177Z  INFO prove_core:generate main traces: close time.busy=3.67s time.idle=7.61µs index=45
2025-11-14T22:00:35.446555Z  INFO prove_core:generate main traces: close time.busy=5.75s time.idle=24.2µs index=46
2025-11-14T22:10:22.852224Z  INFO prove_core: clk = 100000000 pc = 0x2313c8
2025-11-14T22:10:27.283517Z  INFO prove_core:generate main traces: close time.busy=3.59s time.idle=6.72µs index=47
2025-11-14T22:12:34.386753Z  INFO prove_core:generate main traces: close time.busy=3.78s time.idle=6.67µs index=48
2025-11-14T22:17:59.493965Z  INFO prove_core:generate main traces: close time.busy=3.63s time.idle=7.00µs index=49
2025-11-14T22:23:28.548837Z  INFO prove_core:generate main traces: close time.busy=5.39s time.idle=7.14µs index=50
2025-11-14T22:33:14.594088Z  INFO prove_core:generate main traces: close time.busy=3.71s time.idle=7.57µs index=51
2025-11-14T22:35:17.119798Z  INFO prove_core: clk = 110000000 pc = 0x201238
2025-11-14T22:35:21.492013Z  INFO prove_core:generate main traces: close time.busy=3.31s time.idle=7.94µs index=52
2025-11-14T22:40:49.288935Z  INFO prove_core:generate main traces: close time.busy=3.64s time.idle=6.60µs index=53
2025-11-14T22:46:20.144326Z  INFO prove_core:generate main traces: close time.busy=3.83s time.idle=7.57µs index=54
2025-11-14T22:51:49.769268Z  INFO prove_core:generate main traces: close time.busy=5.33s time.idle=7.34µs index=55
2025-11-14T23:01:41.798636Z  INFO prove_core:generate main traces: close time.busy=3.83s time.idle=8.14µs index=56
2025-11-14T23:03:43.318561Z  INFO prove_core: clk = 120000000 pc = 0x2013d8
2025-11-14T23:03:48.068004Z  INFO prove_core:generate main traces: close time.busy=3.38s time.idle=6.73µs index=57
2025-11-14T23:09:17.045638Z  INFO prove_core:generate main traces: close time.busy=3.80s time.idle=7.49µs index=58
2025-11-14T23:14:46.589912Z  INFO prove_core:generate main traces: close time.busy=5.35s time.idle=7.14µs index=59
2025-11-14T23:24:34.809905Z  INFO prove_core:generate main traces: close time.busy=3.66s time.idle=7.20µs index=60
2025-11-14T23:26:40.199041Z  INFO prove_core: clk = 130000000 pc = 0x231250
2025-11-14T23:26:44.532419Z  INFO prove_core:generate main traces: close time.busy=3.77s time.idle=6.72µs index=61
2025-11-14T23:32:12.895382Z  INFO prove_core:generate main traces: close time.busy=3.49s time.idle=7.32µs index=62
2025-11-14T23:37:40.858395Z  INFO prove_core:generate main traces: close time.busy=5.20s time.idle=6.56µs index=63
2025-11-14T23:47:29.669828Z  INFO prove_core:generate main traces: close time.busy=3.08s time.idle=7.52µs index=64
2025-11-14T23:49:38.863660Z  INFO prove_core:generate main traces: close time.busy=4.20s time.idle=6.90µs index=65
2025-11-14T23:55:06.979038Z  INFO prove_core: clk = 140000000 pc = 0x201098
2025-11-14T23:55:11.442210Z  INFO prove_core:generate main traces: close time.busy=3.66s time.idle=10.5µs index=66
2025-11-15T00:00:41.853775Z  INFO prove_core:generate main traces: close time.busy=5.44s time.idle=10.5µs index=67
2025-11-15T00:10:34.513026Z  INFO prove_core:generate main traces: close time.busy=3.81s time.idle=6.96µs index=68
2025-11-15T00:12:43.029851Z  INFO prove_core:generate main traces: close time.busy=3.83s time.idle=8.52µs index=69
2025-11-15T00:18:11.050341Z  INFO prove_core:generate main traces: close time.busy=3.62s time.idle=7.57µs index=70
2025-11-15T00:23:38.474278Z  INFO prove_core: clk = 150000000 pc = 0x201228
2025-11-15T00:23:42.994694Z  INFO prove_core:generate main traces: close time.busy=3.39s time.idle=8.01µs index=71
2025-11-15T00:29:14.165241Z  INFO prove_core:generate main traces: close time.busy=5.75s time.idle=7.18µs index=72
2025-11-15T00:39:07.433276Z  INFO prove_core:generate main traces: close time.busy=3.73s time.idle=6.42µs index=73
2025-11-15T00:41:14.451951Z  INFO prove_core:generate main traces: close time.busy=3.80s time.idle=6.78µs index=74
2025-11-15T00:46:42.234443Z  INFO prove_core:generate main traces: close time.busy=3.33s time.idle=5.82µs index=75
2025-11-15T00:52:03.020964Z  INFO prove_core: clk = 160000000 pc = 0x2010e4
2025-11-15T00:52:10.266903Z  INFO prove_core:generate main traces: close time.busy=5.42s time.idle=6.44µs index=76
2025-11-15T01:02:01.026255Z  INFO prove_core:generate main traces: close time.busy=3.09s time.idle=6.35µs index=77
2025-11-15T01:04:08.719980Z  INFO prove_core:generate main traces: close time.busy=3.92s time.idle=6.67µs index=78
2025-11-15T01:09:38.967231Z  INFO prove_core:generate main traces: close time.busy=3.55s time.idle=6.05µs index=79
2025-11-15T01:15:07.417572Z  INFO prove_core:generate main traces: close time.busy=5.45s time.idle=6.59µs index=80
2025-11-15T01:24:48.901294Z  INFO prove_core: clk = 170000000 pc = 0x23124c
2025-11-15T01:24:54.322852Z  INFO prove_core:generate main traces: close time.busy=3.90s time.idle=7.71µs index=81
2025-11-15T01:27:00.652919Z  INFO prove_core:generate main traces: close time.busy=3.57s time.idle=6.93µs index=82
2025-11-15T01:32:37.531707Z  INFO prove_core:generate main traces: close time.busy=3.69s time.idle=6.82µs index=83
2025-11-15T01:38:07.314847Z  INFO prove_core:generate main traces: close time.busy=3.28s time.idle=7.71µs index=84
2025-11-15T01:43:31.522171Z  INFO prove_core: clk = 180000000 pc = 0x2312b4
2025-11-15T01:43:35.949307Z  INFO prove_core:generate main traces: close time.busy=3.51s time.idle=8.60µs index=85
2025-11-15T01:49:20.501444Z  INFO prove_core:generate main traces: close time.busy=16.2s time.idle=7.40µs index=86
2025-11-15T02:01:35.664196Z  WARN prove_core: High cycle count detected (180M cycles). For better performance, consider using the Succinct Prover Network: https://docs.succinct.xyz/docs/sp1/generating-proofs/prover-network
2025-11-15T02:01:35.669306Z  INFO prove_core: close time.busy=27243s time.idle=2.36s
2025-11-15T09:40:01.707150Z  INFO compress: close time.busy=27504s time.idle=1.33s
2025-11-15T09:40:49.274801Z  INFO shrink:prove_shards: close time.busy=40.0s time.idle=22.6µs
2025-11-15T09:40:49.763396Z  INFO shrink: close time.busy=47.1s time.idle=16.5µs
2025-11-15T09:50:49.547992Z  INFO wrap_bn254:prove_shards: close time.busy=424s time.idle=11.8µs
2025-11-15T09:50:49.800920Z  INFO wrap_bn254:verify: close time.busy=253ms time.idle=6.16µs
2025-11-15T09:50:50.104853Z  INFO wrap_bn254: close time.busy=600s time.idle=6.98µs
[sp1] plonk circuit artifacts already seem to exist at /home/ubuntu/.sp1/circuits/plonk/v5.0.0. if you want to re-download them, delete the directory
2025-11-15T09:50:50.189601Z  INFO wrap_plonk_bn254: Running prove in docker
2025-11-15T10:06:27.257847Z  INFO wrap_plonk_bn254: Running verify in docker
2025-11-15T10:06:27.891059Z  INFO wrap_plonk_bn254: close time.busy=938s time.idle=7.34µs
	Command being timed: "cargo run --release -p pessimistic-proof-test-suite --bin ppgen_sabv_lmtr5 -- --n-exits 500 --validator-nodes 5 --proof-dir /home/ubuntu/thanhhuyen/proofs/v5/n500_run2"
	User time (seconds): 687588.67
	System time (seconds): 23109.76
	Percent of CPU this job got: 1261%
	Elapsed (wall clock) time (h:mm:ss or m:ss): 15:39:11
	Average shared text size (kbytes): 0
	Average unshared data size (kbytes): 0
	Average stack size (kbytes): 0
	Average total size (kbytes): 0
	Maximum resident set size (kbytes): 23630504
	Average resident set size (kbytes): 0
	Major (requiring I/O) page faults: 0
	Minor (reclaiming a frame) page faults: 1767295576
	Voluntary context switches: 32110617
	Involuntary context switches: 18561578
	Swaps: 0
	File system inputs: 0
	File system outputs: 104864
	Socket messages sent: 0
	Socket messages received: 0
	Signals delivered: 0
	Page size (bytes): 4096
	Exit status: 0
