warning: unused import: `keccak::Keccak256Hasher`
 --> crates/pessimistic-proof-core/src/sabv2.rs:2:35
  |
2 | use agglayer_primitives::{Digest, keccak::Keccak256Hasher};
  |                                   ^^^^^^^^^^^^^^^^^^^^^^^
  |
  = note: `#[warn(unused_imports)]` on by default

warning: unused import: `keccak::Keccak256Hasher`
 --> crates/pessimistic-proof-core/src/lmtr2.rs:2:35
  |
2 | use agglayer_primitives::{Digest, keccak::Keccak256Hasher};
  |                                   ^^^^^^^^^^^^^^^^^^^^^^^

warning: unused import: `keccak::Keccak256Hasher`
 --> crates/pessimistic-proof-core/src/sabv3.rs:2:35
  |
2 | use agglayer_primitives::{Digest, keccak::Keccak256Hasher};
  |                                   ^^^^^^^^^^^^^^^^^^^^^^^

warning: unused import: `keccak::Keccak256Hasher`
 --> crates/pessimistic-proof-core/src/lmtr3.rs:2:35
  |
2 | use agglayer_primitives::{Digest, keccak::Keccak256Hasher};
  |                                   ^^^^^^^^^^^^^^^^^^^^^^^

warning: unused import: `keccak::Keccak256Hasher`
 --> crates/pessimistic-proof-core/src/sabv4.rs:2:35
  |
2 | use agglayer_primitives::{Digest, keccak::Keccak256Hasher};
  |                                   ^^^^^^^^^^^^^^^^^^^^^^^

warning: unused import: `keccak::Keccak256Hasher`
 --> crates/pessimistic-proof-core/src/lmtr4.rs:2:35
  |
2 | use agglayer_primitives::{Digest, keccak::Keccak256Hasher};
  |                                   ^^^^^^^^^^^^^^^^^^^^^^^

warning: unused imports: `BridgeExit`, `ImportedBridgeExit`, `NetworkId`, and `TokenInfo`
   --> crates/pessimistic-proof-core/src/lmtr4.rs:245:30
    |
245 |         use unified_bridge::{BridgeExit, ImportedBridgeExit, NetworkId, TokenInfo};
    |                              ^^^^^^^^^^  ^^^^^^^^^^^^^^^^^^  ^^^^^^^^^  ^^^^^^^^^

warning: unused import: `agglayer_primitives::U256`
   --> crates/pessimistic-proof-core/src/lmtr4.rs:247:13
    |
247 |         use agglayer_primitives::U256;
    |             ^^^^^^^^^^^^^^^^^^^^^^^^^

warning: unused import: `crate::nullifier_tree::NullifierPath`
   --> crates/pessimistic-proof-core/src/lmtr4.rs:248:13
    |
248 |         use crate::nullifier_tree::NullifierPath;
    |             ^^^^^^^^^^^^^^^^^^^^^^^^^^^^^^^^^^^^

warning: unused import: `crate::local_balance_tree::LocalBalancePath`
   --> crates/pessimistic-proof-core/src/lmtr4.rs:249:13
    |
249 |         use crate::local_balance_tree::LocalBalancePath;
    |             ^^^^^^^^^^^^^^^^^^^^^^^^^^^^^^^^^^^^^^^^^^^

warning: unused import: `crate::aggchain_proof::AggchainData`
   --> crates/pessimistic-proof-core/src/lmtr4.rs:250:13
    |
250 |         use crate::aggchain_proof::AggchainData;
    |             ^^^^^^^^^^^^^^^^^^^^^^^^^^^^^^^^^^^

warning: unused import: `keccak::Keccak256Hasher`
 --> crates/pessimistic-proof-core/src/sabv5.rs:2:35
  |
2 | use agglayer_primitives::{Digest, keccak::Keccak256Hasher};
  |                                   ^^^^^^^^^^^^^^^^^^^^^^^

warning: unused variable: `branching_factor`
  --> crates/pessimistic-proof-core/src/lmtr.rs:31:9
   |
31 |         branching_factor: usize,
   |         ^^^^^^^^^^^^^^^^ help: if this is intentional, prefix it with an underscore: `_branching_factor`
   |
   = note: `#[warn(unused_variables)]` on by default

warning: unused variable: `block`
  --> crates/pessimistic-proof-core/src/sabv2.rs:72:13
   |
72 |         for block in blocks {
   |             ^^^^^ help: if this is intentional, prefix it with an underscore: `_block`

warning: unused variable: `consensus_result`
  --> crates/pessimistic-proof-core/src/sabv2.rs:79:13
   |
79 |         let consensus_result = self.run_consensus_mechanism(blocks, validator_nodes)?;
   |             ^^^^^^^^^^^^^^^^ help: if this is intentional, prefix it with an underscore: `_consensus_result`

warning: unused variable: `global_root`
  --> crates/pessimistic-proof-core/src/sabv2.rs:63:9
   |
63 |         global_root: &agglayer_primitives::Digest,
   |         ^^^^^^^^^^^ help: if this is intentional, prefix it with an underscore: `_global_root`

warning: unused variable: `computed_hash`
   --> crates/pessimistic-proof-core/src/sabv2.rs:136:13
    |
136 |         let computed_hash = Keccak256::digest(&block_data);
    |             ^^^^^^^^^^^^^ help: if this is intentional, prefix it with an underscore: `_computed_hash`

warning: unused variable: `declared_hash`
   --> crates/pessimistic-proof-core/src/sabv2.rs:139:13
    |
139 |         let declared_hash = self.get_block_declared_hash(block)?;
    |             ^^^^^^^^^^^^^ help: if this is intentional, prefix it with an underscore: `_declared_hash`

warning: unused variable: `block`
   --> crates/pessimistic-proof-core/src/sabv2.rs:229:32
    |
229 |     fn get_block_height(&self, block: &crate::multi_batch_header::MultiBatchHeader<agglayer_primitives::keccak::Keccak256Hasher>) -> Resu...
    |                                ^^^^^ help: if this is intentional, prefix it with an underscore: `_block`

warning: unused variable: `block`
   --> crates/pessimistic-proof-core/src/sabv2.rs:241:39
    |
241 |     fn get_block_declared_hash(&self, block: &crate::multi_batch_header::MultiBatchHeader<agglayer_primitives::keccak::Keccak256Hasher>) ...
    |                                       ^^^^^ help: if this is intentional, prefix it with an underscore: `_block`

warning: unused variable: `block`
   --> crates/pessimistic-proof-core/src/sabv2.rs:247:32
    |
247 |     fn get_block_signer(&self, block: &crate::multi_batch_header::MultiBatchHeader<agglayer_primitives::keccak::Keccak256Hasher>) -> Resu...
    |                                ^^^^^ help: if this is intentional, prefix it with an underscore: `_block`

warning: unused variable: `block`
   --> crates/pessimistic-proof-core/src/sabv2.rs:257:35
    |
257 |     fn get_block_signature(&self, block: &crate::multi_batch_header::MultiBatchHeader<agglayer_primitives::keccak::Keccak256Hasher>) -> R...
    |                                   ^^^^^ help: if this is intentional, prefix it with an underscore: `_block`

warning: unused variable: `hash`
   --> crates/pessimistic-proof-core/src/sabv2.rs:274:13
    |
274 |         let hash = Keccak256::digest(&block_data);
    |             ^^^^ help: if this is intentional, prefix it with an underscore: `_hash`

warning: unused variable: `block`
   --> crates/pessimistic-proof-core/src/sabv2.rs:295:35
    |
295 |     fn estimate_block_size(&self, block: &crate::multi_batch_header::MultiBatchHeader<agglayer_primitives::keccak::Keccak256Hasher>) -> R...
    |                                   ^^^^^ help: if this is intentional, prefix it with an underscore: `_block`

warning: unused variable: `i`
   --> crates/pessimistic-proof-core/src/lmtr2.rs:144:14
    |
144 |         for (i, block) in blocks.iter().enumerate() {
    |              ^ help: if this is intentional, prefix it with an underscore: `_i`

warning: unused variable: `leaf_hash`
   --> crates/pessimistic-proof-core/src/lmtr2.rs:146:17
    |
146 |             let leaf_hash = Keccak256::digest(&block_data);
    |                 ^^^^^^^^^ help: if this is intentional, prefix it with an underscore: `_leaf_hash`

warning: unused variable: `current_efficiency`
   --> crates/pessimistic-proof-core/src/lmtr2.rs:179:13
    |
179 |         let current_efficiency = self.calculate_tree_efficiency(num_blocks, branching_factor)?;
    |             ^^^^^^^^^^^^^^^^^^ help: if this is intentional, prefix it with an underscore: `_current_efficiency`

warning: unused variable: `new_hash`
   --> crates/pessimistic-proof-core/src/lmtr2.rs:229:21
    |
229 |                 let new_hash = Keccak256::digest(&optimized_data);
    |                     ^^^^^^^^ help: if this is intentional, prefix it with an underscore: `_new_hash`

warning: unused variable: `optimal_config`
   --> crates/pessimistic-proof-core/src/lmtr2.rs:217:9
    |
217 |         optimal_config: &OptimalConfig,
    |         ^^^^^^^^^^^^^^ help: if this is intentional, prefix it with an underscore: `_optimal_config`

warning: unused variable: `parent_hash`
   --> crates/pessimistic-proof-core/src/lmtr2.rs:312:21
    |
312 |                 let parent_hash = Keccak256::digest(&parent_data);
    |                     ^^^^^^^^^^^ help: if this is intentional, prefix it with an underscore: `_parent_hash`

warning: unused variable: `tree`
   --> crates/pessimistic-proof-core/src/lmtr2.rs:399:136
    |
399 | ...ves::keccak::Keccak256Hasher>, tree: &MerkleTree) -> Result<crate::multi_batch_header::MultiBatchHeader<agglayer_primitives::keccak::K...
    |                                   ^^^^ help: if this is intentional, prefix it with an underscore: `_tree`

warning: unused variable: `j_star`
   --> crates/pessimistic-proof-core/src/sabv3.rs:305:9
    |
305 |         j_star: usize,
    |         ^^^^^^ help: if this is intentional, prefix it with an underscore: `_j_star`

warning: unused variable: `j_star`
   --> crates/pessimistic-proof-core/src/sabv4.rs:496:9
    |
496 |         j_star: usize,
    |         ^^^^^^ help: if this is intentional, prefix it with an underscore: `_j_star`

warning: unused variable: `expected_root`
   --> crates/pessimistic-proof-core/src/sabv4.rs:603:72
    |
603 | ...mputed_root: &Digest, expected_root: &agglayer_primitives::Digest, signature: &agglayer_primitives::Signature, signer: &agglayer_primi...
    |                          ^^^^^^^^^^^^^ help: if this is intentional, prefix it with an underscore: `_expected_root`

warning: unused variable: `expected_bytes`
   --> crates/pessimistic-proof-core/src/sabv4.rs:744:56
    |
744 |     fn verify_hash_chain(&self, computed_bytes: &[u8], expected_bytes: &[u8]) -> Result<bool, ProofError> {
    |                                                        ^^^^^^^^^^^^^^ help: if this is intentional, prefix it with an underscore: `_expected_bytes`

warning: unused variable: `global_root`
   --> crates/pessimistic-proof-core/src/sabv5.rs:138:9
    |
138 |         global_root: &agglayer_primitives::Digest,
    |         ^^^^^^^^^^^ help: if this is intentional, prefix it with an underscore: `_global_root`

warning: value assigned to `local_trees` is never read
   --> crates/pessimistic-proof-core/src/sabv5.rs:672:17
    |
672 |         let mut local_trees = Vec::new();
    |                 ^^^^^^^^^^^
    |
    = help: maybe it is overwritten before being read?
    = note: `#[warn(unused_assignments)]` on by default

warning: unused variable: `j_star`
   --> crates/pessimistic-proof-core/src/sabv5.rs:669:9
    |
669 |         j_star: usize,
    |         ^^^^^^ help: if this is intentional, prefix it with an underscore: `_j_star`

warning: unused variable: `expected_root`
   --> crates/pessimistic-proof-core/src/sabv5.rs:792:72
    |
792 | ...mputed_root: &Digest, expected_root: &agglayer_primitives::Digest, signature: &agglayer_primitives::Signature, signer: &agglayer_primi...
    |                          ^^^^^^^^^^^^^ help: if this is intentional, prefix it with an underscore: `_expected_root`

warning: unused variable: `expected_bytes`
   --> crates/pessimistic-proof-core/src/sabv5.rs:933:56
    |
933 |     fn verify_hash_chain(&self, computed_bytes: &[u8], expected_bytes: &[u8]) -> Result<bool, ProofError> {
    |                                                        ^^^^^^^^^^^^^^ help: if this is intentional, prefix it with an underscore: `_expected_bytes`

warning: field `config` is never read
  --> crates/pessimistic-proof-core/src/sabv.rs:13:5
   |
12 | pub struct SabvAlgorithm {
   |            ------------- field in this struct
13 |     config: SabvConfig,
   |     ^^^^^^
   |
   = note: `SabvAlgorithm` has derived impls for the traits `Clone` and `Debug`, but these are intentionally ignored during dead code analysis
   = note: `#[warn(dead_code)]` on by default

warning: field `config` is never read
  --> crates/pessimistic-proof-core/src/lmtr.rs:12:5
   |
11 | pub struct LmtrAlgorithm {
   |            ------------- field in this struct
12 |     config: LmtrConfig,
   |     ^^^^^^
   |
   = note: `LmtrAlgorithm` has derived impls for the traits `Clone` and `Debug`, but these are intentionally ignored during dead code analysis

warning: fields `config` and `consensus_messages` are never read
  --> crates/pessimistic-proof-core/src/sabv2.rs:34:5
   |
33 | pub struct Sabv2Algorithm {
   |            -------------- fields in this struct
34 |     config: Sabv2Config,
   |     ^^^^^^
35 |     validators: Vec<ValidatorNode>,
36 |     consensus_messages: HashMap<Digest, Vec<ConsensusMessage>>,
   |     ^^^^^^^^^^^^^^^^^^
   |
   = note: `Sabv2Algorithm` has derived impls for the traits `Clone` and `Debug`, but these are intentionally ignored during dead code analysis

warning: multiple methods are never used
   --> crates/pessimistic-proof-core/src/sabv2.rs:89:8
    |
 39 | impl Sabv2Algorithm {
    | ------------------- methods in this implementation
...
 89 |     fn validate_block_cryptography(
    |        ^^^^^^^^^^^^^^^^^^^^^^^^^^^
...
112 |     fn verify_merkle_tree_structure(
    |        ^^^^^^^^^^^^^^^^^^^^^^^^^^^^
...
130 |     fn verify_hash_integrity(
    |        ^^^^^^^^^^^^^^^^^^^^^
...
149 |     fn verify_signature_validity(
    |        ^^^^^^^^^^^^^^^^^^^^^^^^^
...
204 |     fn verify_consensus_threshold(
    |        ^^^^^^^^^^^^^^^^^^^^^^^^^^
...
222 |     fn calculate_optimal_height(&self, block: &crate::multi_batch_header::MultiBatchHeader<agglayer_primitives::keccak::Keccak256Hasher>)...
    |        ^^^^^^^^^^^^^^^^^^^^^^^^
...
229 |     fn get_block_height(&self, block: &crate::multi_batch_header::MultiBatchHeader<agglayer_primitives::keccak::Keccak256Hasher>) -> Resu...
    |        ^^^^^^^^^^^^^^^^
...
241 |     fn get_block_declared_hash(&self, block: &crate::multi_batch_header::MultiBatchHeader<agglayer_primitives::keccak::Keccak256Hasher>) ...
    |        ^^^^^^^^^^^^^^^^^^^^^^^
...
247 |     fn get_block_signer(&self, block: &crate::multi_batch_header::MultiBatchHeader<agglayer_primitives::keccak::Keccak256Hasher>) -> Resu...
    |        ^^^^^^^^^^^^^^^^
...
252 |     fn get_block_message(&self, block: &crate::multi_batch_header::MultiBatchHeader<agglayer_primitives::keccak::Keccak256Hasher>) -> Res...
    |        ^^^^^^^^^^^^^^^^^
...
257 |     fn get_block_signature(&self, block: &crate::multi_batch_header::MultiBatchHeader<agglayer_primitives::keccak::Keccak256Hasher>) -> R...
    |        ^^^^^^^^^^^^^^^^^^^
...
262 |     fn compute_expected_signature(&self, signer: &str, message: &[u8]) -> Result<String, ProofError> {
    |        ^^^^^^^^^^^^^^^^^^^^^^^^^^
...
295 |     fn estimate_block_size(&self, block: &crate::multi_batch_header::MultiBatchHeader<agglayer_primitives::keccak::Keccak256Hasher>) -> R...
    |        ^^^^^^^^^^^^^^^^^^^

warning: field `tree_cache` is never read
  --> crates/pessimistic-proof-core/src/lmtr2.rs:53:5
   |
51 | pub struct Lmtr2Algorithm {
   |            -------------- field in this struct
52 |     config: Lmtr2Config,
53 |     tree_cache: HashMap<Digest, MerkleTree>,
   |     ^^^^^^^^^^
   |
   = note: `Lmtr2Algorithm` has derived impls for the traits `Clone` and `Debug`, but these are intentionally ignored during dead code analysis

warning: fields `branching_factor` and `rebalancing_cost` are never read
   --> crates/pessimistic-proof-core/src/lmtr2.rs:415:5
    |
413 | struct OptimalConfig {
    |        ------------- fields in this struct
414 |     optimal_height: usize,
415 |     branching_factor: usize,
    |     ^^^^^^^^^^^^^^^^
416 |     expected_efficiency: f64,
417 |     rebalancing_cost: u64,
    |     ^^^^^^^^^^^^^^^^
    |
    = note: `OptimalConfig` has derived impls for the traits `Clone` and `Debug`, but these are intentionally ignored during dead code analysis

warning: field `validators` is never read
  --> crates/pessimistic-proof-core/src/sabv3.rs:41:5
   |
39 | pub struct Sabv3Algorithm {
   |            -------------- field in this struct
40 |     config: Sabv3Config,
41 |     validators: Vec<ValidatorNode>,
   |     ^^^^^^^^^^
   |
   = note: `Sabv3Algorithm` has derived impls for the traits `Clone` and `Debug`, but these are intentionally ignored during dead code analysis

warning: methods `construct_local_cc_mbmt`, `compute_shard_hash`, `build_merkle_tree`, and `calculate_tree_height` are never used
   --> crates/pessimistic-proof-core/src/sabv3.rs:302:8
    |
 44 | impl Sabv3Algorithm {
    | ------------------- methods in this implementation
...
302 |     fn construct_local_cc_mbmt(
    |        ^^^^^^^^^^^^^^^^^^^^^^^
...
441 |     fn compute_shard_hash(&self, blocks: &[crate::multi_batch_header::MultiBatchHeader<agglayer_primitives::keccak::Keccak256Hasher>]) ->...
    |        ^^^^^^^^^^^^^^^^^^
...
459 |     fn build_merkle_tree(&self, blocks: &[crate::multi_batch_header::MultiBatchHeader<agglayer_primitives::keccak::Keccak256Hasher>], b: ...
    |        ^^^^^^^^^^^^^^^^^
...
526 |     fn calculate_tree_height(&self, num_blocks: usize, b: usize) -> usize {
    |        ^^^^^^^^^^^^^^^^^^^^^

warning: struct `BlockchainMerkleProof` is never constructed
  --> crates/pessimistic-proof-core/src/sabv4.rs:38:8
   |
38 | struct BlockchainMerkleProof {
   |        ^^^^^^^^^^^^^^^^^^^^^

warning: fields `shard_index` and `round` are never read
  --> crates/pessimistic-proof-core/src/sabv4.rs:50:9
   |
47 | struct MPCShareMessage {
   |        --------------- fields in this struct
...
50 |     pub shard_index: usize,
   |         ^^^^^^^^^^^
51 |     pub share: (f64, f64), // (x, y) = share point
52 |     pub round: u64,
   |         ^^^^^
   |
   = note: `MPCShareMessage` has derived impls for the traits `Clone` and `Debug`, but these are intentionally ignored during dead code analysis

warning: field `consensus_reached` is never read
  --> crates/pessimistic-proof-core/src/sabv4.rs:60:9
   |
57 | struct MPCNetworkState {
   |        --------------- field in this struct
...
60 |     pub consensus_reached: bool,
   |         ^^^^^^^^^^^^^^^^^
   |
   = note: `MPCNetworkState` has a derived impl for the trait `Debug`, but this is intentionally ignored during dead code analysis

warning: field `validators` is never read
  --> crates/pessimistic-proof-core/src/sabv4.rs:67:5
   |
65 | pub struct Sabv4Algorithm {
   |            -------------- field in this struct
66 |     config: Sabv4Config,
67 |     validators: Vec<ValidatorNode>,
   |     ^^^^^^^^^^
   |
   = note: `Sabv4Algorithm` has a derived impl for the trait `Debug`, but this is intentionally ignored during dead code analysis

warning: multiple methods are never used
    --> crates/pessimistic-proof-core/src/sabv4.rs:493:8
     |
  71 | impl Sabv4Algorithm {
     | ------------------- methods in this implementation
...
 493 |     fn construct_local_cc_mbmt(
     |        ^^^^^^^^^^^^^^^^^^^^^^^
...
 564 |     fn verify_integrity_with_blocks(&self, computed_root: &Digest, expected_root: &agglayer_primitives::Digest, blocks: &[crate::multi_ba...
     |        ^^^^^^^^^^^^^^^^^^^^^^^^^^^^
...
 603 |     fn verify_blockchain_signature_real(&self, computed_root: &Digest, expected_root: &agglayer_primitives::Digest, signature: &agglayer_...
     |        ^^^^^^^^^^^^^^^^^^^^^^^^^^^^^^^^
...
 618 |     fn extract_blockchain_public_key(&self, computed_bytes: &[u8]) -> Result<Vec<u8>, ProofError> {
     |        ^^^^^^^^^^^^^^^^^^^^^^^^^^^^^
...
 629 |     fn validate_blockchain_signature(&self, signature: &[u8], public_key: &[u8]) -> Result<bool, ProofError> {
     |        ^^^^^^^^^^^^^^^^^^^^^^^^^^^^^
...
 648 |     fn verify_merkle_proof(&self, computed_root: &Digest, expected_root: &agglayer_primitives::Digest) -> Result<bool, ProofError> {
     |        ^^^^^^^^^^^^^^^^^^^
...
 682 |     fn extract_blockchain_merkle_proof(&self, computed_root: &Digest, expected_root: &agglayer_primitives::Digest) -> Result<BlockchainMe...
     |        ^^^^^^^^^^^^^^^^^^^^^^^^^^^^^^^
...
 717 |     fn validate_blockchain_proof(&self, proof: &BlockchainMerkleProof) -> Result<bool, ProofError> {
     |        ^^^^^^^^^^^^^^^^^^^^^^^^^
...
 744 |     fn verify_hash_chain(&self, computed_bytes: &[u8], expected_bytes: &[u8]) -> Result<bool, ProofError> {
     |        ^^^^^^^^^^^^^^^^^
...
 772 |     fn verify_timestamp_freshness(&self) -> Result<bool, ProofError> {
     |        ^^^^^^^^^^^^^^^^^^^^^^^^^^
...
 784 |     fn verify_nonce_uniqueness(&self, computed_bytes: &[u8], expected_bytes: &[u8]) -> Result<bool, ProofError> {
     |        ^^^^^^^^^^^^^^^^^^^^^^^
...
 814 |     fn verify_zero_knowledge_proof(&self, computed_root: &Digest, expected_root: &agglayer_primitives::Digest) -> Result<bool, ProofError> {
     |        ^^^^^^^^^^^^^^^^^^^^^^^^^^^
...
 853 |     fn calculate_signature_strength(&self, signature_bytes: &[u8]) -> f64 {
     |        ^^^^^^^^^^^^^^^^^^^^^^^^^^^^
...
 950 |     fn calculate_entropy(&self, data: &[u8]) -> f64 {
     |        ^^^^^^^^^^^^^^^^^
...
 970 |     fn compute_shard_hash(&self, blocks: &[crate::multi_batch_header::MultiBatchHeader<agglayer_primitives::keccak::Keccak256Hasher>]) ->...
     |        ^^^^^^^^^^^^^^^^^^
...
1037 |     fn build_merkle_tree(&self, blocks: &[crate::multi_batch_header::MultiBatchHeader<agglayer_primitives::keccak::Keccak256Hasher>], b: ...
     |        ^^^^^^^^^^^^^^^^^
...
1104 |     fn calculate_tree_height(&self, num_blocks: usize, b: usize) -> usize {
     |        ^^^^^^^^^^^^^^^^^^^^^
...
1113 |     fn compute_root_from_blocks(
     |        ^^^^^^^^^^^^^^^^^^^^^^^^

warning: method `reconstruct_block_from_bytes` is never used
   --> crates/pessimistic-proof-core/src/lmtr4.rs:241:8
    |
 27 | impl Lmtr4Algorithm {
    | ------------------- method in this implementation
...
241 |     fn reconstruct_block_from_bytes(&self, bytes: &[u8]) -> Result<crate::multi_batch_header::MultiBatchHeader<agglayer_primitives::kecca...
    |        ^^^^^^^^^^^^^^^^^^^^^^^^^^^^

warning: struct `BlockchainMerkleProof` is never constructed
  --> crates/pessimistic-proof-core/src/sabv5.rs:48:8
   |
48 | struct BlockchainMerkleProof {
   |        ^^^^^^^^^^^^^^^^^^^^^

warning: fields `shard_index` and `round` are never read
  --> crates/pessimistic-proof-core/src/sabv5.rs:60:9
   |
57 | struct MPCShareMessage {
   |        --------------- fields in this struct
...
60 |     pub shard_index: usize,
   |         ^^^^^^^^^^^
61 |     pub share: (f64, f64), // (x, y) = share point
62 |     pub round: u64,
   |         ^^^^^
   |
   = note: `MPCShareMessage` has derived impls for the traits `Clone` and `Debug`, but these are intentionally ignored during dead code analysis

warning: field `consensus_reached` is never read
  --> crates/pessimistic-proof-core/src/sabv5.rs:70:9
   |
67 | struct MPCNetworkState {
   |        --------------- field in this struct
...
70 |     pub consensus_reached: bool,
   |         ^^^^^^^^^^^^^^^^^
   |
   = note: `MPCNetworkState` has a derived impl for the trait `Debug`, but this is intentionally ignored during dead code analysis

warning: field `validators` is never read
  --> crates/pessimistic-proof-core/src/sabv5.rs:77:5
   |
75 | pub struct Sabv5Algorithm {
   |            -------------- field in this struct
76 |     config: Sabv5Config,
77 |     validators: Vec<ValidatorNode>,
   |     ^^^^^^^^^^
   |
   = note: `Sabv5Algorithm` has a derived impl for the trait `Debug`, but this is intentionally ignored during dead code analysis

warning: multiple methods are never used
    --> crates/pessimistic-proof-core/src/sabv5.rs:666:8
     |
  81 | impl Sabv5Algorithm {
     | ------------------- methods in this implementation
...
 666 |     fn construct_local_cc_mbmt(
     |        ^^^^^^^^^^^^^^^^^^^^^^^
...
 744 |     fn verify_integrity_with_blocks(&self, computed_root: &Digest, expected_root: &agglayer_primitives::Digest, blocks: &[crate::multi_ba...
     |        ^^^^^^^^^^^^^^^^^^^^^^^^^^^^
...
 792 |     fn verify_blockchain_signature_real(&self, computed_root: &Digest, expected_root: &agglayer_primitives::Digest, signature: &agglayer_...
     |        ^^^^^^^^^^^^^^^^^^^^^^^^^^^^^^^^
...
 807 |     fn extract_blockchain_public_key(&self, computed_bytes: &[u8]) -> Result<Vec<u8>, ProofError> {
     |        ^^^^^^^^^^^^^^^^^^^^^^^^^^^^^
...
 818 |     fn validate_blockchain_signature(&self, signature: &[u8], public_key: &[u8]) -> Result<bool, ProofError> {
     |        ^^^^^^^^^^^^^^^^^^^^^^^^^^^^^
...
 837 |     fn verify_merkle_proof(&self, computed_root: &Digest, expected_root: &agglayer_primitives::Digest) -> Result<bool, ProofError> {
     |        ^^^^^^^^^^^^^^^^^^^
...
 871 |     fn extract_blockchain_merkle_proof(&self, computed_root: &Digest, expected_root: &agglayer_primitives::Digest) -> Result<BlockchainMe...
     |        ^^^^^^^^^^^^^^^^^^^^^^^^^^^^^^^
...
 906 |     fn validate_blockchain_proof(&self, proof: &BlockchainMerkleProof) -> Result<bool, ProofError> {
     |        ^^^^^^^^^^^^^^^^^^^^^^^^^
...
 933 |     fn verify_hash_chain(&self, computed_bytes: &[u8], expected_bytes: &[u8]) -> Result<bool, ProofError> {
     |        ^^^^^^^^^^^^^^^^^
...
 961 |     fn verify_timestamp_freshness(&self) -> Result<bool, ProofError> {
     |        ^^^^^^^^^^^^^^^^^^^^^^^^^^
...
 973 |     fn verify_nonce_uniqueness(&self, computed_bytes: &[u8], expected_bytes: &[u8]) -> Result<bool, ProofError> {
     |        ^^^^^^^^^^^^^^^^^^^^^^^
...
1003 |     fn verify_zero_knowledge_proof(&self, computed_root: &Digest, expected_root: &agglayer_primitives::Digest) -> Result<bool, ProofError> {
     |        ^^^^^^^^^^^^^^^^^^^^^^^^^^^
...
1042 |     fn calculate_signature_strength(&self, signature_bytes: &[u8]) -> f64 {
     |        ^^^^^^^^^^^^^^^^^^^^^^^^^^^^
...
1139 |     fn calculate_entropy(&self, data: &[u8]) -> f64 {
     |        ^^^^^^^^^^^^^^^^^
...
1159 |     fn compute_shard_hash(&self, blocks: &[crate::multi_batch_header::MultiBatchHeader<agglayer_primitives::keccak::Keccak256Hasher>]) ->...
     |        ^^^^^^^^^^^^^^^^^^
...
1231 |     fn build_merkle_tree(&self, blocks: &[crate::multi_batch_header::MultiBatchHeader<agglayer_primitives::keccak::Keccak256Hasher>], b: ...
     |        ^^^^^^^^^^^^^^^^^
...
1298 |     fn calculate_tree_height(&self, num_blocks: usize, b: usize) -> usize {
     |        ^^^^^^^^^^^^^^^^^^^^^
...
1319 |     fn compute_root_from_blocks(
     |        ^^^^^^^^^^^^^^^^^^^^^^^^

warning: `pessimistic-proof-core` (lib) generated 59 warnings (run `cargo fix --lib -p pessimistic-proof-core` to apply 12 suggestions)
warning: unused import: `rayon::ThreadPoolBuilder`
 --> crates/pessimistic-proof-test-suite/src/bin/ppgen_sabv_lmtr5.rs:6:5
  |
6 | use rayon::ThreadPoolBuilder;
  |     ^^^^^^^^^^^^^^^^^^^^^^^^
  |
  = note: `#[warn(unused_imports)]` on by default

warning: unused variable: `vk`
   --> crates/pessimistic-proof-test-suite/src/bin/ppgen_sabv_lmtr5.rs:179:24
    |
179 |             Ok((proof, vk, new_roots)) => {
    |                        ^^ help: if this is intentional, prefix it with an underscore: `_vk`
    |
    = note: `#[warn(unused_variables)]` on by default

warning: unused variable: `new_roots`
   --> crates/pessimistic-proof-test-suite/src/bin/ppgen_sabv_lmtr5.rs:179:28
    |
179 |             Ok((proof, vk, new_roots)) => {
    |                            ^^^^^^^^^ help: if this is intentional, prefix it with an underscore: `_new_roots`

warning: `pessimistic-proof-test-suite` (bin "ppgen_sabv_lmtr5") generated 3 warnings (run `cargo fix --bin "ppgen_sabv_lmtr5"` to apply 1 suggestion)
    Finished `release` profile [optimized] target(s) in 5.07s
     Running `target/release/ppgen_sabv_lmtr5 --n-exits 500 --validator-nodes 5 --proof-dir /home/ubuntu/thanhhuyen/proofs/v5_n10_100_500/n500`
🔍 SABV5: Starting Algorithm 1 - Verify Aggregated Blocks Integrity
   Input: N=1 blocks, branching_factor=3, validators=5
   📐 Optimal height calculation: log_3(1) + 1 = 1
🎯 V5: Calculated optimal htarget = 1 for N=1, b=3
📊 Computed expected root from 1 ORIGINAL blocks (before rebalancing): efcf878d227b0fc9e0c5a7dd1fdd47cfc54355d615898dc9eadad8050f7ee481 (height=1)
📊 SABV5: Calculated j* = 1 with variance = 179769313486231570814527423731704356798070567525844996598917476803157260780028538760589558632766878171540458953514382464234321326889464182768467546703537516986049910576551282076245490090389328944075868508455133942304583236903222948165808559332123348274797826204144723168738177180919299881250404026184124858368.0000
✅ Step 1: Optimal sharding size j* = 1 (shard_size = 3^1 = 3)
📦 SABV5: Created 1 shards (0 full + 1 remainder)
✅ Step 2: Partitioned 1 blocks into 1 shards (shard_size = 3)
📡 SABV5: REAL MPC Network - 5 validators broadcast shares, 5 received sufficient shares
🔐 SABV5: REAL Shamir secret sharing - Secret: 0.491920, Reconstructed: 0.491920, Match: true
   Polynomial degree: 2, Shares: 5, Threshold: 3/5
   Validator 4 assigned with share value: -12.381983
✅ Step 3: Secret sharing applied (threshold k=3/5)
📊 Step 4: Rebalancing shards with LMTR4 (Algorithm 2)...
🔧 LMTR4: Starting Algorithm 2 rebalancing for 1 blocks
📊 LMTR4: Initial state - Ni = 1, b = 3, htarget = 1
🔄 LMTR4: Fixed branch imbalance by appending last block - Ni = 2
🔄 LMTR4: Fixed branch imbalance by appending last block - Ni = 3
📊 LMTR4: Height adjustment - Current height = 2, Target = 1
⬇️ LMTR4: Removed block to decrease height - Ni = 2, height = 2
📊 LMTR4: Height adjustment - Current height = 2, Target = 1
⬇️ LMTR4: Removed block to decrease height - Ni = 1, height = 2
✅ LMTR4: Rebalancing complete - Final Ni = 1, height = 1
   ✅ Shard 0 (validator 4) - 1 → 1 blocks, height=1
🌳 Step 5a: Building REAL Local CC-MBMT from rebalanced blocks...
   ✅ Validator 4 built REAL local CC-MBMT (shard 0) - 1 blocks → tree height=1
🔗 SABV5: Merged 1 local CC-MBMTs into global CC-MBMT using REAL tree structure
✅ Step 5b: Merged 1 local CC-MBMTs into global root r
✅ Step 6: Computed alternative root r' (from rebalanced blocks) using SAME Merkle tree method as Step 5a
   Using 1 rebalanced blocks, tree height=1
✅ Step 6b: Using r' (from original blocks) = expected_root_from_original_blocks for CHECK 2
🔐 Step 7: Verifying integrity and detecting fraud...
   r  (from merged local trees, rebalanced): efcf878d227b0fc9e0c5a7dd1fdd47cfc54355d615898dc9eadad8050f7ee481
   r' (from all rebalanced blocks):           efcf878d227b0fc9e0c5a7dd1fdd47cfc54355d615898dc9eadad8050f7ee481
   r' (from original blocks):                 efcf878d227b0fc9e0c5a7dd1fdd47cfc54355d615898dc9eadad8050f7ee481
   Note: r' (from original) will be compared with r (from rebalanced) in CHECK 2
   ✅ Check 1: r == r' (from rebalanced blocks)? true (internal consistency)
   ✅ Check 2: r' (from original blocks) == r (from rebalanced blocks)? true (rebalancing integrity)
   📊 Block counts: original=1, rebalanced=1
✅ SABV5: Verification PASSED - All checks passed
   ✅ Check 1: r == r' (from rebalanced blocks) - internal consistency verified
   ✅ Check 2: r' (from original blocks) == r (from rebalanced blocks) - rebalancing integrity verified
   ✅ Algorithm integrity: SABV5 + LMTR4 working as designed
   ✅ No fraud detected - blocks are consistent and rebalancing preserved content
[2m2025-11-09T19:03:59.119840Z[0m [32m INFO[0m [1mprove_core[0m: clk = 0 pc = 0x201504
[2m2025-11-09T19:03:59.528472Z[0m [32m INFO[0m [1mprove_core[0m: clk = 0 pc = 0x201504
[2m2025-11-09T19:03:59.724285Z[0m [32m INFO[0m [1mprove_core[0m: clk = 10000000 pc = 0x20885c
[2m2025-11-09T19:04:00.312902Z[0m [32m INFO[0m [1mprove_core[0m: clk = 20000000 pc = 0x205a38
[2m2025-11-09T19:04:00.890003Z[0m [32m INFO[0m [1mprove_core[0m: clk = 30000000 pc = 0x2043d0
[2m2025-11-09T19:04:01.197861Z[0m [32m INFO[0m [1mprove_core[0m: clk = 20000000 pc = 0x205a38
[2m2025-11-09T19:04:01.572546Z[0m [32m INFO[0m [1mprove_core[0m: clk = 40000000 pc = 0x2060cc
[2m2025-11-09T19:04:01.806582Z[0m [32m INFO[0m [1mprove_core[0m: clk = 10000000 pc = 0x20885c
[2m2025-11-09T19:04:02.191019Z[0m [32m INFO[0m [1mprove_core[0m: clk = 50000000 pc = 0x205f04
[2m2025-11-09T19:04:02.965002Z[0m [32m INFO[0m [1mprove_core[0m: clk = 60000000 pc = 0x2011f0
[2m2025-11-09T19:04:03.129335Z[0m [32m INFO[0m [1mprove_core[0m: clk = 40000000 pc = 0x2060cc
[2m2025-11-09T19:04:03.661964Z[0m [32m INFO[0m [1mprove_core[0m: clk = 30000000 pc = 0x2043d0
[2m2025-11-09T19:04:03.724538Z[0m [32m INFO[0m [1mprove_core[0m: clk = 70000000 pc = 0x231250
[2m2025-11-09T19:04:04.329934Z[0m [32m INFO[0m [1mprove_core[0m: clk = 80000000 pc = 0x201234
[2m2025-11-09T19:04:05.051301Z[0m [32m INFO[0m [1mprove_core[0m: clk = 90000000 pc = 0x231254
[2m2025-11-09T19:04:05.999047Z[0m [32m INFO[0m [1mprove_core[0m: clk = 50000000 pc = 0x205f04
[2m2025-11-09T19:04:06.369668Z[0m [32m INFO[0m [1mprove_core[0m:[1mgenerate main traces[0m: close [3mtime.busy[0m[2m=[0m2.49s [3mtime.idle[0m[2m=[0m6.92µs [2m[3mindex[0m[2m=[0m0[0m
[2m2025-11-09T19:04:06.834659Z[0m [32m INFO[0m [1mprove_core[0m: clk = 100000000 pc = 0x2313c8
[2m2025-11-09T19:04:08.273635Z[0m [32m INFO[0m [1mprove_core[0m: clk = 110000000 pc = 0x201238
[2m2025-11-09T19:04:10.454472Z[0m [32m INFO[0m [1mprove_core[0m: clk = 120000000 pc = 0x2013d8
[2m2025-11-09T19:04:12.866128Z[0m [32m INFO[0m [1mprove_core[0m: clk = 130000000 pc = 0x231250
[2m2025-11-09T19:04:14.558123Z[0m [32m INFO[0m [1mprove_core[0m:[1mgenerate main traces[0m: close [3mtime.busy[0m[2m=[0m5.64s [3mtime.idle[0m[2m=[0m10.5µs [2m[3mindex[0m[2m=[0m1[0m
[2m2025-11-09T19:04:14.560967Z[0m [32m INFO[0m [1mprove_core[0m: clk = 140000000 pc = 0x201098
[2m2025-11-09T19:04:15.899617Z[0m [32m INFO[0m [1mprove_core[0m: clk = 150000000 pc = 0x201228
[2m2025-11-09T19:04:17.704244Z[0m [32m INFO[0m [1mprove_core[0m: clk = 160000000 pc = 0x2010e4
[2m2025-11-09T19:04:19.223382Z[0m [32m INFO[0m [1mprove_core[0m: clk = 60000000 pc = 0x2011f0
[2m2025-11-09T19:04:19.627603Z[0m [32m INFO[0m [1mprove_core[0m: clk = 170000000 pc = 0x23124c
[2m2025-11-09T19:04:22.031632Z[0m [32m INFO[0m [1mprove_core[0m: clk = 180000000 pc = 0x2312b4
[2m2025-11-09T19:04:26.120272Z[0m [32m INFO[0m [1mprove_core[0m:[1mgenerate main traces[0m: close [3mtime.busy[0m[2m=[0m4.15s [3mtime.idle[0m[2m=[0m10.8µs [2m[3mindex[0m[2m=[0m2[0m
[2m2025-11-09T19:17:06.118880Z[0m [32m INFO[0m [1mprove_core[0m:[1mgenerate main traces[0m: close [3mtime.busy[0m[2m=[0m5.09s [3mtime.idle[0m[2m=[0m7.05µs [2m[3mindex[0m[2m=[0m3[0m
[2m2025-11-09T19:29:49.514065Z[0m [32m INFO[0m [1mprove_core[0m: clk = 70000000 pc = 0x231250
[2m2025-11-09T19:29:55.617234Z[0m [32m INFO[0m [1mprove_core[0m:[1mgenerate main traces[0m: close [3mtime.busy[0m[2m=[0m5.29s [3mtime.idle[0m[2m=[0m6.69µs [2m[3mindex[0m[2m=[0m4[0m
[2m2025-11-09T19:42:36.681297Z[0m [32m INFO[0m [1mprove_core[0m: clk = 80000000 pc = 0x201234
[2m2025-11-09T19:42:37.148381Z[0m [32m INFO[0m [1mprove_core[0m:[1mgenerate main traces[0m: close [3mtime.busy[0m[2m=[0m4.28s [3mtime.idle[0m[2m=[0m9.82µs [2m[3mindex[0m[2m=[0m5[0m
[2m2025-11-09T19:55:24.137196Z[0m [32m INFO[0m [1mprove_core[0m:[1mgenerate main traces[0m: close [3mtime.busy[0m[2m=[0m4.25s [3mtime.idle[0m[2m=[0m7.34µs [2m[3mindex[0m[2m=[0m6[0m
[2m2025-11-09T20:08:12.899263Z[0m [32m INFO[0m [1mprove_core[0m: clk = 90000000 pc = 0x231254
[2m2025-11-09T20:08:15.889031Z[0m [32m INFO[0m [1mprove_core[0m:[1mgenerate main traces[0m: close [3mtime.busy[0m[2m=[0m2.94s [3mtime.idle[0m[2m=[0m12.8µs [2m[3mindex[0m[2m=[0m7[0m
[2m2025-11-09T20:21:10.114118Z[0m [32m INFO[0m [1mprove_core[0m:[1mgenerate main traces[0m: close [3mtime.busy[0m[2m=[0m3.03s [3mtime.idle[0m[2m=[0m7.33µs [2m[3mindex[0m[2m=[0m8[0m
[2m2025-11-09T20:21:10.531182Z[0m [32m INFO[0m [1mprove_core[0m: clk = 100000000 pc = 0x2313c8
[2m2025-11-09T20:33:54.732198Z[0m [32m INFO[0m [1mprove_core[0m:[1mgenerate main traces[0m: close [3mtime.busy[0m[2m=[0m4.77s [3mtime.idle[0m[2m=[0m7.36µs [2m[3mindex[0m[2m=[0m9[0m
[2m2025-11-09T20:46:37.002307Z[0m [32m INFO[0m [1mprove_core[0m: clk = 110000000 pc = 0x201238
[2m2025-11-09T20:46:40.359041Z[0m [32m INFO[0m [1mprove_core[0m:[1mgenerate main traces[0m: close [3mtime.busy[0m[2m=[0m4.32s [3mtime.idle[0m[2m=[0m10.3µs [2m[3mindex[0m[2m=[0m10[0m
[2m2025-11-09T20:59:35.355752Z[0m [32m INFO[0m [1mprove_core[0m:[1mgenerate main traces[0m: close [3mtime.busy[0m[2m=[0m12.6s [3mtime.idle[0m[2m=[0m6.28µs [2m[3mindex[0m[2m=[0m11[0m
[2m2025-11-09T21:24:52.773991Z[0m [32m INFO[0m [1mprove_core[0m: clk = 120000000 pc = 0x2013d8
[2m2025-11-09T21:25:13.720389Z[0m [32m INFO[0m [1mprove_core[0m:[1mgenerate main traces[0m: close [3mtime.busy[0m[2m=[0m16.1s [3mtime.idle[0m[2m=[0m6.46µs [2m[3mindex[0m[2m=[0m12[0m
[2m2025-11-09T21:53:09.318267Z[0m [32m INFO[0m [1mprove_core[0m: clk = 130000000 pc = 0x231250
[2m2025-11-09T21:53:21.105449Z[0m [32m INFO[0m [1mprove_core[0m:[1mgenerate main traces[0m: close [3mtime.busy[0m[2m=[0m11.9s [3mtime.idle[0m[2m=[0m6.76µs [2m[3mindex[0m[2m=[0m13[0m
[2m2025-11-09T21:57:38.678396Z[0m [32m INFO[0m [1mprove_core[0m:[1mgenerate main traces[0m: close [3mtime.busy[0m[2m=[0m16.1s [3mtime.idle[0m[2m=[0m6.41µs [2m[3mindex[0m[2m=[0m14[0m
[2m2025-11-09T22:25:51.353133Z[0m [32m INFO[0m [1mprove_core[0m: clk = 140000000 pc = 0x201098
[2m2025-11-09T22:26:14.051608Z[0m [32m INFO[0m [1mprove_core[0m:[1mgenerate main traces[0m: close [3mtime.busy[0m[2m=[0m16.9s [3mtime.idle[0m[2m=[0m6.38µs [2m[3mindex[0m[2m=[0m15[0m
[2m2025-11-09T22:42:54.167637Z[0m [32m INFO[0m [1mprove_core[0m: clk = 150000000 pc = 0x201228
[2m2025-11-09T22:43:06.967769Z[0m [32m INFO[0m [1mprove_core[0m:[1mgenerate main traces[0m: close [3mtime.busy[0m[2m=[0m12.6s [3mtime.idle[0m[2m=[0m15.3µs [2m[3mindex[0m[2m=[0m16[0m
[2m2025-11-09T23:00:02.438616Z[0m [32m INFO[0m [1mprove_core[0m:[1mgenerate main traces[0m: close [3mtime.busy[0m[2m=[0m11.7s [3mtime.idle[0m[2m=[0m15.1µs [2m[3mindex[0m[2m=[0m17[0m
[2m2025-11-09T23:03:59.960967Z[0m [32m INFO[0m [1mprove_core[0m: clk = 160000000 pc = 0x2010e4
[2m2025-11-09T23:04:16.629611Z[0m [32m INFO[0m [1mprove_core[0m:[1mgenerate main traces[0m: close [3mtime.busy[0m[2m=[0m13.3s [3mtime.idle[0m[2m=[0m7.41µs [2m[3mindex[0m[2m=[0m18[0m
[2m2025-11-09T23:33:06.238878Z[0m [32m INFO[0m [1mprove_core[0m:[1mgenerate main traces[0m: close [3mtime.busy[0m[2m=[0m13.0s [3mtime.idle[0m[2m=[0m15.1µs [2m[3mindex[0m[2m=[0m19[0m
[2m2025-11-09T23:49:36.997958Z[0m [32m INFO[0m [1mprove_core[0m: clk = 170000000 pc = 0x23124c
[2m2025-11-09T23:49:51.638795Z[0m [32m INFO[0m [1mprove_core[0m:[1mgenerate main traces[0m: close [3mtime.busy[0m[2m=[0m11.9s [3mtime.idle[0m[2m=[0m8.54µs [2m[3mindex[0m[2m=[0m20[0m
[2m2025-11-09T23:53:55.813419Z[0m [32m INFO[0m [1mprove_core[0m: clk = 180000000 pc = 0x2312b4
[2m2025-11-09T23:54:13.781081Z[0m [32m INFO[0m [1mprove_core[0m:[1mgenerate main traces[0m: close [3mtime.busy[0m[2m=[0m15.7s [3mtime.idle[0m[2m=[0m6.36µs [2m[3mindex[0m[2m=[0m21[0m
[2m2025-11-10T00:22:56.376200Z[0m [32m INFO[0m [1mprove_core[0m:[1mgenerate main traces[0m: close [3mtime.busy[0m[2m=[0m17.4s [3mtime.idle[0m[2m=[0m7.65µs [2m[3mindex[0m[2m=[0m22[0m
[2m2025-11-10T00:39:46.369841Z[0m [32m INFO[0m [1mprove_core[0m:[1mgenerate main traces[0m: close [3mtime.busy[0m[2m=[0m11.8s [3mtime.idle[0m[2m=[0m7.08µs [2m[3mindex[0m[2m=[0m23[0m
[2m2025-11-10T00:44:05.178530Z[0m [32m INFO[0m [1mprove_core[0m:[1mgenerate main traces[0m: close [3mtime.busy[0m[2m=[0m14.4s [3mtime.idle[0m[2m=[0m12.2µs [2m[3mindex[0m[2m=[0m24[0m
[2m2025-11-10T01:13:02.281023Z[0m [32m INFO[0m [1mprove_core[0m:[1mgenerate main traces[0m: close [3mtime.busy[0m[2m=[0m16.6s [3mtime.idle[0m[2m=[0m6.84µs [2m[3mindex[0m[2m=[0m25[0m
[2m2025-11-10T01:30:10.360614Z[0m [32m INFO[0m [1mprove_core[0m:[1mgenerate main traces[0m: close [3mtime.busy[0m[2m=[0m17.8s [3mtime.idle[0m[2m=[0m7.47µs [2m[3mindex[0m[2m=[0m26[0m
[2m2025-11-10T01:47:25.086059Z[0m [32m INFO[0m [1mprove_core[0m:[1mgenerate main traces[0m: close [3mtime.busy[0m[2m=[0m12.2s [3mtime.idle[0m[2m=[0m7.47µs [2m[3mindex[0m[2m=[0m27[0m
[2m2025-11-10T01:52:05.128344Z[0m [32m INFO[0m [1mprove_core[0m:[1mgenerate main traces[0m: close [3mtime.busy[0m[2m=[0m25.4s [3mtime.idle[0m[2m=[0m7.51µs [2m[3mindex[0m[2m=[0m28[0m
[2m2025-11-10T02:25:12.000607Z[0m [33m WARN[0m [1mprove_core[0m: High cycle count detected (180M cycles). For better performance, consider using the Succinct Prover Network: https://docs.succinct.xyz/docs/sp1/generating-proofs/prover-network
[2m2025-11-10T02:25:12.333594Z[0m [32m INFO[0m [1mprove_core[0m: close [3mtime.busy[0m[2m=[0m26465s [3mtime.idle[0m[2m=[0m7.87s
[2m2025-11-10T09:44:36.041960Z[0m [32m INFO[0m [1mcompress[0m: close [3mtime.busy[0m[2m=[0m26355s [3mtime.idle[0m[2m=[0m8.39s
[2m2025-11-10T09:45:24.150676Z[0m [32m INFO[0m [1mshrink[0m:[1mprove_shards[0m: close [3mtime.busy[0m[2m=[0m40.2s [3mtime.idle[0m[2m=[0m11.8µs
[2m2025-11-10T09:45:24.402753Z[0m [32m INFO[0m [1mshrink[0m: close [3mtime.busy[0m[2m=[0m47.6s [3mtime.idle[0m[2m=[0m9.13µs
[2m2025-11-10T09:55:40.032273Z[0m [32m INFO[0m [1mwrap_bn254[0m:[1mprove_shards[0m: close [3mtime.busy[0m[2m=[0m435s [3mtime.idle[0m[2m=[0m22.3µs
[2m2025-11-10T09:55:40.293996Z[0m [32m INFO[0m [1mwrap_bn254[0m:[1mverify[0m: close [3mtime.busy[0m[2m=[0m261ms [3mtime.idle[0m[2m=[0m9.62µs
[2m2025-11-10T09:55:40.614101Z[0m [32m INFO[0m [1mwrap_bn254[0m: close [3mtime.busy[0m[2m=[0m616s [3mtime.idle[0m[2m=[0m6.18µs
[sp1] plonk circuit artifacts already seem to exist at /home/ubuntu/.sp1/circuits/plonk/v5.0.0. if you want to re-download them, delete the directory
[2m2025-11-10T09:55:40.948362Z[0m [32m INFO[0m [1mwrap_plonk_bn254[0m: Running prove in docker
[2m2025-11-10T10:11:51.050222Z[0m [32m INFO[0m [1mwrap_plonk_bn254[0m: Running verify in docker
[2m2025-11-10T10:11:51.712407Z[0m [32m INFO[0m [1mwrap_plonk_bn254[0m: close [3mtime.busy[0m[2m=[0m971s [3mtime.idle[0m[2m=[0m5.93µs
	Command being timed: "cargo run --release -p pessimistic-proof-test-suite --bin ppgen_sabv_lmtr5 -- --n-exits 500 --validator-nodes 5 --proof-dir /home/ubuntu/thanhhuyen/proofs/v5_n10_100_500/n500"
	User time (seconds): 706873.37
	System time (seconds): 21475.60
	Percent of CPU this job got: 1336%
	Elapsed (wall clock) time (h:mm:ss or m:ss): 15:08:14
	Average shared text size (kbytes): 0
	Average unshared data size (kbytes): 0
	Average stack size (kbytes): 0
	Average total size (kbytes): 0
	Maximum resident set size (kbytes): 62388752
	Average resident set size (kbytes): 0
	Major (requiring I/O) page faults: 130361
	Minor (reclaiming a frame) page faults: 1599344772
	Voluntary context switches: 25980065
	Involuntary context switches: 17759121
	Swaps: 0
	File system inputs: 3106472
	File system outputs: 79632
	Socket messages sent: 0
	Socket messages received: 0
	Signals delivered: 0
	Page size (bytes): 4096
	Exit status: 0
