[BASELINE] Running N=1 with malicious data
[BASELINE] Running N=10 with malicious data
[BASELINE] Running N=20 with malicious data
[BASELINE] Running N=50 with malicious data
[BASELINE] Running N=1 with malicious data
[BASELINE] Running N=10 with malicious data
[BASELINE] Running N=20 with malicious data
[BASELINE] Running N=50 with malicious data
[BASELINE] Running N=1 with malicious data
[BASELINE] Running N=10 with malicious data
[BASELINE] Running N=20 with malicious data
[BASELINE] Running N=50 with malicious data
[BASELINE] Running N=1 with malicious data
[BASELINE] Starting N=1 at Wed Oct 22 12:22:41 PM UTC 2025
[BASELINE] Completed N=1 at Wed Oct 22 01:45:39 PM UTC 2025
[BASELINE] Running N=10 with malicious data
[BASELINE] Starting N=10 at Wed Oct 22 01:45:39 PM UTC 2025
[BASELINE] Completed N=10 at Wed Oct 22 03:31:16 PM UTC 2025
[BASELINE] Running N=20 with malicious data
[BASELINE] Starting N=20 at Wed Oct 22 03:31:16 PM UTC 2025
[BASELINE] Completed N=20 at Wed Oct 22 05:45:54 PM UTC 2025
[BASELINE] Running N=50 with malicious data
[BASELINE] Starting N=50 at Wed Oct 22 05:45:54 PM UTC 2025
[BASELINE] Completed N=50 at Wed Oct 22 10:11:22 PM UTC 2025
[BASELINE] Running N=1 with malicious data
[BASELINE] Starting N=1 at Thu Oct 23 12:13:50 PM UTC 2025
[BASELINE] Running N=1 with malicious data
[BASELINE] Starting N=1 at Thu Oct 23 01:13:18 PM UTC 2025
[BASELINE] Running N=1 with malicious data
[BASELINE] Starting N=1 at Thu Oct 23 01:20:08 PM UTC 2025
[BASELINE] Running N=1 with malicious data
[BASELINE] Starting N=1 at Thu Oct 23 01:29:54 PM UTC 2025
[BASELINE] Running N=1 with malicious data
[BASELINE] Starting N=1 at Thu Oct 23 01:36:28 PM UTC 2025
[BASELINE] Running N=1 with malicious data
[BASELINE] Starting N=1 at Thu Oct 23 01:37:26 PM UTC 2025
[BASELINE] Completed N=1 at Thu Oct 23 02:39:14 PM UTC 2025
[BASELINE] Running N=10 with malicious data
[BASELINE] Starting N=10 at Thu Oct 23 02:39:14 PM UTC 2025
[BASELINE] Running N=1 with malicious data
[BASELINE] Starting N=1 at Thu Oct 23 03:29:58 PM UTC 2025
[BASELINE] Running N=1 with malicious data
[BASELINE] Starting N=1 at Thu Oct 23 04:16:20 PM UTC 2025
[BASELINE] Running N=1 with malicious data
[BASELINE] Starting N=1 at Thu Oct 23 04:18:39 PM UTC 2025
[BASELINE] Running N=1 with malicious data
[BASELINE] Starting N=1 at Thu Oct 23 04:47:14 PM UTC 2025
[BASELINE] Running N=1 with malicious data
[BASELINE] Starting N=1 at Thu Oct 23 04:54:26 PM UTC 2025
[BASELINE] Completed N=1 at Thu Oct 23 05:56:33 PM UTC 2025
[BASELINE] Running N=10 with malicious data
[BASELINE] Starting N=10 at Thu Oct 23 05:56:33 PM UTC 2025
[BASELINE] Completed N=10 at Thu Oct 23 07:48:25 PM UTC 2025
[BASELINE] Running N=20 with malicious data
[BASELINE] Starting N=20 at Thu Oct 23 07:48:25 PM UTC 2025
[BASELINE] Completed N=20 at Thu Oct 23 10:00:59 PM UTC 2025
[BASELINE] Running N=50 with malicious data
[BASELINE] Starting N=50 at Thu Oct 23 10:00:59 PM UTC 2025
[BASELINE] Completed N=50 at Fri Oct 24 01:44:32 AM UTC 2025
[BASELINE] Running N=70 with malicious data
[BASELINE] Starting N=70 at Fri Oct 24 01:44:32 AM UTC 2025
[BASELINE] Completed N=70 at Fri Oct 24 06:36:53 AM UTC 2025
[BASELINE] Running N=200 with malicious data
[BASELINE] Starting N=200 at Fri Oct 24 06:36:53 AM UTC 2025
[BASELINE] Completed N=200 at Fri Oct 24 06:37:23 AM UTC 2025
[BASELINE] Running N=400 with malicious data
[BASELINE] Starting N=400 at Fri Oct 24 06:37:23 AM UTC 2025
[BASELINE] Completed N=400 at Fri Oct 24 06:37:50 AM UTC 2025
[BASELINE] Running N=700 with malicious data
[BASELINE] Starting N=700 at Fri Oct 24 06:37:50 AM UTC 2025
[BASELINE] Completed N=700 at Fri Oct 24 06:37:57 AM UTC 2025
